Copyright 1986-2021 Xilinx, Inc. All Rights Reserved.
----------------------------------------------------------------------------------------------------------------------------------------------------------------------------------------------------------------------------------------------------------------------------------------------------------------------------------------------------------------------------------------------------------------------------
| Tool Version : Vivado v.2021.2 (lin64) Build 3367213 Tue Oct 19 02:47:39 MDT 2021
| Date         : Thu Nov 14 08:57:47 2024
| Host         : hacc-gpu0 running 64-bit Ubuntu 20.04.6 LTS
| Command      : report_accelerator_utilization -kernels { krnl_vaddmul:pfm_top_i/dynamic_region/krnl_vaddmul_1/inst:krnl_vaddmul_1 krnl_vaddmul:pfm_top_i/dynamic_region/krnl_vaddmul_2/inst:krnl_vaddmul_2 krnl_vaddmul:pfm_top_i/dynamic_region/krnl_vaddmul_3/inst:krnl_vaddmul_3 krnl_vaddmul:pfm_top_i/dynamic_region/krnl_vaddmul_4/inst:krnl_vaddmul_4} -file kernel_util_routed.rpt -name kernel_util_routed -json
| Design       : pfm_top_wrapper
| Device       : xcu280
| Design State : Routed
----------------------------------------------------------------------------------------------------------------------------------------------------------------------------------------------------------------------------------------------------------------------------------------------------------------------------------------------------------------------------------------------------------------------------

Accelerator Utilization Design Information

Table of Contents
-----------------
1. System Utilization

1. System Utilization
---------------------

+---------------------+-------------------+------------------+-------------------+----------------+---------------+----------------+
| Name                | LUT               | LUTAsMem         | REG               | BRAM           | URAM          | DSP            |
+---------------------+-------------------+------------------+-------------------+----------------+---------------+----------------+
| Platform            |  137301 [ 10.54%] |  26262 [  4.37%] |  210697 [  8.08%] |  204 [ 10.12%] |   0 [  0.00%] |    4 [  0.04%] |
| User Budget         | 1165419 [100.00%] | 574218 [100.00%] | 2396663 [100.00%] | 1812 [100.00%] | 960 [100.00%] | 9020 [100.00%] |
|    Used Resources   |  210685 [ 18.08%] |  10857 [  1.89%] |  292765 [ 12.22%] |  244 [ 13.47%] |   0 [  0.00%] |   36 [  0.40%] |
|    Unused Resources |  954734 [ 81.92%] | 563361 [ 98.11%] | 2103898 [ 87.78%] | 1568 [ 86.53%] | 960 [100.00%] | 8984 [ 99.60%] |
| krnl_vaddmul        |  210685 [ 18.08%] |  10857 [  1.89%] |  292765 [ 12.22%] |  244 [ 13.47%] |   0 [  0.00%] |   36 [  0.40%] |
|    krnl_vaddmul_1   |   52517 [  4.51%] |   2715 [  0.47%] |   73168 [  3.05%] |   61 [  3.37%] |   0 [  0.00%] |    9 [  0.10%] |
|    krnl_vaddmul_2   |   52552 [  4.51%] |   2715 [  0.47%] |   73195 [  3.05%] |   61 [  3.37%] |   0 [  0.00%] |    9 [  0.10%] |
|    krnl_vaddmul_3   |   52967 [  4.54%] |   2712 [  0.47%] |   73185 [  3.05%] |   61 [  3.37%] |   0 [  0.00%] |    9 [  0.10%] |
|    krnl_vaddmul_4   |   52649 [  4.52%] |   2715 [  0.47%] |   73217 [  3.05%] |   61 [  3.37%] |   0 [  0.00%] |    9 [  0.10%] |
+---------------------+-------------------+------------------+-------------------+----------------+---------------+----------------+


