Copyright 1986-2021 Xilinx, Inc. All Rights Reserved.
---------------------------------------------------------------------------------------------------------------------------------------------------------------------------------------------------------------------------------------------------------------------------------------------------------------------------------------------------
| Tool Version : Vivado v.2021.2 (lin64) Build 3367213 Tue Oct 19 02:47:39 MDT 2021
| Date         : Tue Nov  5 01:20:37 2024
| Host         : hacc-gpu0 running 64-bit Ubuntu 20.04.6 LTS
| Command      : report_accelerator_utilization -kernels { krnl_vaddmul:pfm_top_i/dynamic_region/krnl_vaddmul_1/inst:krnl_vaddmul_1 krnl_vaddmul:pfm_top_i/dynamic_region/krnl_vaddmul_2/inst:krnl_vaddmul_2 krnl_vaddmul:pfm_top_i/dynamic_region/krnl_vaddmul_3/inst:krnl_vaddmul_3} -file kernel_util_routed.rpt -name kernel_util_routed -json
| Design       : pfm_top_wrapper
| Device       : xcu280
| Design State : Routed
---------------------------------------------------------------------------------------------------------------------------------------------------------------------------------------------------------------------------------------------------------------------------------------------------------------------------------------------------

Accelerator Utilization Design Information

Table of Contents
-----------------
1. System Utilization

1. System Utilization
---------------------

+---------------------+-------------------+------------------+-------------------+----------------+---------------+----------------+
| Name                | LUT               | LUTAsMem         | REG               | BRAM           | URAM          | DSP            |
+---------------------+-------------------+------------------+-------------------+----------------+---------------+----------------+
| Platform            |  124679 [  9.57%] |  18988 [  3.16%] |  182929 [  7.02%] |  204 [ 10.12%] |   0 [  0.00%] |    4 [  0.04%] |
| User Budget         | 1178041 [100.00%] | 581492 [100.00%] | 2424431 [100.00%] | 1812 [100.00%] | 960 [100.00%] | 9020 [100.00%] |
|    Used Resources   |   23706 [  2.01%] |   9327 [  1.60%] |   36696 [  1.51%] |   60 [  3.31%] |   0 [  0.00%] |   24 [  0.27%] |
|    Unused Resources | 1154335 [ 97.99%] | 572165 [ 98.40%] | 2387735 [ 98.49%] | 1752 [ 96.69%] | 960 [100.00%] | 8996 [ 99.73%] |
| krnl_vaddmul        |   23706 [  2.01%] |   9327 [  1.60%] |   36696 [  1.51%] |   60 [  3.31%] |   0 [  0.00%] |   24 [  0.27%] |
|    krnl_vaddmul_1   |    7898 [  0.67%] |   3109 [  0.53%] |   12207 [  0.50%] |   20 [  1.10%] |   0 [  0.00%] |    8 [  0.09%] |
|    krnl_vaddmul_2   |    7891 [  0.67%] |   3109 [  0.53%] |   12255 [  0.51%] |   20 [  1.10%] |   0 [  0.00%] |    8 [  0.09%] |
|    krnl_vaddmul_3   |    7917 [  0.67%] |   3109 [  0.53%] |   12234 [  0.50%] |   20 [  1.10%] |   0 [  0.00%] |    8 [  0.09%] |
+---------------------+-------------------+------------------+-------------------+----------------+---------------+----------------+


