Copyright 1986-2021 Xilinx, Inc. All Rights Reserved.
-----------------------------------------------------------------------------------------------------------------------------------------------------------------------------------------------------------------------------------------------------------------------------------------------------------------------------------------------------
| Tool Version : Vivado v.2021.2 (lin64) Build 3367213 Tue Oct 19 02:47:39 MDT 2021
| Date         : Wed Nov  6 05:45:18 2024
| Host         : hacc-gpu0 running 64-bit Ubuntu 20.04.6 LTS
| Command      : report_accelerator_utilization -kernels { krnl_vaddmul:pfm_top_i/dynamic_region/krnl_vaddmul_1/inst:krnl_vaddmul_1 krnl_vaddmul:pfm_top_i/dynamic_region/krnl_vaddmul_2/inst:krnl_vaddmul_2 krnl_vaddmul:pfm_top_i/dynamic_region/krnl_vaddmul_3/inst:krnl_vaddmul_3} -file kernel_util_synthed.rpt -name kernel_util_synthed -json
| Design       : pfm_top_wrapper
| Device       : xcu280
| Design State : Synthesized
-----------------------------------------------------------------------------------------------------------------------------------------------------------------------------------------------------------------------------------------------------------------------------------------------------------------------------------------------------

Accelerator Utilization Design Information

Table of Contents
-----------------
1. System Utilization

1. System Utilization
---------------------

+---------------------+-------------------+------------------+-------------------+----------------+---------------+----------------+
| Name                | LUT               | LUTAsMem         | REG               | BRAM           | URAM          | DSP            |
+---------------------+-------------------+------------------+-------------------+----------------+---------------+----------------+
| Platform            |  136389 [ 10.47%] |  16546 [  2.76%] |  187940 [  7.21%] |  204 [ 10.12%] |   0 [  0.00%] |    4 [  0.04%] |
| User Budget         | 1166331 [100.00%] | 583934 [100.00%] | 2419420 [100.00%] | 1812 [100.00%] | 960 [100.00%] | 9020 [100.00%] |
|    Used Resources   |   20361 [  1.75%] |   4686 [  0.80%] |   29952 [  1.24%] |   24 [  1.32%] |   0 [  0.00%] |   60 [  0.67%] |
|    Unused Resources | 1145970 [ 98.25%] | 579248 [ 99.20%] | 2389468 [ 98.76%] | 1788 [ 98.68%] | 960 [100.00%] | 8960 [ 99.33%] |
| krnl_vaddmul        |   20361 [  1.75%] |   4686 [  0.80%] |   29952 [  1.24%] |   24 [  1.32%] |   0 [  0.00%] |   60 [  0.67%] |
|    krnl_vaddmul_1   |    6787 [  0.58%] |   1562 [  0.27%] |    9984 [  0.41%] |    8 [  0.44%] |   0 [  0.00%] |   20 [  0.22%] |
|    krnl_vaddmul_2   |    6787 [  0.58%] |   1562 [  0.27%] |    9984 [  0.41%] |    8 [  0.44%] |   0 [  0.00%] |   20 [  0.22%] |
|    krnl_vaddmul_3   |    6787 [  0.58%] |   1562 [  0.27%] |    9984 [  0.41%] |    8 [  0.44%] |   0 [  0.00%] |   20 [  0.22%] |
+---------------------+-------------------+------------------+-------------------+----------------+---------------+----------------+


