Copyright 1986-2021 Xilinx, Inc. All Rights Reserved.
------------------------------------------------------------------------------------------------------------------------------------------------------------------------------------
| Tool Version : Vivado v.2021.2 (lin64) Build 3367213 Tue Oct 19 02:47:39 MDT 2021
| Date         : Tue Dec 10 17:07:09 2024
| Host         : hacc-gpu0 running 64-bit Ubuntu 20.04.6 LTS
| Command      : report_accelerator_utilization -kernels { overlay:pfm_top_i/dynamic_region/overlay_1/inst:overlay_1} -file kernel_util_synthed.rpt -name kernel_util_synthed -json
| Design       : pfm_top_wrapper
| Device       : xcu280
| Design State : Synthesized
------------------------------------------------------------------------------------------------------------------------------------------------------------------------------------

Accelerator Utilization Design Information

Table of Contents
-----------------
1. System Utilization

1. System Utilization
---------------------

+---------------------+-------------------+------------------+-------------------+----------------+---------------+----------------+
| Name                | LUT               | LUTAsMem         | REG               | BRAM           | URAM          | DSP            |
+---------------------+-------------------+------------------+-------------------+----------------+---------------+----------------+
| Platform            |  177341 [ 13.61%] |  24318 [  4.05%] |  254310 [  9.75%] |  303 [ 15.03%] |   0 [  0.00%] |    7 [  0.08%] |
| User Budget         | 1125379 [100.00%] | 576162 [100.00%] | 2353050 [100.00%] | 1713 [100.00%] | 960 [100.00%] | 9017 [100.00%] |
|    Used Resources   |   95584 [  8.49%] |  28379 [  4.93%] |   98375 [  4.18%] | 1328 [ 77.52%] | 945 [ 98.44%] |  135 [  1.50%] |
|    Unused Resources | 1029795 [ 91.51%] | 547783 [ 95.07%] | 2254675 [ 95.82%] |  385 [ 22.48%] |  15 [  1.56%] | 8882 [ 98.50%] |
| overlay             |   95584 [  8.49%] |  28379 [  4.93%] |   98375 [  4.18%] | 1328 [ 77.52%] | 945 [ 98.44%] |  135 [  1.50%] |
|    overlay_1        |   95584 [  8.49%] |  28379 [  4.93%] |   98375 [  4.18%] | 1328 [ 77.52%] | 945 [ 98.44%] |  135 [  1.50%] |
+---------------------+-------------------+------------------+-------------------+----------------+---------------+----------------+


