Copyright 1986-2021 Xilinx, Inc. All Rights Reserved.
-------------------------------------------------------------------------------------------------------------------------------------------------------------------------------------------------------------------------------------------------------------------------------------------------------------------------------------------------------------------------------------------------------------------------------------------------------------------------------------------------------
| Tool Version : Vivado v.2021.2 (lin64) Build 3367213 Tue Oct 19 02:47:39 MDT 2021
| Date         : Tue Nov 19 23:51:41 2024
| Host         : hacc-gpu0 running 64-bit Ubuntu 20.04.6 LTS
| Command      : report_accelerator_utilization -kernels { krnl_vaddmul:pfm_top_i/dynamic_region/krnl_vaddmul_1/inst:krnl_vaddmul_1 krnl_vaddmul:pfm_top_i/dynamic_region/krnl_vaddmul_2/inst:krnl_vaddmul_2 krnl_vaddmul:pfm_top_i/dynamic_region/krnl_vaddmul_3/inst:krnl_vaddmul_3 krnl_vaddmul:pfm_top_i/dynamic_region/krnl_vaddmul_4/inst:krnl_vaddmul_4 krnl_vaddmul:pfm_top_i/dynamic_region/krnl_vaddmul_5/inst:krnl_vaddmul_5} -file kernel_util_synthed.rpt -name kernel_util_synthed -json
| Design       : pfm_top_wrapper
| Device       : xcu280
| Design State : Synthesized
-------------------------------------------------------------------------------------------------------------------------------------------------------------------------------------------------------------------------------------------------------------------------------------------------------------------------------------------------------------------------------------------------------------------------------------------------------------------------------------------------------

Accelerator Utilization Design Information

Table of Contents
-----------------
1. System Utilization

1. System Utilization
---------------------

+---------------------+-------------------+------------------+-------------------+----------------+---------------+----------------+
| Name                | LUT               | LUTAsMem         | REG               | BRAM           | URAM          | DSP            |
+---------------------+-------------------+------------------+-------------------+----------------+---------------+----------------+
| Platform            |  149324 [ 11.46%] |  22477 [  3.74%] |  209922 [  8.05%] |  204 [ 10.12%] |   0 [  0.00%] |    4 [  0.04%] |
| User Budget         | 1153396 [100.00%] | 578003 [100.00%] | 2397438 [100.00%] | 1812 [100.00%] | 960 [100.00%] | 9020 [100.00%] |
|    Used Resources   |   32390 [  2.81%] |  10060 [  1.74%] |   66770 [  2.79%] |  115 [  6.35%] |   0 [  0.00%] |  260 [  2.88%] |
|    Unused Resources | 1121006 [ 97.19%] | 567943 [ 98.26%] | 2330668 [ 97.21%] | 1697 [ 93.65%] | 960 [100.00%] | 8760 [ 97.12%] |
| krnl_vaddmul        |   32390 [  2.81%] |  10060 [  1.74%] |   66770 [  2.79%] |  115 [  6.35%] |   0 [  0.00%] |  260 [  2.88%] |
|    krnl_vaddmul_1   |    6478 [  0.56%] |   2012 [  0.35%] |   13354 [  0.56%] |   23 [  1.27%] |   0 [  0.00%] |   52 [  0.58%] |
|    krnl_vaddmul_2   |    6478 [  0.56%] |   2012 [  0.35%] |   13354 [  0.56%] |   23 [  1.27%] |   0 [  0.00%] |   52 [  0.58%] |
|    krnl_vaddmul_3   |    6478 [  0.56%] |   2012 [  0.35%] |   13354 [  0.56%] |   23 [  1.27%] |   0 [  0.00%] |   52 [  0.58%] |
|    krnl_vaddmul_4   |    6478 [  0.56%] |   2012 [  0.35%] |   13354 [  0.56%] |   23 [  1.27%] |   0 [  0.00%] |   52 [  0.58%] |
|    krnl_vaddmul_5   |    6478 [  0.56%] |   2012 [  0.35%] |   13354 [  0.56%] |   23 [  1.27%] |   0 [  0.00%] |   52 [  0.58%] |
+---------------------+-------------------+------------------+-------------------+----------------+---------------+----------------+


