Copyright 1986-2021 Xilinx, Inc. All Rights Reserved.
------------------------------------------------------------------------------------------
| Tool Version : Vivado v.2021.2 (lin64) Build 3367213 Tue Oct 19 02:47:39 MDT 2021
| Date         : Sun Dec 15 04:54:37 2024
| Host         : hacc-gpu0 running 64-bit Ubuntu 20.04.6 LTS
| Command      : report_utilization -slr -file slr_util_placed.rpt -pb slr_util_placed.pb
| Design       : pfm_top_wrapper
| Device       : xcu280-fsvh2892-2L-e
| Speed File   : -2L
| Design State : Fully Placed
------------------------------------------------------------------------------------------

Utilization Design Information

Table of Contents
-----------------
1. SLR Connectivity
2. SLR Connectivity Matrix
3. SLR CLB Logic and Dedicated Block Utilization
4. SLR IO Utilization

1. SLR Connectivity
-------------------

+----------------------------------+-------+-------+-----------+-------+
|                                  |  Used | Fixed | Available | Util% |
+----------------------------------+-------+-------+-----------+-------+
| SLR2 <-> SLR1                    |  7242 |       |     23040 | 31.43 |
|   SLR1 -> SLR2                   |  3986 |       |           | 17.30 |
|     Using TX_REG only            |     1 |     1 |           |       |
|     Using RX_REG only            |    18 |    18 |           |       |
|     Using Both TX_REG and RX_REG |   267 |     1 |           |       |
|   SLR2 -> SLR1                   |  3256 |       |           | 14.13 |
|     Using TX_REG only            |     0 |     0 |           |       |
|     Using RX_REG only            |     4 |     4 |           |       |
|     Using Both TX_REG and RX_REG |   407 |     0 |           |       |
| SLR1 <-> SLR0                    |  8441 |       |     23040 | 36.64 |
|   SLR0 -> SLR1                   |  4392 |       |           | 19.06 |
|     Using TX_REG only            |    71 |    71 |           |       |
|     Using RX_REG only            |    61 |    61 |           |       |
|     Using Both TX_REG and RX_REG |   422 |    55 |           |       |
|   SLR1 -> SLR0                   |  4049 |       |           | 17.57 |
|     Using TX_REG only            |    62 |    62 |           |       |
|     Using RX_REG only            |    72 |    71 |           |       |
|     Using Both TX_REG and RX_REG |   439 |    60 |           |       |
+----------------------------------+-------+-------+-----------+-------+
| Total SLLs Used                  | 15683 |       |           |       |
+----------------------------------+-------+-------+-----------+-------+


2. SLR Connectivity Matrix
--------------------------

+-----------+------+------+------+
| FROM \ TO | SLR2 | SLR1 | SLR0 |
+-----------+------+------+------+
| SLR2      |    0 | 2925 |  331 |
| SLR1      | 3725 |    0 | 3718 |
| SLR0      |  261 | 4131 |    0 |
+-----------+------+------+------+


3. SLR CLB Logic and Dedicated Block Utilization
------------------------------------------------

+----------------------------+--------+--------+-------+--------+--------+--------+
|          Site Type         |  SLR0  |  SLR1  |  SLR2 | SLR0 % | SLR1 % | SLR2 % |
+----------------------------+--------+--------+-------+--------+--------+--------+
| CLB                        |  28912 |  26863 | 12429 |  52.61 |  49.75 |  23.02 |
|   CLBL                     |  15073 |  13964 |  6673 |  51.48 |  47.69 |  22.79 |
|   CLBM                     |  13839 |  12899 |  5756 |  53.89 |  52.18 |  23.28 |
| CLB LUTs                   | 110891 | 132010 | 52424 |  25.22 |  30.56 |  12.14 |
|   LUT as Logic             |  86447 | 102452 | 45943 |  19.66 |  23.72 |  10.63 |
|     using O5 output only   |   1932 |    831 |  1289 |   0.44 |   0.19 |   0.30 |
|     using O6 output only   |  56128 |  77558 | 27838 |  12.77 |  17.95 |   6.44 |
|     using O5 and O6        |  28387 |  24063 | 16816 |   6.46 |   5.57 |   3.89 |
|   LUT as Memory            |  24444 |  29558 |  6481 |  11.90 |  14.95 |   3.28 |
|     LUT as Distributed RAM |   8384 |   5377 |  3654 |   4.08 |   2.72 |   1.85 |
|       using O5 output only |      0 |      0 |     0 |   0.00 |   0.00 |   0.00 |
|       using O6 output only |    104 |    731 |    90 |   0.05 |   0.37 |   0.05 |
|       using O5 and O6      |   8280 |   4646 |  3564 |   4.03 |   2.35 |   1.80 |
|     LUT as Shift Register  |  16060 |  24181 |  2827 |   7.82 |  12.23 |   1.43 |
|       using O5 output only |      0 |      0 |     0 |   0.00 |   0.00 |   0.00 |
|       using O6 output only |  12869 |  21610 |  2665 |   6.26 |  10.93 |   1.35 |
|       using O5 and O6      |   3191 |   2571 |   162 |   1.55 |   1.30 |   0.08 |
| CLB Registers              | 166237 | 141883 | 86281 |  18.90 |  16.42 |   9.99 |
| CARRY8                     |   1559 |   2618 |   471 |   2.84 |   4.85 |   0.87 |
| F7 Muxes                   |   9250 |  13833 |  1123 |   4.21 |   6.40 |   0.52 |
| F8 Muxes                   |    109 |    142 |    47 |   0.10 |   0.13 |   0.04 |
| F9 Muxes                   |      0 |      0 |     0 |   0.00 |   0.00 |   0.00 |
| Block RAM Tile             |    595 |    584 |   590 |  88.54 |  86.90 |  87.80 |
|   RAMB36/FIFO              |    576 |    578 |   588 |  85.71 |  86.01 |  87.50 |
|     RAMB36E2 only          |    576 |    578 |   588 |  85.71 |  86.01 |  87.50 |
|   RAMB18                   |     38 |     12 |     4 |   2.83 |   0.89 |   0.30 |
|     RAMB18E2 only          |     38 |     12 |     4 |   2.83 |   0.89 |   0.30 |
| URAM                       |    320 |    320 |   320 | 100.00 | 100.00 | 100.00 |
| DSPs                       |     67 |    151 |     8 |   2.33 |   4.92 |   0.26 |
| Unique Control Sets        |   4303 |   3141 |  3138 |   3.91 |   2.91 |   2.91 |
+----------------------------+--------+--------+-------+--------+--------+--------+
* Note: Available Control Sets based on CLB Registers / 8


4. SLR IO Utilization
---------------------

+-----------+-----------+---------+------------+----------+------------+----------+-----+
| SLR Index | Used IOBs | (%)IOBs | Used IPADs | (%)IPADs | Used OPADs | (%)OPADs | GTs |
+-----------+-----------+---------+------------+----------+------------+----------+-----+
| SLR2      |        18 |    8.65 |          0 |     0.00 |          0 |     0.00 |   0 |
| SLR1      |         0 |    0.00 |          0 |     0.00 |          0 |     0.00 |   0 |
| SLR0      |       140 |   67.31 |          0 |     0.00 |          0 |     0.00 |  16 |
+-----------+-----------+---------+------------+----------+------------+----------+-----+
| Total     |       158 |         |          0 |          |          0 |          |  16 |
+-----------+-----------+---------+------------+----------+------------+----------+-----+


