Copyright 1986-2021 Xilinx, Inc. All Rights Reserved.
------------------------------------------------------------------------------------------
| Tool Version : Vivado v.2021.2 (lin64) Build 3367213 Tue Oct 19 02:47:39 MDT 2021
| Date         : Wed Nov 27 08:24:24 2024
| Host         : hacc-gpu0 running 64-bit Ubuntu 20.04.6 LTS
| Command      : report_utilization -slr -file slr_util_routed.rpt -pb slr_util_routed.pb
| Design       : pfm_top_wrapper
| Device       : xcu280-fsvh2892-2L-e
| Speed File   : -2L
| Design State : Routed
------------------------------------------------------------------------------------------

Utilization Design Information

Table of Contents
-----------------
1. SLR Connectivity
2. SLR Connectivity Matrix
3. SLR CLB Logic and Dedicated Block Utilization
4. SLR IO Utilization

1. SLR Connectivity
-------------------

+----------------------------------+-------+-------+-----------+-------+
|                                  |  Used | Fixed | Available | Util% |
+----------------------------------+-------+-------+-----------+-------+
| SLR2 <-> SLR1                    |  8426 |       |     23040 | 36.57 |
|   SLR1 -> SLR2                   |  4000 |       |           | 17.36 |
|     Using TX_REG only            |  1855 |     1 |           |       |
|     Using RX_REG only            |  1872 |    18 |           |       |
|     Using Both TX_REG and RX_REG |  1855 |     1 |           |       |
|   SLR2 -> SLR1                   |  4426 |       |           | 19.21 |
|     Using TX_REG only            |  2659 |     0 |           |       |
|     Using RX_REG only            |  2664 |     4 |           |       |
|     Using Both TX_REG and RX_REG |  2659 |     0 |           |       |
| SLR1 <-> SLR0                    | 11500 |       |     23040 | 49.91 |
|   SLR0 -> SLR1                   |  4945 |       |           | 21.46 |
|     Using TX_REG only            |  3539 |    71 |           |       |
|     Using RX_REG only            |  3529 |    61 |           |       |
|     Using Both TX_REG and RX_REG |  3523 |    55 |           |       |
|   SLR1 -> SLR0                   |  6555 |       |           | 28.45 |
|     Using TX_REG only            |  4937 |    62 |           |       |
|     Using RX_REG only            |  4949 |    71 |           |       |
|     Using Both TX_REG and RX_REG |  4935 |    60 |           |       |
+----------------------------------+-------+-------+-----------+-------+
| Total SLLs Used                  | 19926 |       |           |       |
+----------------------------------+-------+-------+-----------+-------+


2. SLR Connectivity Matrix
--------------------------

+-----------+------+------+------+
| FROM \ TO | SLR2 | SLR1 | SLR0 |
+-----------+------+------+------+
| SLR2      |    0 | 4268 |  158 |
| SLR1      | 3864 |    0 | 6397 |
| SLR0      |  136 | 4809 |    0 |
+-----------+------+------+------+


3. SLR CLB Logic and Dedicated Block Utilization
------------------------------------------------

+----------------------------+--------+--------+--------+--------+--------+--------+
|          Site Type         |  SLR0  |  SLR1  |  SLR2  | SLR0 % | SLR1 % | SLR2 % |
+----------------------------+--------+--------+--------+--------+--------+--------+
| CLB                        |  44042 |  51342 |  52098 |  80.13 |  95.08 |  96.48 |
|   CLBL                     |  23141 |  27639 |  28070 |  79.03 |  94.40 |  95.87 |
|   CLBM                     |  20901 |  23703 |  24028 |  81.39 |  95.89 |  97.20 |
| CLB LUTs                   | 192479 | 285933 | 272258 |  43.78 |  66.19 |  63.02 |
|   LUT as Logic             | 144867 | 224761 | 210471 |  32.95 |  52.03 |  48.72 |
|     using O5 output only   |   1566 |   1527 |   2321 |   0.36 |   0.35 |   0.54 |
|     using O6 output only   |  93626 | 152783 | 133269 |  21.29 |  35.37 |  30.85 |
|     using O5 and O6        |  49675 |  70451 |  74881 |  11.30 |  16.31 |  17.33 |
|   LUT as Memory            |  47612 |  61172 |  61787 |  23.18 |  30.93 |  31.24 |
|     LUT as Distributed RAM |   4440 |   8133 |   5956 |   2.16 |   4.11 |   3.01 |
|       using O5 output only |      0 |      0 |      0 |   0.00 |   0.00 |   0.00 |
|       using O6 output only |     96 |    239 |    108 |   0.05 |   0.12 |   0.05 |
|       using O5 and O6      |   4344 |   7894 |   5848 |   2.11 |   3.99 |   2.96 |
|     LUT as Shift Register  |  43172 |  53039 |  55831 |  21.01 |  26.82 |  28.23 |
|       using O5 output only |      0 |      5 |      0 |   0.00 |  <0.01 |   0.00 |
|       using O6 output only |  38893 |  48162 |  50823 |  18.93 |  24.35 |  25.70 |
|       using O5 and O6      |   4279 |   4872 |   5008 |   2.08 |   2.46 |   2.53 |
| CLB Registers              | 284592 | 367685 | 364028 |  32.36 |  42.56 |  42.13 |
| CARRY8                     |   4825 |   7017 |   6857 |   8.78 |  12.99 |  12.70 |
| F7 Muxes                   |  19137 |  25242 |  27199 |   8.70 |  11.69 |  12.59 |
| F8 Muxes                   |     16 |    141 |     47 |   0.01 |   0.13 |   0.04 |
| F9 Muxes                   |      0 |      0 |      0 |   0.00 |   0.00 |   0.00 |
| Block RAM Tile             |  321.5 |  471.5 |    475 |  47.84 |  70.16 |  70.68 |
|   RAMB36/FIFO              |    318 |    468 |    470 |  47.32 |  69.64 |  69.94 |
|     RAMB36E2 only          |    318 |    468 |    470 |  47.32 |  69.64 |  69.94 |
|   RAMB18                   |      7 |      7 |     10 |   0.52 |   0.52 |   0.74 |
|     RAMB18E2 only          |      7 |      7 |     10 |   0.52 |   0.52 |   0.74 |
| URAM                       |     64 |     96 |     96 |  20.00 |  30.00 |  30.00 |
| DSPs                       |    620 |    930 |    934 |  21.53 |  30.27 |  30.40 |
| Unique Control Sets        |   5918 |   7007 |   7153 |   5.38 |   6.49 |   6.62 |
+----------------------------+--------+--------+--------+--------+--------+--------+
* Note: Available Control Sets based on CLB Registers / 8


4. SLR IO Utilization
---------------------

+-----------+-----------+---------+------------+----------+------------+----------+-----+
| SLR Index | Used IOBs | (%)IOBs | Used IPADs | (%)IPADs | Used OPADs | (%)OPADs | GTs |
+-----------+-----------+---------+------------+----------+------------+----------+-----+
| SLR2      |        18 |    8.65 |          0 |     0.00 |          0 |     0.00 |   0 |
| SLR1      |         0 |    0.00 |          0 |     0.00 |          0 |     0.00 |   0 |
| SLR0      |         1 |    0.48 |          0 |     0.00 |          0 |     0.00 |  16 |
+-----------+-----------+---------+------------+----------+------------+----------+-----+
| Total     |        19 |         |          0 |          |          0 |          |  16 |
+-----------+-----------+---------+------------+----------+------------+----------+-----+


