Copyright 1986-2021 Xilinx, Inc. All Rights Reserved.
------------------------------------------------------------------------------------------
| Tool Version : Vivado v.2021.2 (lin64) Build 3367213 Tue Oct 19 02:47:39 MDT 2021
| Date         : Mon Dec 23 04:10:49 2024
| Host         : hacc-gpu0 running 64-bit Ubuntu 20.04.6 LTS
| Command      : report_utilization -slr -file slr_util_placed.rpt -pb slr_util_placed.pb
| Design       : pfm_top_wrapper
| Device       : xcu280-fsvh2892-2L-e
| Speed File   : -2L
| Design State : Fully Placed
------------------------------------------------------------------------------------------

Utilization Design Information

Table of Contents
-----------------
1. SLR Connectivity
2. SLR Connectivity Matrix
3. SLR CLB Logic and Dedicated Block Utilization
4. SLR IO Utilization

1. SLR Connectivity
-------------------

+----------------------------------+-------+-------+-----------+-------+
|                                  |  Used | Fixed | Available | Util% |
+----------------------------------+-------+-------+-----------+-------+
| SLR2 <-> SLR1                    |  7820 |       |     23040 | 33.94 |
|   SLR1 -> SLR2                   |  4402 |       |           | 19.11 |
|     Using TX_REG only            |     1 |     1 |           |       |
|     Using RX_REG only            |    18 |    18 |           |       |
|     Using Both TX_REG and RX_REG |   267 |     1 |           |       |
|   SLR2 -> SLR1                   |  3418 |       |           | 14.84 |
|     Using TX_REG only            |     0 |     0 |           |       |
|     Using RX_REG only            |     4 |     4 |           |       |
|     Using Both TX_REG and RX_REG |   407 |     0 |           |       |
| SLR1 <-> SLR0                    |  8397 |       |     23040 | 36.45 |
|   SLR0 -> SLR1                   |  5173 |       |           | 22.45 |
|     Using TX_REG only            |    71 |    71 |           |       |
|     Using RX_REG only            |    61 |    61 |           |       |
|     Using Both TX_REG and RX_REG |   357 |    55 |           |       |
|   SLR1 -> SLR0                   |  3224 |       |           | 13.99 |
|     Using TX_REG only            |    62 |    62 |           |       |
|     Using RX_REG only            |    72 |    71 |           |       |
|     Using Both TX_REG and RX_REG |   455 |    60 |           |       |
+----------------------------------+-------+-------+-----------+-------+
| Total SLLs Used                  | 16217 |       |           |       |
+----------------------------------+-------+-------+-----------+-------+


2. SLR Connectivity Matrix
--------------------------

+-----------+------+------+------+
| FROM \ TO | SLR2 | SLR1 | SLR0 |
+-----------+------+------+------+
| SLR2      |    0 | 3080 |  338 |
| SLR1      | 4045 |    0 | 2886 |
| SLR0      |  357 | 4816 |    0 |
+-----------+------+------+------+


3. SLR CLB Logic and Dedicated Block Utilization
------------------------------------------------

+----------------------------+--------+--------+-------+--------+--------+--------+
|          Site Type         |  SLR0  |  SLR1  |  SLR2 | SLR0 % | SLR1 % | SLR2 % |
+----------------------------+--------+--------+-------+--------+--------+--------+
| CLB                        |  27794 |  25828 | 13876 |  50.57 |  47.83 |  25.70 |
|   CLBL                     |  14278 |  13449 |  7529 |  48.76 |  45.93 |  25.71 |
|   CLBM                     |  13516 |  12379 |  6347 |  52.63 |  50.08 |  25.68 |
| CLB LUTs                   | 111318 | 125966 | 60208 |  25.32 |  29.16 |  13.94 |
|   LUT as Logic             |  86977 |  97615 | 51105 |  19.78 |  22.60 |  11.83 |
|     using O5 output only   |   2015 |    670 |  1317 |   0.46 |   0.16 |   0.30 |
|     using O6 output only   |  57270 |  73231 | 31667 |  13.03 |  16.95 |   7.33 |
|     using O5 and O6        |  27692 |  23714 | 18121 |   6.30 |   5.49 |   4.19 |
|   LUT as Memory            |  24341 |  28351 |  9103 |  11.85 |  14.34 |   4.60 |
|     LUT as Distributed RAM |   8896 |   4561 |  3958 |   4.33 |   2.31 |   2.00 |
|       using O5 output only |      0 |      0 |     0 |   0.00 |   0.00 |   0.00 |
|       using O6 output only |    616 |    219 |    90 |   0.30 |   0.11 |   0.05 |
|       using O5 and O6      |   8280 |   4342 |  3868 |   4.03 |   2.20 |   1.96 |
|     LUT as Shift Register  |  15445 |  23790 |  5145 |   7.52 |  12.03 |   2.60 |
|       using O5 output only |      0 |      0 |     0 |   0.00 |   0.00 |   0.00 |
|       using O6 output only |  12987 |  20854 |  4647 |   6.32 |  10.55 |   2.35 |
|       using O5 and O6      |   2458 |   2936 |   498 |   1.20 |   1.48 |   0.25 |
| CLB Registers              | 167052 | 133594 | 94537 |  19.00 |  15.46 |  10.94 |
| CARRY8                     |   2200 |   1832 |   616 |   4.00 |   3.39 |   1.14 |
| F7 Muxes                   |   7675 |  14958 |  2405 |   3.49 |   6.93 |   1.11 |
| F8 Muxes                   |    110 |    141 |    47 |   0.10 |   0.13 |   0.04 |
| F9 Muxes                   |      0 |      0 |     0 |   0.00 |   0.00 |   0.00 |
| Block RAM Tile             |  565.5 |  597.5 |   622 |  84.15 |  88.91 |  92.56 |
|   RAMB36/FIFO              |    559 |    595 |   620 |  83.18 |  88.54 |  92.26 |
|     RAMB36E2 only          |    559 |    595 |   620 |  83.18 |  88.54 |  92.26 |
|   RAMB18                   |     13 |      5 |     4 |   0.97 |   0.37 |   0.30 |
|     RAMB18E2 only          |     13 |      5 |     4 |   0.97 |   0.37 |   0.30 |
| URAM                       |    320 |    320 |   320 | 100.00 | 100.00 | 100.00 |
| DSPs                       |     66 |    120 |    40 |   2.29 |   3.91 |   1.30 |
| Unique Control Sets        |   4578 |   2711 |  3272 |   4.16 |   2.51 |   3.03 |
+----------------------------+--------+--------+-------+--------+--------+--------+
* Note: Available Control Sets based on CLB Registers / 8


4. SLR IO Utilization
---------------------

+-----------+-----------+---------+------------+----------+------------+----------+-----+
| SLR Index | Used IOBs | (%)IOBs | Used IPADs | (%)IPADs | Used OPADs | (%)OPADs | GTs |
+-----------+-----------+---------+------------+----------+------------+----------+-----+
| SLR2      |        18 |    8.65 |          0 |     0.00 |          0 |     0.00 |   0 |
| SLR1      |         0 |    0.00 |          0 |     0.00 |          0 |     0.00 |   0 |
| SLR0      |       140 |   67.31 |          0 |     0.00 |          0 |     0.00 |  16 |
+-----------+-----------+---------+------------+----------+------------+----------+-----+
| Total     |       158 |         |          0 |          |          0 |          |  16 |
+-----------+-----------+---------+------------+----------+------------+----------+-----+


