Copyright 1986-2021 Xilinx, Inc. All Rights Reserved.
----------------------------------------------------------------------------------------------------------------------------------------------------------------------------------------------------------------------------------------------------------------------------------------------------------------------------------------------------------------------------------------------------------------------------
| Tool Version : Vivado v.2021.2 (lin64) Build 3367213 Tue Oct 19 02:47:39 MDT 2021
| Date         : Tue Nov 12 08:20:50 2024
| Host         : hacc-gpu0 running 64-bit Ubuntu 20.04.6 LTS
| Command      : report_accelerator_utilization -kernels { krnl_vaddmul:pfm_top_i/dynamic_region/krnl_vaddmul_1/inst:krnl_vaddmul_1 krnl_vaddmul:pfm_top_i/dynamic_region/krnl_vaddmul_2/inst:krnl_vaddmul_2 krnl_vaddmul:pfm_top_i/dynamic_region/krnl_vaddmul_3/inst:krnl_vaddmul_3 krnl_vaddmul:pfm_top_i/dynamic_region/krnl_vaddmul_4/inst:krnl_vaddmul_4} -file kernel_util_routed.rpt -name kernel_util_routed -json
| Design       : pfm_top_wrapper
| Device       : xcu280
| Design State : Routed
----------------------------------------------------------------------------------------------------------------------------------------------------------------------------------------------------------------------------------------------------------------------------------------------------------------------------------------------------------------------------------------------------------------------------

Accelerator Utilization Design Information

Table of Contents
-----------------
1. System Utilization

1. System Utilization
---------------------

+---------------------+-------------------+------------------+-------------------+----------------+---------------+----------------+
| Name                | LUT               | LUTAsMem         | REG               | BRAM           | URAM          | DSP            |
+---------------------+-------------------+------------------+-------------------+----------------+---------------+----------------+
| Platform            |  109034 [  8.37%] |  12596 [  2.10%] |  159964 [  6.14%] |  202 [ 10.02%] |   0 [  0.00%] |    4 [  0.04%] |
| User Budget         | 1193686 [100.00%] | 587884 [100.00%] | 2447396 [100.00%] | 1814 [100.00%] | 960 [100.00%] | 9020 [100.00%] |
|    Used Resources   |   18574 [  1.56%] |   4228 [  0.72%] |   29852 [  1.22%] |   28 [  1.54%] |   0 [  0.00%] |   64 [  0.71%] |
|    Unused Resources | 1175112 [ 98.44%] | 583656 [ 99.28%] | 2417544 [ 98.78%] | 1786 [ 98.46%] | 960 [100.00%] | 8956 [ 99.29%] |
| krnl_vaddmul        |   18574 [  1.56%] |   4228 [  0.72%] |   29852 [  1.22%] |   28 [  1.54%] |   0 [  0.00%] |   64 [  0.71%] |
|    krnl_vaddmul_1   |    4651 [  0.39%] |   1057 [  0.18%] |    7464 [  0.30%] |    7 [  0.39%] |   0 [  0.00%] |   16 [  0.18%] |
|    krnl_vaddmul_2   |    4642 [  0.39%] |   1057 [  0.18%] |    7464 [  0.30%] |    7 [  0.39%] |   0 [  0.00%] |   16 [  0.18%] |
|    krnl_vaddmul_3   |    4642 [  0.39%] |   1057 [  0.18%] |    7451 [  0.30%] |    7 [  0.39%] |   0 [  0.00%] |   16 [  0.18%] |
|    krnl_vaddmul_4   |    4639 [  0.39%] |   1057 [  0.18%] |    7473 [  0.31%] |    7 [  0.39%] |   0 [  0.00%] |   16 [  0.18%] |
+---------------------+-------------------+------------------+-------------------+----------------+---------------+----------------+


