Copyright 1986-2021 Xilinx, Inc. All Rights Reserved.
---------------------------------------------------------------------------------------------------------------------------------------------------------------------------------------------------------------------------------------------------------------------------------------------------------------------------------------------------
| Tool Version : Vivado v.2021.2 (lin64) Build 3367213 Tue Oct 19 02:47:39 MDT 2021
| Date         : Tue Nov  5 02:18:46 2024
| Host         : hacc-gpu0 running 64-bit Ubuntu 20.04.6 LTS
| Command      : report_accelerator_utilization -kernels { krnl_vaddmul:pfm_top_i/dynamic_region/krnl_vaddmul_1/inst:krnl_vaddmul_1 krnl_vaddmul:pfm_top_i/dynamic_region/krnl_vaddmul_2/inst:krnl_vaddmul_2 krnl_vaddmul:pfm_top_i/dynamic_region/krnl_vaddmul_3/inst:krnl_vaddmul_3} -file kernel_util_placed.rpt -name kernel_util_placed -json
| Design       : pfm_top_wrapper
| Device       : xcu280
| Design State : Fully Placed
---------------------------------------------------------------------------------------------------------------------------------------------------------------------------------------------------------------------------------------------------------------------------------------------------------------------------------------------------

Accelerator Utilization Design Information

Table of Contents
-----------------
1. System Utilization

1. System Utilization
---------------------

+---------------------+-------------------+------------------+-------------------+----------------+---------------+----------------+
| Name                | LUT               | LUTAsMem         | REG               | BRAM           | URAM          | DSP            |
+---------------------+-------------------+------------------+-------------------+----------------+---------------+----------------+
| Platform            |  121735 [  9.34%] |  16042 [  2.67%] |  181016 [  6.94%] |  204 [ 10.12%] |   0 [  0.00%] |    4 [  0.04%] |
| User Budget         | 1180985 [100.00%] | 584438 [100.00%] | 2426344 [100.00%] | 1812 [100.00%] | 960 [100.00%] | 9020 [100.00%] |
|    Used Resources   |   39125 [  3.31%] |   4440 [  0.76%] |   54998 [  2.27%] |   93 [  5.13%] |   0 [  0.00%] |   24 [  0.27%] |
|    Unused Resources | 1141860 [ 96.69%] | 579998 [ 99.24%] | 2371346 [ 97.73%] | 1719 [ 94.87%] | 960 [100.00%] | 8996 [ 99.73%] |
| krnl_vaddmul        |   39125 [  3.31%] |   4440 [  0.76%] |   54998 [  2.27%] |   93 [  5.13%] |   0 [  0.00%] |   24 [  0.27%] |
|    krnl_vaddmul_1   |   13020 [  1.10%] |   1480 [  0.25%] |   18340 [  0.76%] |   31 [  1.71%] |   0 [  0.00%] |    8 [  0.09%] |
|    krnl_vaddmul_2   |   13013 [  1.10%] |   1480 [  0.25%] |   18323 [  0.76%] |   31 [  1.71%] |   0 [  0.00%] |    8 [  0.09%] |
|    krnl_vaddmul_3   |   13092 [  1.11%] |   1480 [  0.25%] |   18335 [  0.76%] |   31 [  1.71%] |   0 [  0.00%] |    8 [  0.09%] |
+---------------------+-------------------+------------------+-------------------+----------------+---------------+----------------+


