Copyright 1986-2021 Xilinx, Inc. All Rights Reserved.
----------------------------------------------------------------------------------------------------------------------------------------------------------------------------------------------------------------------------------------------------------------------------------------------------------------------------------------------------------------------------------------------------------------------------------------------------------------------------------------------------------------------------------------------------------------------------------------------------------------------------------------------------------------------------------------------------------------------------------
| Tool Version : Vivado v.2021.2 (lin64) Build 3367213 Tue Oct 19 02:47:39 MDT 2021
| Date         : Sun Oct 20 22:39:22 2024
| Host         : hacc-gpu0 running 64-bit Ubuntu 20.04.6 LTS
| Command      : report_accelerator_utilization -kernels { krnl_vaddmul:pfm_top_i/dynamic_region/krnl_vaddmul_1/inst:krnl_vaddmul_1 krnl_vaddmul:pfm_top_i/dynamic_region/krnl_vaddmul_2/inst:krnl_vaddmul_2 krnl_vaddmul:pfm_top_i/dynamic_region/krnl_vaddmul_3/inst:krnl_vaddmul_3 krnl_vaddmul:pfm_top_i/dynamic_region/krnl_vaddmul_4/inst:krnl_vaddmul_4 krnl_vaddmul:pfm_top_i/dynamic_region/krnl_vaddmul_5/inst:krnl_vaddmul_5 krnl_vaddmul:pfm_top_i/dynamic_region/krnl_vaddmul_6/inst:krnl_vaddmul_6 krnl_vaddmul:pfm_top_i/dynamic_region/krnl_vaddmul_7/inst:krnl_vaddmul_7 krnl_vaddmul:pfm_top_i/dynamic_region/krnl_vaddmul_8/inst:krnl_vaddmul_8} -file kernel_util_synthed.rpt -name kernel_util_synthed -json
| Design       : pfm_top_wrapper
| Device       : xcu280
| Design State : Synthesized
----------------------------------------------------------------------------------------------------------------------------------------------------------------------------------------------------------------------------------------------------------------------------------------------------------------------------------------------------------------------------------------------------------------------------------------------------------------------------------------------------------------------------------------------------------------------------------------------------------------------------------------------------------------------------------------------------------------------------------

Accelerator Utilization Design Information

Table of Contents
-----------------
1. System Utilization

1. System Utilization
---------------------

+---------------------+-------------------+------------------+-------------------+----------------+---------------+----------------+
| Name                | LUT               | LUTAsMem         | REG               | BRAM           | URAM          | DSP            |
+---------------------+-------------------+------------------+-------------------+----------------+---------------+----------------+
| Platform            |  222057 [ 17.05%] |  60468 [ 10.07%] |  359957 [ 13.81%] |  204 [ 10.12%] |   0 [  0.00%] |    4 [  0.04%] |
| User Budget         | 1080663 [100.00%] | 540012 [100.00%] | 2247403 [100.00%] | 1812 [100.00%] | 960 [100.00%] | 9020 [100.00%] |
|    Used Resources   |   95192 [  8.81%] |  50416 [  9.34%] |  120616 [  5.37%] |  256 [ 14.13%] |   0 [  0.00%] |  224 [  2.48%] |
|    Unused Resources |  985471 [ 91.19%] | 489596 [ 90.66%] | 2126787 [ 94.63%] | 1556 [ 85.87%] | 960 [100.00%] | 8796 [ 97.52%] |
| krnl_vaddmul        |   95192 [  8.81%] |  50416 [  9.34%] |  120616 [  5.37%] |  256 [ 14.13%] |   0 [  0.00%] |  224 [  2.48%] |
|    krnl_vaddmul_1   |   11899 [  1.10%] |   6302 [  1.17%] |   15077 [  0.67%] |   32 [  1.77%] |   0 [  0.00%] |   28 [  0.31%] |
|    krnl_vaddmul_2   |   11899 [  1.10%] |   6302 [  1.17%] |   15077 [  0.67%] |   32 [  1.77%] |   0 [  0.00%] |   28 [  0.31%] |
|    krnl_vaddmul_3   |   11899 [  1.10%] |   6302 [  1.17%] |   15077 [  0.67%] |   32 [  1.77%] |   0 [  0.00%] |   28 [  0.31%] |
|    krnl_vaddmul_4   |   11899 [  1.10%] |   6302 [  1.17%] |   15077 [  0.67%] |   32 [  1.77%] |   0 [  0.00%] |   28 [  0.31%] |
|    krnl_vaddmul_5   |   11899 [  1.10%] |   6302 [  1.17%] |   15077 [  0.67%] |   32 [  1.77%] |   0 [  0.00%] |   28 [  0.31%] |
|    krnl_vaddmul_6   |   11899 [  1.10%] |   6302 [  1.17%] |   15077 [  0.67%] |   32 [  1.77%] |   0 [  0.00%] |   28 [  0.31%] |
|    krnl_vaddmul_7   |   11899 [  1.10%] |   6302 [  1.17%] |   15077 [  0.67%] |   32 [  1.77%] |   0 [  0.00%] |   28 [  0.31%] |
|    krnl_vaddmul_8   |   11899 [  1.10%] |   6302 [  1.17%] |   15077 [  0.67%] |   32 [  1.77%] |   0 [  0.00%] |   28 [  0.31%] |
+---------------------+-------------------+------------------+-------------------+----------------+---------------+----------------+


