Copyright 1986-2021 Xilinx, Inc. All Rights Reserved.
-----------------------------------------------------------------------------------------------------------------------------------------------------------------------------------------------------------------------------------------------------------------------------------------------------------------------------------------------------
| Tool Version : Vivado v.2021.2 (lin64) Build 3367213 Tue Oct 19 02:47:39 MDT 2021
| Date         : Wed Nov  6 11:03:44 2024
| Host         : hacc-gpu0 running 64-bit Ubuntu 20.04.6 LTS
| Command      : report_accelerator_utilization -kernels { krnl_vaddmul:pfm_top_i/dynamic_region/krnl_vaddmul_1/inst:krnl_vaddmul_1 krnl_vaddmul:pfm_top_i/dynamic_region/krnl_vaddmul_2/inst:krnl_vaddmul_2 krnl_vaddmul:pfm_top_i/dynamic_region/krnl_vaddmul_3/inst:krnl_vaddmul_3} -file kernel_util_synthed.rpt -name kernel_util_synthed -json
| Design       : pfm_top_wrapper
| Device       : xcu280
| Design State : Synthesized
-----------------------------------------------------------------------------------------------------------------------------------------------------------------------------------------------------------------------------------------------------------------------------------------------------------------------------------------------------

Accelerator Utilization Design Information

Table of Contents
-----------------
1. System Utilization

1. System Utilization
---------------------

+---------------------+-------------------+------------------+-------------------+----------------+---------------+----------------+
| Name                | LUT               | LUTAsMem         | REG               | BRAM           | URAM          | DSP            |
+---------------------+-------------------+------------------+-------------------+----------------+---------------+----------------+
| Platform            |  142101 [ 10.91%] |  20110 [  3.35%] |  197540 [  7.58%] |  204 [ 10.12%] |   0 [  0.00%] |    4 [  0.04%] |
| User Budget         | 1160619 [100.00%] | 580370 [100.00%] | 2409820 [100.00%] | 1812 [100.00%] | 960 [100.00%] | 9020 [100.00%] |
|    Used Resources   |   51906 [  4.47%] |   9177 [  1.58%] |   68775 [  2.85%] |   93 [  5.13%] |   0 [  0.00%] |   84 [  0.93%] |
|    Unused Resources | 1108713 [ 95.53%] | 571193 [ 98.42%] | 2341045 [ 97.15%] | 1719 [ 94.87%] | 960 [100.00%] | 8936 [ 99.07%] |
| krnl_vaddmul        |   51906 [  4.47%] |   9177 [  1.58%] |   68775 [  2.85%] |   93 [  5.13%] |   0 [  0.00%] |   84 [  0.93%] |
|    krnl_vaddmul_1   |   17302 [  1.49%] |   3059 [  0.53%] |   22925 [  0.95%] |   31 [  1.71%] |   0 [  0.00%] |   28 [  0.31%] |
|    krnl_vaddmul_2   |   17302 [  1.49%] |   3059 [  0.53%] |   22925 [  0.95%] |   31 [  1.71%] |   0 [  0.00%] |   28 [  0.31%] |
|    krnl_vaddmul_3   |   17302 [  1.49%] |   3059 [  0.53%] |   22925 [  0.95%] |   31 [  1.71%] |   0 [  0.00%] |   28 [  0.31%] |
+---------------------+-------------------+------------------+-------------------+----------------+---------------+----------------+


