Copyright 1986-2021 Xilinx, Inc. All Rights Reserved.
----------------------------------------------------------------------------------------------------------------------------------------------------------------------------------------
| Tool Version : Vivado v.2021.2 (lin64) Build 3367213 Tue Oct 19 02:47:39 MDT 2021
| Date         : Wed Nov 20 08:38:09 2024
| Host         : hacc-gpu0 running 64-bit Ubuntu 20.04.6 LTS
| Command      : report_accelerator_utilization -kernels { krnl_vadd:pfm_top_i/dynamic_region/krnl_vadd_1/inst:krnl_vadd_1} -file kernel_util_routed.rpt -name kernel_util_routed -json
| Design       : pfm_top_wrapper
| Device       : xcu280
| Design State : Routed
----------------------------------------------------------------------------------------------------------------------------------------------------------------------------------------

Accelerator Utilization Design Information

Table of Contents
-----------------
1. System Utilization

1. System Utilization
---------------------

+---------------------+-------------------+------------------+-------------------+----------------+---------------+----------------+
| Name                | LUT               | LUTAsMem         | REG               | BRAM           | URAM          | DSP            |
+---------------------+-------------------+------------------+-------------------+----------------+---------------+----------------+
| Platform            |  102866 [  7.90%] |   9952 [  1.66%] |  150257 [  5.76%] |  202 [ 10.02%] |   0 [  0.00%] |    4 [  0.04%] |
| User Budget         | 1199854 [100.00%] | 590528 [100.00%] | 2457103 [100.00%] | 1814 [100.00%] | 960 [100.00%] | 9020 [100.00%] |
|    Used Resources   |    6023 [  0.50%] |   1058 [  0.18%] |   10407 [  0.42%] |   12 [  0.66%] |   0 [  0.00%] |    4 [  0.04%] |
|    Unused Resources | 1193831 [ 99.50%] | 589470 [ 99.82%] | 2446696 [ 99.58%] | 1802 [ 99.34%] | 960 [100.00%] | 9016 [ 99.96%] |
| krnl_vadd           |    6023 [  0.50%] |   1058 [  0.18%] |   10407 [  0.42%] |   12 [  0.66%] |   0 [  0.00%] |    4 [  0.04%] |
|    krnl_vadd_1      |    6023 [  0.50%] |   1058 [  0.18%] |   10407 [  0.42%] |   12 [  0.66%] |   0 [  0.00%] |    4 [  0.04%] |
+---------------------+-------------------+------------------+-------------------+----------------+---------------+----------------+


