Copyright 1986-2021 Xilinx, Inc. All Rights Reserved.
----------------------------------------------------------------------------------------------------------------------------------------------------------------------------------------------------------------------------------------------------------------------------------------------------------------------------------------------------------------------------------------------------------------------------
| Tool Version : Vivado v.2021.2 (lin64) Build 3367213 Tue Oct 19 02:47:39 MDT 2021
| Date         : Sun Nov 10 22:11:28 2024
| Host         : hacc-gpu0 running 64-bit Ubuntu 20.04.6 LTS
| Command      : report_accelerator_utilization -kernels { krnl_vaddmul:pfm_top_i/dynamic_region/krnl_vaddmul_1/inst:krnl_vaddmul_1 krnl_vaddmul:pfm_top_i/dynamic_region/krnl_vaddmul_2/inst:krnl_vaddmul_2 krnl_vaddmul:pfm_top_i/dynamic_region/krnl_vaddmul_3/inst:krnl_vaddmul_3 krnl_vaddmul:pfm_top_i/dynamic_region/krnl_vaddmul_4/inst:krnl_vaddmul_4} -file kernel_util_placed.rpt -name kernel_util_placed -json
| Design       : pfm_top_wrapper
| Device       : xcu280
| Design State : Fully Placed
----------------------------------------------------------------------------------------------------------------------------------------------------------------------------------------------------------------------------------------------------------------------------------------------------------------------------------------------------------------------------------------------------------------------------

Accelerator Utilization Design Information

Table of Contents
-----------------
1. System Utilization

1. System Utilization
---------------------

+---------------------+-------------------+------------------+-------------------+----------------+---------------+----------------+
| Name                | LUT               | LUTAsMem         | REG               | BRAM           | URAM          | DSP            |
+---------------------+-------------------+------------------+-------------------+----------------+---------------+----------------+
| Platform            |  133928 [ 10.28%] |  22990 [  3.83%] |  199120 [  7.64%] |  204 [ 10.12%] |   0 [  0.00%] |    4 [  0.04%] |
| User Budget         | 1168792 [100.00%] | 577490 [100.00%] | 2408240 [100.00%] | 1812 [100.00%] | 960 [100.00%] | 9020 [100.00%] |
|    Used Resources   |   33959 [  2.91%] |  12436 [  2.15%] |   56287 [  2.34%] |  128 [  7.06%] |   0 [  0.00%] |  140 [  1.55%] |
|    Unused Resources | 1134833 [ 97.09%] | 565054 [ 97.85%] | 2351953 [ 97.66%] | 1684 [ 92.94%] | 960 [100.00%] | 8880 [ 98.45%] |
| krnl_vaddmul        |   33959 [  2.91%] |  12436 [  2.15%] |   56287 [  2.34%] |  128 [  7.06%] |   0 [  0.00%] |  140 [  1.55%] |
|    krnl_vaddmul_1   |    8495 [  0.73%] |   3109 [  0.54%] |   14070 [  0.58%] |   32 [  1.77%] |   0 [  0.00%] |   35 [  0.39%] |
|    krnl_vaddmul_2   |    8492 [  0.73%] |   3109 [  0.54%] |   14237 [  0.59%] |   32 [  1.77%] |   0 [  0.00%] |   35 [  0.39%] |
|    krnl_vaddmul_3   |    8480 [  0.73%] |   3109 [  0.54%] |   13979 [  0.58%] |   32 [  1.77%] |   0 [  0.00%] |   35 [  0.39%] |
|    krnl_vaddmul_4   |    8492 [  0.73%] |   3109 [  0.54%] |   14001 [  0.58%] |   32 [  1.77%] |   0 [  0.00%] |   35 [  0.39%] |
+---------------------+-------------------+------------------+-------------------+----------------+---------------+----------------+


