Copyright 1986-2021 Xilinx, Inc. All Rights Reserved.
----------------------------------------------------------------------------------------------------------------------------------------------------------------------------------------------------------------------------------------------------------------------------------------------------------------------------------------------------------------------------------------------------------------------------------------------------------------------------------------------------------------------------
| Tool Version : Vivado v.2021.2 (lin64) Build 3367213 Tue Oct 19 02:47:39 MDT 2021
| Date         : Thu Dec  5 00:41:35 2024
| Host         : hacc-gpu0 running 64-bit Ubuntu 20.04.6 LTS
| Command      : report_accelerator_utilization -kernels { spmv_result_drain:pfm_top_i/dynamic_region/RD/inst:RD spmv_sk0:pfm_top_i/dynamic_region/SK0/inst:SK0 spmv_sk1:pfm_top_i/dynamic_region/SK1/inst:SK1 spmv_sk2:pfm_top_i/dynamic_region/SK2/inst:SK2 spmv_vector_loader:pfm_top_i/dynamic_region/VL/inst:VL k2k_relay:pfm_top_i/dynamic_region/relay_SK2_rout/inst:relay_SK2_rout k2k_relay:pfm_top_i/dynamic_region/relay_SK2_vin/inst:relay_SK2_vin} -file kernel_util_placed.rpt -name kernel_util_placed -json
| Design       : pfm_top_wrapper
| Device       : xcu280
| Design State : Fully Placed
----------------------------------------------------------------------------------------------------------------------------------------------------------------------------------------------------------------------------------------------------------------------------------------------------------------------------------------------------------------------------------------------------------------------------------------------------------------------------------------------------------------------------

Accelerator Utilization Design Information

Table of Contents
-----------------
1. System Utilization

1. System Utilization
---------------------

+---------------------+-------------------+------------------+-------------------+----------------+---------------+----------------+
| Name                | LUT               | LUTAsMem         | REG               | BRAM           | URAM          | DSP            |
+---------------------+-------------------+------------------+-------------------+----------------+---------------+----------------+
| Platform            |  150972 [ 11.59%] |  32690 [  5.44%] |  281707 [ 10.80%] |  244 [ 12.10%] |   0 [  0.00%] |    4 [  0.04%] |
| User Budget         | 1151748 [100.00%] | 567790 [100.00%] | 2325653 [100.00%] | 1772 [100.00%] | 960 [100.00%] | 9020 [100.00%] |
|    Used Resources   |  656767 [ 57.02%] | 138166 [ 24.33%] |  808895 [ 34.78%] | 1024 [ 57.79%] | 256 [ 26.67%] | 2480 [ 27.49%] |
|    Unused Resources |  494981 [ 42.98%] | 429624 [ 75.67%] | 1516758 [ 65.22%] |  748 [ 42.21%] | 704 [ 73.33%] | 6540 [ 72.51%] |
| k2k_relay           |     744 [  0.06%] |      0 [  0.00%] |    2998 [  0.13%] |    0 [  0.00%] |   0 [  0.00%] |    0 [  0.00%] |
|    relay_SK2_rout   |     374 [  0.03%] |      0 [  0.00%] |    1500 [  0.06%] |    0 [  0.00%] |   0 [  0.00%] |    0 [  0.00%] |
|    relay_SK2_vin    |     370 [  0.03%] |      0 [  0.00%] |    1498 [  0.06%] |    0 [  0.00%] |   0 [  0.00%] |    0 [  0.00%] |
| spmv_result_drain   |    2016 [  0.18%] |    412 [  0.07%] |    4510 [  0.19%] |    4 [  0.23%] |   0 [  0.00%] |    0 [  0.00%] |
|    RD               |    2016 [  0.18%] |    412 [  0.07%] |    4510 [  0.19%] |    4 [  0.23%] |   0 [  0.00%] |    0 [  0.00%] |
| spmv_sk0            |  164484 [ 14.28%] |  34248 [  6.03%] |  199587 [  8.58%] |  254 [ 14.33%] |  64 [  6.67%] |  620 [  6.87%] |
|    SK0              |  164484 [ 14.28%] |  34248 [  6.03%] |  199587 [  8.58%] |  254 [ 14.33%] |  64 [  6.67%] |  620 [  6.87%] |
| spmv_sk1            |  243701 [ 21.16%] |  51372 [  9.05%] |  298357 [ 12.83%] |  381 [ 21.50%] |  96 [ 10.00%] |  930 [ 10.31%] |
|    SK1              |  243701 [ 21.16%] |  51372 [  9.05%] |  298357 [ 12.83%] |  381 [ 21.50%] |  96 [ 10.00%] |  930 [ 10.31%] |
| spmv_sk2            |  243326 [ 21.13%] |  51372 [  9.05%] |  298023 [ 12.81%] |  381 [ 21.50%] |  96 [ 10.00%] |  930 [ 10.31%] |
|    SK2              |  243326 [ 21.13%] |  51372 [  9.05%] |  298023 [ 12.81%] |  381 [ 21.50%] |  96 [ 10.00%] |  930 [ 10.31%] |
| spmv_vector_loader  |    2496 [  0.22%] |    762 [  0.13%] |    5420 [  0.23%] |    4 [  0.23%] |   0 [  0.00%] |    0 [  0.00%] |
|    VL               |    2496 [  0.22%] |    762 [  0.13%] |    5420 [  0.23%] |    4 [  0.23%] |   0 [  0.00%] |    0 [  0.00%] |
+---------------------+-------------------+------------------+-------------------+----------------+---------------+----------------+


