Copyright 1986-2021 Xilinx, Inc. All Rights Reserved.
-----------------------------------------------------------------------------------------------------------------------------------------------------------------------------------------------------------------------------------------------------------------------------------------------------------------------------------------------------------------------------------------------------------------------------------------------------------------------------------------------------
| Tool Version : Vivado v.2021.2 (lin64) Build 3367213 Tue Oct 19 02:47:39 MDT 2021
| Date         : Tue Nov 19 10:21:55 2024
| Host         : hacc-gpu0 running 64-bit Ubuntu 20.04.6 LTS
| Command      : report_accelerator_utilization -kernels { krnl_vaddmul:pfm_top_i/dynamic_region/krnl_vaddmul_1/inst:krnl_vaddmul_1 krnl_vaddmul:pfm_top_i/dynamic_region/krnl_vaddmul_2/inst:krnl_vaddmul_2 krnl_vaddmul:pfm_top_i/dynamic_region/krnl_vaddmul_3/inst:krnl_vaddmul_3 krnl_vaddmul:pfm_top_i/dynamic_region/krnl_vaddmul_4/inst:krnl_vaddmul_4 krnl_vaddmul:pfm_top_i/dynamic_region/krnl_vaddmul_5/inst:krnl_vaddmul_5} -file kernel_util_routed.rpt -name kernel_util_routed -json
| Design       : pfm_top_wrapper
| Device       : xcu280
| Design State : Routed
-----------------------------------------------------------------------------------------------------------------------------------------------------------------------------------------------------------------------------------------------------------------------------------------------------------------------------------------------------------------------------------------------------------------------------------------------------------------------------------------------------

Accelerator Utilization Design Information

Table of Contents
-----------------
1. System Utilization

1. System Utilization
---------------------

+---------------------+-------------------+------------------+-------------------+----------------+---------------+----------------+
| Name                | LUT               | LUTAsMem         | REG               | BRAM           | URAM          | DSP            |
+---------------------+-------------------+------------------+-------------------+----------------+---------------+----------------+
| Platform            |  146593 [ 11.25%] |  30624 [  5.10%] |  227383 [  8.72%] |  204 [ 10.12%] |   0 [  0.00%] |    4 [  0.04%] |
| User Budget         | 1156127 [100.00%] | 569856 [100.00%] | 2379977 [100.00%] | 1812 [100.00%] | 960 [100.00%] | 9020 [100.00%] |
|    Used Resources   |   74404 [  6.44%] |  14585 [  2.56%] |  158751 [  6.67%] |  450 [ 24.83%] |   0 [  0.00%] |  640 [  7.10%] |
|    Unused Resources | 1081723 [ 93.56%] | 555271 [ 97.44%] | 2221226 [ 93.33%] | 1362 [ 75.17%] | 960 [100.00%] | 8380 [ 92.90%] |
| krnl_vaddmul        |   74404 [  6.44%] |  14585 [  2.56%] |  158751 [  6.67%] |  450 [ 24.83%] |   0 [  0.00%] |  640 [  7.10%] |
|    krnl_vaddmul_1   |   14900 [  1.29%] |   2917 [  0.51%] |   31819 [  1.34%] |   90 [  4.97%] |   0 [  0.00%] |  128 [  1.42%] |
|    krnl_vaddmul_2   |   15132 [  1.31%] |   2917 [  0.51%] |   31765 [  1.33%] |   90 [  4.97%] |   0 [  0.00%] |  128 [  1.42%] |
|    krnl_vaddmul_3   |   15004 [  1.30%] |   2917 [  0.51%] |   31741 [  1.33%] |   90 [  4.97%] |   0 [  0.00%] |  128 [  1.42%] |
|    krnl_vaddmul_4   |   14540 [  1.26%] |   2917 [  0.51%] |   31682 [  1.33%] |   90 [  4.97%] |   0 [  0.00%] |  128 [  1.42%] |
|    krnl_vaddmul_5   |   14828 [  1.28%] |   2917 [  0.51%] |   31744 [  1.33%] |   90 [  4.97%] |   0 [  0.00%] |  128 [  1.42%] |
+---------------------+-------------------+------------------+-------------------+----------------+---------------+----------------+


