Copyright 1986-2021 Xilinx, Inc. All Rights Reserved.
----------------------------------------------------------------------------------------------------------------------------------------------------------------------------------------
| Tool Version : Vivado v.2021.2 (lin64) Build 3367213 Tue Oct 19 02:47:39 MDT 2021
| Date         : Tue Nov 19 16:59:44 2024
| Host         : hacc-gpu0 running 64-bit Ubuntu 20.04.6 LTS
| Command      : report_accelerator_utilization -kernels { krnl_vadd:pfm_top_i/dynamic_region/krnl_vadd_1/inst:krnl_vadd_1} -file kernel_util_placed.rpt -name kernel_util_placed -json
| Design       : pfm_top_wrapper
| Device       : xcu280
| Design State : Fully Placed
----------------------------------------------------------------------------------------------------------------------------------------------------------------------------------------

Accelerator Utilization Design Information

Table of Contents
-----------------
1. System Utilization

1. System Utilization
---------------------

+---------------------+-------------------+------------------+-------------------+----------------+---------------+----------------+
| Name                | LUT               | LUTAsMem         | REG               | BRAM           | URAM          | DSP            |
+---------------------+-------------------+------------------+-------------------+----------------+---------------+----------------+
| Platform            |  103197 [  7.92%] |   9954 [  1.66%] |  150564 [  5.77%] |  202 [ 10.02%] |   0 [  0.00%] |    4 [  0.04%] |
| User Budget         | 1199523 [100.00%] | 590526 [100.00%] | 2456796 [100.00%] | 1814 [100.00%] | 960 [100.00%] | 9020 [100.00%] |
|    Used Resources   |    9610 [  0.80%] |   1190 [  0.20%] |   13623 [  0.55%] |    6 [  0.33%] |   0 [  0.00%] |    0 [  0.00%] |
|    Unused Resources | 1189913 [ 99.20%] | 589336 [ 99.80%] | 2443173 [ 99.45%] | 1808 [ 99.67%] | 960 [100.00%] | 9020 [100.00%] |
| krnl_vadd           |    9610 [  0.80%] |   1190 [  0.20%] |   13623 [  0.55%] |    6 [  0.33%] |   0 [  0.00%] |    0 [  0.00%] |
|    krnl_vadd_1      |    9610 [  0.80%] |   1190 [  0.20%] |   13623 [  0.55%] |    6 [  0.33%] |   0 [  0.00%] |    0 [  0.00%] |
+---------------------+-------------------+------------------+-------------------+----------------+---------------+----------------+


