Copyright 1986-2021 Xilinx, Inc. All Rights Reserved.
---------------------------------------------------------------------------------------------------------------------------------------------------------------------------------------------------------------------------------------------------------------------------------------------------------------------------------------------------
| Tool Version : Vivado v.2021.2 (lin64) Build 3367213 Tue Oct 19 02:47:39 MDT 2021
| Date         : Wed Nov  6 20:43:57 2024
| Host         : hacc-gpu0 running 64-bit Ubuntu 20.04.6 LTS
| Command      : report_accelerator_utilization -kernels { krnl_vaddmul:pfm_top_i/dynamic_region/krnl_vaddmul_1/inst:krnl_vaddmul_1 krnl_vaddmul:pfm_top_i/dynamic_region/krnl_vaddmul_2/inst:krnl_vaddmul_2 krnl_vaddmul:pfm_top_i/dynamic_region/krnl_vaddmul_3/inst:krnl_vaddmul_3} -file kernel_util_routed.rpt -name kernel_util_routed -json
| Design       : pfm_top_wrapper
| Device       : xcu280
| Design State : Routed
---------------------------------------------------------------------------------------------------------------------------------------------------------------------------------------------------------------------------------------------------------------------------------------------------------------------------------------------------

Accelerator Utilization Design Information

Table of Contents
-----------------
1. System Utilization

1. System Utilization
---------------------

+---------------------+-------------------+------------------+-------------------+----------------+---------------+----------------+
| Name                | LUT               | LUTAsMem         | REG               | BRAM           | URAM          | DSP            |
+---------------------+-------------------+------------------+-------------------+----------------+---------------+----------------+
| Platform            |  125566 [  9.64%] |  19516 [  3.25%] |  185856 [  7.13%] |  204 [ 10.12%] |   0 [  0.00%] |    4 [  0.04%] |
| User Budget         | 1177154 [100.00%] | 580964 [100.00%] | 2421504 [100.00%] | 1812 [100.00%] | 960 [100.00%] | 9020 [100.00%] |
|    Used Resources   |   35016 [  2.97%] |   9330 [  1.61%] |   61412 [  2.54%] |   96 [  5.30%] |   0 [  0.00%] |  132 [  1.46%] |
|    Unused Resources | 1142138 [ 97.03%] | 571634 [ 98.39%] | 2360092 [ 97.46%] | 1716 [ 94.70%] | 960 [100.00%] | 8888 [ 98.54%] |
| krnl_vaddmul        |   35016 [  2.97%] |   9330 [  1.61%] |   61412 [  2.54%] |   96 [  5.30%] |   0 [  0.00%] |  132 [  1.46%] |
|    krnl_vaddmul_1   |   11683 [  0.99%] |   3110 [  0.54%] |   20470 [  0.85%] |   32 [  1.77%] |   0 [  0.00%] |   44 [  0.49%] |
|    krnl_vaddmul_2   |   11655 [  0.99%] |   3110 [  0.54%] |   20475 [  0.85%] |   32 [  1.77%] |   0 [  0.00%] |   44 [  0.49%] |
|    krnl_vaddmul_3   |   11678 [  0.99%] |   3110 [  0.54%] |   20467 [  0.85%] |   32 [  1.77%] |   0 [  0.00%] |   44 [  0.49%] |
+---------------------+-------------------+------------------+-------------------+----------------+---------------+----------------+


