Copyright 1986-2021 Xilinx, Inc. All Rights Reserved.
----------------------------------------------------------------------------------------------------------------------------------------------------------------------------------------------------------------------------------------------------------------------------------------------------------------------------------------------------------------------------------------------------------------------------
| Tool Version : Vivado v.2021.2 (lin64) Build 3367213 Tue Oct 19 02:47:39 MDT 2021
| Date         : Mon Nov 11 19:47:13 2024
| Host         : hacc-gpu0 running 64-bit Ubuntu 20.04.6 LTS
| Command      : report_accelerator_utilization -kernels { krnl_vaddmul:pfm_top_i/dynamic_region/krnl_vaddmul_1/inst:krnl_vaddmul_1 krnl_vaddmul:pfm_top_i/dynamic_region/krnl_vaddmul_2/inst:krnl_vaddmul_2 krnl_vaddmul:pfm_top_i/dynamic_region/krnl_vaddmul_3/inst:krnl_vaddmul_3 krnl_vaddmul:pfm_top_i/dynamic_region/krnl_vaddmul_4/inst:krnl_vaddmul_4} -file kernel_util_placed.rpt -name kernel_util_placed -json
| Design       : pfm_top_wrapper
| Device       : xcu280
| Design State : Fully Placed
----------------------------------------------------------------------------------------------------------------------------------------------------------------------------------------------------------------------------------------------------------------------------------------------------------------------------------------------------------------------------------------------------------------------------

Accelerator Utilization Design Information

Table of Contents
-----------------
1. System Utilization

1. System Utilization
---------------------

+---------------------+-------------------+------------------+-------------------+----------------+---------------+----------------+
| Name                | LUT               | LUTAsMem         | REG               | BRAM           | URAM          | DSP            |
+---------------------+-------------------+------------------+-------------------+----------------+---------------+----------------+
| Platform            |  137358 [ 10.54%] |  26318 [  4.38%] |  210793 [  8.08%] |  204 [ 10.12%] |   0 [  0.00%] |    4 [  0.04%] |
| User Budget         | 1165362 [100.00%] | 574162 [100.00%] | 2396567 [100.00%] | 1812 [100.00%] | 960 [100.00%] | 9020 [100.00%] |
|    Used Resources   |   49889 [  4.28%] |  11668 [  2.03%] |  104385 [  4.36%] |  360 [ 19.87%] |   0 [  0.00%] |  488 [  5.41%] |
|    Unused Resources | 1115473 [ 95.72%] | 562494 [ 97.97%] | 2292182 [ 95.64%] | 1452 [ 80.13%] | 960 [100.00%] | 8532 [ 94.59%] |
| krnl_vaddmul        |   49889 [  4.28%] |  11668 [  2.03%] |  104385 [  4.36%] |  360 [ 19.87%] |   0 [  0.00%] |  488 [  5.41%] |
|    krnl_vaddmul_1   |   12676 [  1.09%] |   2917 [  0.51%] |   26014 [  1.09%] |   90 [  4.97%] |   0 [  0.00%] |  122 [  1.35%] |
|    krnl_vaddmul_2   |   12435 [  1.07%] |   2917 [  0.51%] |   26056 [  1.09%] |   90 [  4.97%] |   0 [  0.00%] |  122 [  1.35%] |
|    krnl_vaddmul_3   |   12421 [  1.07%] |   2917 [  0.51%] |   26062 [  1.09%] |   90 [  4.97%] |   0 [  0.00%] |  122 [  1.35%] |
|    krnl_vaddmul_4   |   12357 [  1.06%] |   2917 [  0.51%] |   26253 [  1.10%] |   90 [  4.97%] |   0 [  0.00%] |  122 [  1.35%] |
+---------------------+-------------------+------------------+-------------------+----------------+---------------+----------------+


