Copyright 1986-2021 Xilinx, Inc. All Rights Reserved.
---------------------------------------------------------------------------------------------------------------------------------------------------------------------------------------------------------------------------------------------------------------------------------------------------------------------------------------------------
| Tool Version : Vivado v.2021.2 (lin64) Build 3367213 Tue Oct 19 02:47:39 MDT 2021
| Date         : Wed Nov  6 05:29:52 2024
| Host         : hacc-gpu0 running 64-bit Ubuntu 20.04.6 LTS
| Command      : report_accelerator_utilization -kernels { krnl_vaddmul:pfm_top_i/dynamic_region/krnl_vaddmul_1/inst:krnl_vaddmul_1 krnl_vaddmul:pfm_top_i/dynamic_region/krnl_vaddmul_2/inst:krnl_vaddmul_2 krnl_vaddmul:pfm_top_i/dynamic_region/krnl_vaddmul_3/inst:krnl_vaddmul_3} -file kernel_util_routed.rpt -name kernel_util_routed -json
| Design       : pfm_top_wrapper
| Device       : xcu280
| Design State : Routed
---------------------------------------------------------------------------------------------------------------------------------------------------------------------------------------------------------------------------------------------------------------------------------------------------------------------------------------------------

Accelerator Utilization Design Information

Table of Contents
-----------------
1. System Utilization

1. System Utilization
---------------------

+---------------------+-------------------+------------------+-------------------+----------------+---------------+----------------+
| Name                | LUT               | LUTAsMem         | REG               | BRAM           | URAM          | DSP            |
+---------------------+-------------------+------------------+-------------------+----------------+---------------+----------------+
| Platform            |  128208 [  9.84%] |  22012 [  3.67%] |  194623 [  7.46%] |  204 [ 10.12%] |   0 [  0.00%] |    4 [  0.04%] |
| User Budget         | 1174512 [100.00%] | 578468 [100.00%] | 2412737 [100.00%] | 1812 [100.00%] | 960 [100.00%] | 9020 [100.00%] |
|    Used Resources   |   38711 [  3.30%] |   8751 [  1.51%] |   86734 [  3.59%] |  270 [ 14.90%] |   0 [  0.00%] |   24 [  0.27%] |
|    Unused Resources | 1135801 [ 96.70%] | 569717 [ 98.49%] | 2326003 [ 96.41%] | 1542 [ 85.10%] | 960 [100.00%] | 8996 [ 99.73%] |
| krnl_vaddmul        |   38711 [  3.30%] |   8751 [  1.51%] |   86734 [  3.59%] |  270 [ 14.90%] |   0 [  0.00%] |   24 [  0.27%] |
|    krnl_vaddmul_1   |   12857 [  1.09%] |   2917 [  0.50%] |   28875 [  1.20%] |   90 [  4.97%] |   0 [  0.00%] |    8 [  0.09%] |
|    krnl_vaddmul_2   |   12842 [  1.09%] |   2917 [  0.50%] |   28970 [  1.20%] |   90 [  4.97%] |   0 [  0.00%] |    8 [  0.09%] |
|    krnl_vaddmul_3   |   13012 [  1.11%] |   2917 [  0.50%] |   28889 [  1.20%] |   90 [  4.97%] |   0 [  0.00%] |    8 [  0.09%] |
+---------------------+-------------------+------------------+-------------------+----------------+---------------+----------------+


