Copyright 1986-2021 Xilinx, Inc. All Rights Reserved.
----------------------------------------------------------------------------------------------------------------------------------------------------------------------------------------------------------------------------------------------------------------------------------------------------------------------------------------------------------------------------------------------------------------------------
| Tool Version : Vivado v.2021.2 (lin64) Build 3367213 Tue Oct 19 02:47:39 MDT 2021
| Date         : Sat Nov 16 16:19:41 2024
| Host         : hacc-gpu0 running 64-bit Ubuntu 20.04.6 LTS
| Command      : report_accelerator_utilization -kernels { krnl_vaddmul:pfm_top_i/dynamic_region/krnl_vaddmul_1/inst:krnl_vaddmul_1 krnl_vaddmul:pfm_top_i/dynamic_region/krnl_vaddmul_2/inst:krnl_vaddmul_2 krnl_vaddmul:pfm_top_i/dynamic_region/krnl_vaddmul_3/inst:krnl_vaddmul_3 krnl_vaddmul:pfm_top_i/dynamic_region/krnl_vaddmul_4/inst:krnl_vaddmul_4} -file kernel_util_placed.rpt -name kernel_util_placed -json
| Design       : pfm_top_wrapper
| Device       : xcu280
| Design State : Fully Placed
----------------------------------------------------------------------------------------------------------------------------------------------------------------------------------------------------------------------------------------------------------------------------------------------------------------------------------------------------------------------------------------------------------------------------

Accelerator Utilization Design Information

Table of Contents
-----------------
1. System Utilization

1. System Utilization
---------------------

+---------------------+-------------------+------------------+-------------------+----------------+---------------+----------------+
| Name                | LUT               | LUTAsMem         | REG               | BRAM           | URAM          | DSP            |
+---------------------+-------------------+------------------+-------------------+----------------+---------------+----------------+
| Platform            |  110741 [  8.50%] |  11932 [  1.99%] |  164883 [  6.32%] |  202 [ 10.02%] |   0 [  0.00%] |    4 [  0.04%] |
| User Budget         | 1191979 [100.00%] | 588548 [100.00%] | 2442477 [100.00%] | 1814 [100.00%] | 960 [100.00%] | 9020 [100.00%] |
|    Used Resources   |   11051 [  0.93%] |   2184 [  0.37%] |   19568 [  0.80%] |   16 [  0.88%] |   0 [  0.00%] |   64 [  0.71%] |
|    Unused Resources | 1180928 [ 99.07%] | 586364 [ 99.63%] | 2422909 [ 99.20%] | 1798 [ 99.12%] | 960 [100.00%] | 8956 [ 99.29%] |
| krnl_vaddmul        |   11051 [  0.93%] |   2184 [  0.37%] |   19568 [  0.80%] |   16 [  0.88%] |   0 [  0.00%] |   64 [  0.71%] |
|    krnl_vaddmul_1   |    2765 [  0.23%] |    546 [  0.09%] |    4885 [  0.20%] |    4 [  0.22%] |   0 [  0.00%] |   16 [  0.18%] |
|    krnl_vaddmul_2   |    2766 [  0.23%] |    546 [  0.09%] |    4892 [  0.20%] |    4 [  0.22%] |   0 [  0.00%] |   16 [  0.18%] |
|    krnl_vaddmul_3   |    2760 [  0.23%] |    546 [  0.09%] |    4894 [  0.20%] |    4 [  0.22%] |   0 [  0.00%] |   16 [  0.18%] |
|    krnl_vaddmul_4   |    2760 [  0.23%] |    546 [  0.09%] |    4897 [  0.20%] |    4 [  0.22%] |   0 [  0.00%] |   16 [  0.18%] |
+---------------------+-------------------+------------------+-------------------+----------------+---------------+----------------+


