Copyright 1986-2021 Xilinx, Inc. All Rights Reserved.
----------------------------------------------------------------------------------------------------------------------------------------------------------------------------------------------------------------------------------------------------------------------------------------------------------------------------------------------------------------------------------------------------------------------------
| Tool Version : Vivado v.2021.2 (lin64) Build 3367213 Tue Oct 19 02:47:39 MDT 2021
| Date         : Sat Nov 16 10:45:13 2024
| Host         : hacc-gpu0 running 64-bit Ubuntu 20.04.6 LTS
| Command      : report_accelerator_utilization -kernels { krnl_vaddmul:pfm_top_i/dynamic_region/krnl_vaddmul_1/inst:krnl_vaddmul_1 krnl_vaddmul:pfm_top_i/dynamic_region/krnl_vaddmul_2/inst:krnl_vaddmul_2 krnl_vaddmul:pfm_top_i/dynamic_region/krnl_vaddmul_3/inst:krnl_vaddmul_3 krnl_vaddmul:pfm_top_i/dynamic_region/krnl_vaddmul_4/inst:krnl_vaddmul_4} -file kernel_util_placed.rpt -name kernel_util_placed -json
| Design       : pfm_top_wrapper
| Device       : xcu280
| Design State : Fully Placed
----------------------------------------------------------------------------------------------------------------------------------------------------------------------------------------------------------------------------------------------------------------------------------------------------------------------------------------------------------------------------------------------------------------------------

Accelerator Utilization Design Information

Table of Contents
-----------------
1. System Utilization

1. System Utilization
---------------------

+---------------------+-------------------+------------------+-------------------+----------------+---------------+----------------+
| Name                | LUT               | LUTAsMem         | REG               | BRAM           | URAM          | DSP            |
+---------------------+-------------------+------------------+-------------------+----------------+---------------+----------------+
| Platform            |  116777 [  8.96%] |  16040 [  2.67%] |  172423 [  6.61%] |  202 [ 10.02%] |   0 [  0.00%] |    4 [  0.04%] |
| User Budget         | 1185943 [100.00%] | 584440 [100.00%] | 2434937 [100.00%] | 1814 [100.00%] | 960 [100.00%] | 9020 [100.00%] |
|    Used Resources   |   22939 [  1.93%] |   6192 [  1.06%] |   37926 [  1.56%] |   64 [  3.53%] |   0 [  0.00%] |  140 [  1.55%] |
|    Unused Resources | 1163004 [ 98.07%] | 578248 [ 98.94%] | 2397011 [ 98.44%] | 1750 [ 96.47%] | 960 [100.00%] | 8880 [ 98.45%] |
| krnl_vaddmul        |   22939 [  1.93%] |   6192 [  1.06%] |   37926 [  1.56%] |   64 [  3.53%] |   0 [  0.00%] |  140 [  1.55%] |
|    krnl_vaddmul_1   |    5739 [  0.48%] |   1548 [  0.26%] |    9489 [  0.39%] |   16 [  0.88%] |   0 [  0.00%] |   35 [  0.39%] |
|    krnl_vaddmul_2   |    5736 [  0.48%] |   1548 [  0.26%] |    9477 [  0.39%] |   16 [  0.88%] |   0 [  0.00%] |   35 [  0.39%] |
|    krnl_vaddmul_3   |    5730 [  0.48%] |   1548 [  0.26%] |    9463 [  0.39%] |   16 [  0.88%] |   0 [  0.00%] |   35 [  0.39%] |
|    krnl_vaddmul_4   |    5734 [  0.48%] |   1548 [  0.26%] |    9497 [  0.39%] |   16 [  0.88%] |   0 [  0.00%] |   35 [  0.39%] |
+---------------------+-------------------+------------------+-------------------+----------------+---------------+----------------+


