Copyright 1986-2021 Xilinx, Inc. All Rights Reserved.
----------------------------------------------------------------------------------------------------------------------------------------------------------------------------------------------------------------------------------------------------------------------------------------------------------------------------------------------------------------------------------------------------------------------------
| Tool Version : Vivado v.2021.2 (lin64) Build 3367213 Tue Oct 19 02:47:39 MDT 2021
| Date         : Tue Oct 22 06:28:22 2024
| Host         : hacc-gpu0 running 64-bit Ubuntu 20.04.6 LTS
| Command      : report_accelerator_utilization -kernels { krnl_vaddmul:pfm_top_i/dynamic_region/krnl_vaddmul_1/inst:krnl_vaddmul_1 krnl_vaddmul:pfm_top_i/dynamic_region/krnl_vaddmul_2/inst:krnl_vaddmul_2 krnl_vaddmul:pfm_top_i/dynamic_region/krnl_vaddmul_3/inst:krnl_vaddmul_3 krnl_vaddmul:pfm_top_i/dynamic_region/krnl_vaddmul_4/inst:krnl_vaddmul_4} -file kernel_util_placed.rpt -name kernel_util_placed -json
| Design       : pfm_top_wrapper
| Device       : xcu280
| Design State : Fully Placed
----------------------------------------------------------------------------------------------------------------------------------------------------------------------------------------------------------------------------------------------------------------------------------------------------------------------------------------------------------------------------------------------------------------------------

Accelerator Utilization Design Information

Table of Contents
-----------------
1. System Utilization

1. System Utilization
---------------------

+---------------------+-------------------+------------------+-------------------+----------------+---------------+----------------+
| Name                | LUT               | LUTAsMem         | REG               | BRAM           | URAM          | DSP            |
+---------------------+-------------------+------------------+-------------------+----------------+---------------+----------------+
| Platform            |  133773 [ 10.27%] |  22990 [  3.83%] |  199083 [  7.64%] |  204 [ 10.12%] |   0 [  0.00%] |    4 [  0.04%] |
| User Budget         | 1168947 [100.00%] | 577490 [100.00%] | 2408277 [100.00%] | 1812 [100.00%] | 960 [100.00%] | 9020 [100.00%] |
|    Used Resources   |   34265 [  2.93%] |  12436 [  2.15%] |   59879 [  2.49%] |  128 [  7.06%] |   0 [  0.00%] |  112 [  1.24%] |
|    Unused Resources | 1134682 [ 97.07%] | 565054 [ 97.85%] | 2348398 [ 97.51%] | 1684 [ 92.94%] | 960 [100.00%] | 8908 [ 98.76%] |
| krnl_vaddmul        |   34265 [  2.93%] |  12436 [  2.15%] |   59879 [  2.49%] |  128 [  7.06%] |   0 [  0.00%] |  112 [  1.24%] |
|    krnl_vaddmul_1   |    8565 [  0.73%] |   3109 [  0.54%] |   14971 [  0.62%] |   32 [  1.77%] |   0 [  0.00%] |   28 [  0.31%] |
|    krnl_vaddmul_2   |    8561 [  0.73%] |   3109 [  0.54%] |   14969 [  0.62%] |   32 [  1.77%] |   0 [  0.00%] |   28 [  0.31%] |
|    krnl_vaddmul_3   |    8570 [  0.73%] |   3109 [  0.54%] |   14979 [  0.62%] |   32 [  1.77%] |   0 [  0.00%] |   28 [  0.31%] |
|    krnl_vaddmul_4   |    8569 [  0.73%] |   3109 [  0.54%] |   14960 [  0.62%] |   32 [  1.77%] |   0 [  0.00%] |   28 [  0.31%] |
+---------------------+-------------------+------------------+-------------------+----------------+---------------+----------------+


