Copyright 1986-2021 Xilinx, Inc. All Rights Reserved.
----------------------------------------------------------------------------------------------------------------------------------------------------------------------------------------------------------------------------------------------------------------------------------------------------------------------------------------------------------------------------------------------------------------------------
| Tool Version : Vivado v.2021.2 (lin64) Build 3367213 Tue Oct 19 02:47:39 MDT 2021
| Date         : Wed Nov 13 08:15:58 2024
| Host         : hacc-gpu0 running 64-bit Ubuntu 20.04.6 LTS
| Command      : report_accelerator_utilization -kernels { krnl_vaddmul:pfm_top_i/dynamic_region/krnl_vaddmul_1/inst:krnl_vaddmul_1 krnl_vaddmul:pfm_top_i/dynamic_region/krnl_vaddmul_2/inst:krnl_vaddmul_2 krnl_vaddmul:pfm_top_i/dynamic_region/krnl_vaddmul_3/inst:krnl_vaddmul_3 krnl_vaddmul:pfm_top_i/dynamic_region/krnl_vaddmul_4/inst:krnl_vaddmul_4} -file kernel_util_placed.rpt -name kernel_util_placed -json
| Design       : pfm_top_wrapper
| Device       : xcu280
| Design State : Fully Placed
----------------------------------------------------------------------------------------------------------------------------------------------------------------------------------------------------------------------------------------------------------------------------------------------------------------------------------------------------------------------------------------------------------------------------

Accelerator Utilization Design Information

Table of Contents
-----------------
1. System Utilization

1. System Utilization
---------------------

+---------------------+-------------------+------------------+-------------------+----------------+---------------+----------------+
| Name                | LUT               | LUTAsMem         | REG               | BRAM           | URAM          | DSP            |
+---------------------+-------------------+------------------+-------------------+----------------+---------------+----------------+
| Platform            |  137513 [ 10.56%] |  26262 [  4.37%] |  210716 [  8.08%] |  204 [ 10.12%] |   0 [  0.00%] |    4 [  0.04%] |
| User Budget         | 1165207 [100.00%] | 574218 [100.00%] | 2396644 [100.00%] | 1812 [100.00%] | 960 [100.00%] | 9020 [100.00%] |
|    Used Resources   |  138536 [ 11.89%] |   7968 [  1.39%] |  150909 [  6.30%] |  244 [ 13.47%] |   0 [  0.00%] |  512 [  5.68%] |
|    Unused Resources | 1026671 [ 88.11%] | 566250 [ 98.61%] | 2245735 [ 93.70%] | 1568 [ 86.53%] | 960 [100.00%] | 8508 [ 94.32%] |
| krnl_vaddmul        |  138536 [ 11.89%] |   7968 [  1.39%] |  150909 [  6.30%] |  244 [ 13.47%] |   0 [  0.00%] |  512 [  5.68%] |
|    krnl_vaddmul_1   |   34913 [  3.00%] |   1992 [  0.35%] |   37669 [  1.57%] |   61 [  3.37%] |   0 [  0.00%] |  128 [  1.42%] |
|    krnl_vaddmul_2   |   34495 [  2.96%] |   1992 [  0.35%] |   37295 [  1.56%] |   61 [  3.37%] |   0 [  0.00%] |  128 [  1.42%] |
|    krnl_vaddmul_3   |   34447 [  2.96%] |   1992 [  0.35%] |   37336 [  1.56%] |   61 [  3.37%] |   0 [  0.00%] |  128 [  1.42%] |
|    krnl_vaddmul_4   |   34681 [  2.98%] |   1992 [  0.35%] |   38609 [  1.61%] |   61 [  3.37%] |   0 [  0.00%] |  128 [  1.42%] |
+---------------------+-------------------+------------------+-------------------+----------------+---------------+----------------+


