Copyright 1986-2021 Xilinx, Inc. All Rights Reserved.
--------------------------------------------------------------------------------------------------------------------------------------------------------------------------------------------------------------------------------------------------------------------------------------------------------------------------------------------------------------------------------------------------------------------------------------------------------------------------------------------------------------------------------------------------------------------------------------------------------------------------------------------------------------------------------------------------------------------------------
| Tool Version : Vivado v.2021.2 (lin64) Build 3367213 Tue Oct 19 02:47:39 MDT 2021
| Date         : Sun Oct 27 00:15:27 2024
| Host         : hacc-gpu0 running 64-bit Ubuntu 20.04.6 LTS
| Command      : report_accelerator_utilization -kernels { krnl_vaddmul:pfm_top_i/dynamic_region/krnl_vaddmul_1/inst:krnl_vaddmul_1 krnl_vaddmul:pfm_top_i/dynamic_region/krnl_vaddmul_2/inst:krnl_vaddmul_2 krnl_vaddmul:pfm_top_i/dynamic_region/krnl_vaddmul_3/inst:krnl_vaddmul_3 krnl_vaddmul:pfm_top_i/dynamic_region/krnl_vaddmul_4/inst:krnl_vaddmul_4 krnl_vaddmul:pfm_top_i/dynamic_region/krnl_vaddmul_5/inst:krnl_vaddmul_5 krnl_vaddmul:pfm_top_i/dynamic_region/krnl_vaddmul_6/inst:krnl_vaddmul_6 krnl_vaddmul:pfm_top_i/dynamic_region/krnl_vaddmul_7/inst:krnl_vaddmul_7 krnl_vaddmul:pfm_top_i/dynamic_region/krnl_vaddmul_8/inst:krnl_vaddmul_8} -file kernel_util_routed.rpt -name kernel_util_routed -json
| Design       : pfm_top_wrapper
| Device       : xcu280
| Design State : Routed
--------------------------------------------------------------------------------------------------------------------------------------------------------------------------------------------------------------------------------------------------------------------------------------------------------------------------------------------------------------------------------------------------------------------------------------------------------------------------------------------------------------------------------------------------------------------------------------------------------------------------------------------------------------------------------------------------------------------------------

Accelerator Utilization Design Information

Table of Contents
-----------------
1. System Utilization

1. System Utilization
---------------------

+---------------------+-------------------+------------------+-------------------+----------------+---------------+----------------+
| Name                | LUT               | LUTAsMem         | REG               | BRAM           | URAM          | DSP            |
+---------------------+-------------------+------------------+-------------------+----------------+---------------+----------------+
| Platform            |  177046 [ 13.59%] |  42611 [  7.10%] |  281880 [ 10.81%] |  204 [ 10.12%] |   0 [  0.00%] |    4 [  0.04%] |
| User Budget         | 1125674 [100.00%] | 557869 [100.00%] | 2325480 [100.00%] | 1812 [100.00%] | 960 [100.00%] | 9020 [100.00%] |
|    Used Resources   |   79937 [  7.10%] |  24760 [  4.44%] |  162411 [  6.98%] |  432 [ 23.84%] |   0 [  0.00%] |  416 [  4.61%] |
|    Unused Resources | 1045737 [ 92.90%] | 533109 [ 95.56%] | 2163069 [ 93.02%] | 1380 [ 76.16%] | 960 [100.00%] | 8604 [ 95.39%] |
| krnl_vaddmul        |   79937 [  7.10%] |  24760 [  4.44%] |  162411 [  6.98%] |  432 [ 23.84%] |   0 [  0.00%] |  416 [  4.61%] |
|    krnl_vaddmul_1   |    9977 [  0.89%] |   3095 [  0.55%] |   20319 [  0.87%] |   54 [  2.98%] |   0 [  0.00%] |   52 [  0.58%] |
|    krnl_vaddmul_2   |    9978 [  0.89%] |   3095 [  0.55%] |   20323 [  0.87%] |   54 [  2.98%] |   0 [  0.00%] |   52 [  0.58%] |
|    krnl_vaddmul_3   |    9996 [  0.89%] |   3095 [  0.55%] |   20310 [  0.87%] |   54 [  2.98%] |   0 [  0.00%] |   52 [  0.58%] |
|    krnl_vaddmul_4   |    9980 [  0.89%] |   3095 [  0.55%] |   20279 [  0.87%] |   54 [  2.98%] |   0 [  0.00%] |   52 [  0.58%] |
|    krnl_vaddmul_5   |    9993 [  0.89%] |   3095 [  0.55%] |   20309 [  0.87%] |   54 [  2.98%] |   0 [  0.00%] |   52 [  0.58%] |
|    krnl_vaddmul_6   |   10001 [  0.89%] |   3095 [  0.55%] |   20295 [  0.87%] |   54 [  2.98%] |   0 [  0.00%] |   52 [  0.58%] |
|    krnl_vaddmul_7   |   10012 [  0.89%] |   3095 [  0.55%] |   20274 [  0.87%] |   54 [  2.98%] |   0 [  0.00%] |   52 [  0.58%] |
|    krnl_vaddmul_8   |   10000 [  0.89%] |   3095 [  0.55%] |   20302 [  0.87%] |   54 [  2.98%] |   0 [  0.00%] |   52 [  0.58%] |
+---------------------+-------------------+------------------+-------------------+----------------+---------------+----------------+


