Copyright 1986-2021 Xilinx, Inc. All Rights Reserved.
-----------------------------------------------------------------------------------------------------------------------------------------------------------------------------------------------------------------------------------------------------------------------------------------------------------------------------------------------------------------------------------------------------------------------------------------------------------------------------------------------------
| Tool Version : Vivado v.2021.2 (lin64) Build 3367213 Tue Oct 19 02:47:39 MDT 2021
| Date         : Tue Nov 19 21:22:22 2024
| Host         : hacc-gpu0 running 64-bit Ubuntu 20.04.6 LTS
| Command      : report_accelerator_utilization -kernels { krnl_vaddmul:pfm_top_i/dynamic_region/krnl_vaddmul_1/inst:krnl_vaddmul_1 krnl_vaddmul:pfm_top_i/dynamic_region/krnl_vaddmul_2/inst:krnl_vaddmul_2 krnl_vaddmul:pfm_top_i/dynamic_region/krnl_vaddmul_3/inst:krnl_vaddmul_3 krnl_vaddmul:pfm_top_i/dynamic_region/krnl_vaddmul_4/inst:krnl_vaddmul_4 krnl_vaddmul:pfm_top_i/dynamic_region/krnl_vaddmul_5/inst:krnl_vaddmul_5} -file kernel_util_placed.rpt -name kernel_util_placed -json
| Design       : pfm_top_wrapper
| Device       : xcu280
| Design State : Fully Placed
-----------------------------------------------------------------------------------------------------------------------------------------------------------------------------------------------------------------------------------------------------------------------------------------------------------------------------------------------------------------------------------------------------------------------------------------------------------------------------------------------------

Accelerator Utilization Design Information

Table of Contents
-----------------
1. System Utilization

1. System Utilization
---------------------

+---------------------+-------------------+------------------+-------------------+----------------+---------------+----------------+
| Name                | LUT               | LUTAsMem         | REG               | BRAM           | URAM          | DSP            |
+---------------------+-------------------+------------------+-------------------+----------------+---------------+----------------+
| Platform            |  118122 [  9.07%] |  13914 [  2.32%] |  177721 [  6.82%] |  204 [ 10.12%] |   0 [  0.00%] |    4 [  0.04%] |
| User Budget         | 1184598 [100.00%] | 586566 [100.00%] | 2429639 [100.00%] | 1812 [100.00%] | 960 [100.00%] | 9020 [100.00%] |
|    Used Resources   |   22145 [  1.87%] |   5475 [  0.93%] |   42899 [  1.77%] |   60 [  3.31%] |   0 [  0.00%] |  140 [  1.55%] |
|    Unused Resources | 1162453 [ 98.13%] | 581091 [ 99.07%] | 2386740 [ 98.23%] | 1752 [ 96.69%] | 960 [100.00%] | 8880 [ 98.45%] |
| krnl_vaddmul        |   22145 [  1.87%] |   5475 [  0.93%] |   42899 [  1.77%] |   60 [  3.31%] |   0 [  0.00%] |  140 [  1.55%] |
|    krnl_vaddmul_1   |    4433 [  0.37%] |   1095 [  0.19%] |    8575 [  0.35%] |   12 [  0.66%] |   0 [  0.00%] |   28 [  0.31%] |
|    krnl_vaddmul_2   |    4431 [  0.37%] |   1095 [  0.19%] |    8578 [  0.35%] |   12 [  0.66%] |   0 [  0.00%] |   28 [  0.31%] |
|    krnl_vaddmul_3   |    4426 [  0.37%] |   1095 [  0.19%] |    8594 [  0.35%] |   12 [  0.66%] |   0 [  0.00%] |   28 [  0.31%] |
|    krnl_vaddmul_4   |    4429 [  0.37%] |   1095 [  0.19%] |    8568 [  0.35%] |   12 [  0.66%] |   0 [  0.00%] |   28 [  0.31%] |
|    krnl_vaddmul_5   |    4426 [  0.37%] |   1095 [  0.19%] |    8584 [  0.35%] |   12 [  0.66%] |   0 [  0.00%] |   28 [  0.31%] |
+---------------------+-------------------+------------------+-------------------+----------------+---------------+----------------+


