Copyright 1986-2021 Xilinx, Inc. All Rights Reserved.
------------------------------------------------------------------------------------------------------------------------------------------------------------------------------------------
| Tool Version : Vivado v.2021.2 (lin64) Build 3367213 Tue Oct 19 02:47:39 MDT 2021
| Date         : Mon Oct 14 21:05:10 2024
| Host         : hacc-gpu0 running 64-bit Ubuntu 20.04.6 LTS
| Command      : report_accelerator_utilization -kernels { krnl_vadd:pfm_top_i/dynamic_region/krnl_vadd_1/inst:krnl_vadd_1} -file kernel_util_synthed.rpt -name kernel_util_synthed -json
| Design       : pfm_top_wrapper
| Device       : xcu280
| Design State : Synthesized
------------------------------------------------------------------------------------------------------------------------------------------------------------------------------------------

Accelerator Utilization Design Information

Table of Contents
-----------------
1. System Utilization

1. System Utilization
---------------------

+---------------------+-------------------+------------------+-------------------+----------------+---------------+----------------+
| Name                | LUT               | LUTAsMem         | REG               | BRAM           | URAM          | DSP            |
+---------------------+-------------------+------------------+-------------------+----------------+---------------+----------------+
| Platform            |  117807 [  9.04%] |  12220 [  2.04%] |  157300 [  6.03%] |  202 [ 10.02%] |   0 [  0.00%] |    4 [  0.04%] |
| User Budget         | 1184913 [100.00%] | 588260 [100.00%] | 2450060 [100.00%] | 1814 [100.00%] | 960 [100.00%] | 9020 [100.00%] |
|    Used Resources   |    6394 [  0.54%] |   1428 [  0.24%] |   13549 [  0.55%] |   23 [  1.27%] |   0 [  0.00%] |    0 [  0.00%] |
|    Unused Resources | 1178519 [ 99.46%] | 586832 [ 99.76%] | 2436511 [ 99.45%] | 1791 [ 98.73%] | 960 [100.00%] | 9020 [100.00%] |
| krnl_vadd           |    6394 [  0.54%] |   1428 [  0.24%] |   13549 [  0.55%] |   23 [  1.27%] |   0 [  0.00%] |    0 [  0.00%] |
|    krnl_vadd_1      |    6394 [  0.54%] |   1428 [  0.24%] |   13549 [  0.55%] |   23 [  1.27%] |   0 [  0.00%] |    0 [  0.00%] |
+---------------------+-------------------+------------------+-------------------+----------------+---------------+----------------+


