Copyright 1986-2021 Xilinx, Inc. All Rights Reserved.
------------------------------------------------------------------------------------------
| Tool Version : Vivado v.2021.2 (lin64) Build 3367213 Tue Oct 19 02:47:39 MDT 2021
| Date         : Fri Nov 15 21:43:18 2024
| Host         : hacc-gpu0 running 64-bit Ubuntu 20.04.6 LTS
| Command      : report_utilization -slr -file slr_util_placed.rpt -pb slr_util_placed.pb
| Design       : pfm_top_wrapper
| Device       : xcu280-fsvh2892-2L-e
| Speed File   : -2L
| Design State : Fully Placed
------------------------------------------------------------------------------------------

Utilization Design Information

Table of Contents
-----------------
1. SLR Connectivity
2. SLR Connectivity Matrix
3. SLR CLB Logic and Dedicated Block Utilization
4. SLR IO Utilization

1. SLR Connectivity
-------------------

+----------------------------------+-------+-------+-----------+-------+
|                                  |  Used | Fixed | Available | Util% |
+----------------------------------+-------+-------+-----------+-------+
| SLR2 <-> SLR1                    |  8622 |       |     23040 | 37.42 |
|   SLR1 -> SLR2                   |  4213 |       |           | 18.29 |
|     Using TX_REG only            |     1 |     1 |           |       |
|     Using RX_REG only            |    25 |    18 |           |       |
|     Using Both TX_REG and RX_REG |   267 |     1 |           |       |
|   SLR2 -> SLR1                   |  4409 |       |           | 19.14 |
|     Using TX_REG only            |     0 |     0 |           |       |
|     Using RX_REG only            |     4 |     4 |           |       |
|     Using Both TX_REG and RX_REG |   407 |     0 |           |       |
| SLR1 <-> SLR0                    | 11851 |       |     23040 | 51.44 |
|   SLR0 -> SLR1                   |  5396 |       |           | 23.42 |
|     Using TX_REG only            |    78 |    71 |           |       |
|     Using RX_REG only            |    61 |    61 |           |       |
|     Using Both TX_REG and RX_REG |   362 |    55 |           |       |
|   SLR1 -> SLR0                   |  6455 |       |           | 28.02 |
|     Using TX_REG only            |    62 |    62 |           |       |
|     Using RX_REG only            |    72 |    71 |           |       |
|     Using Both TX_REG and RX_REG |   435 |    60 |           |       |
+----------------------------------+-------+-------+-----------+-------+
| Total SLLs Used                  | 20473 |       |           |       |
+----------------------------------+-------+-------+-----------+-------+


2. SLR Connectivity Matrix
--------------------------

+-----------+------+------+------+
| FROM \ TO | SLR2 | SLR1 | SLR0 |
+-----------+------+------+------+
| SLR2      |    0 | 1687 | 2722 |
| SLR1      | 1949 |    0 | 3733 |
| SLR0      | 2264 | 3132 |    0 |
+-----------+------+------+------+


3. SLR CLB Logic and Dedicated Block Utilization
------------------------------------------------

+----------------------------+--------+--------+--------+--------+--------+--------+
|          Site Type         |  SLR0  |  SLR1  |  SLR2  | SLR0 % | SLR1 % | SLR2 % |
+----------------------------+--------+--------+--------+--------+--------+--------+
| CLB                        |  49691 |  28702 |  30284 |  90.41 |  53.15 |  56.08 |
|   CLBL                     |  26353 |  15098 |  16113 |  90.00 |  51.56 |  55.03 |
|   CLBM                     |  23338 |  13604 |  14171 |  90.88 |  55.03 |  57.33 |
| CLB LUTs                   | 243332 | 142162 | 130555 |  55.34 |  32.91 |  30.22 |
|   LUT as Logic             | 217461 | 134894 | 124252 |  49.46 |  31.23 |  28.76 |
|     using O5 output only   |   1686 |    376 |   1131 |   0.38 |   0.09 |   0.26 |
|     using O6 output only   | 155270 | 100900 |  87514 |  35.31 |  23.36 |  20.26 |
|     using O5 and O6        |  60505 |  33618 |  35607 |  13.76 |   7.78 |   8.24 |
|   LUT as Memory            |  25871 |   7268 |   6303 |  12.59 |   3.68 |   3.19 |
|     LUT as Distributed RAM |  17328 |   3837 |   1660 |   8.43 |   1.94 |   0.84 |
|       using O5 output only |      0 |      0 |      0 |   0.00 |   0.00 |   0.00 |
|       using O6 output only |     80 |    215 |     84 |   0.04 |   0.11 |   0.04 |
|       using O5 and O6      |  17248 |   3622 |   1576 |   8.40 |   1.83 |   0.80 |
|     LUT as Shift Register  |   8543 |   3431 |   4643 |   4.16 |   1.73 |   2.35 |
|       using O5 output only |      8 |      0 |      1 |  <0.01 |   0.00 |  <0.01 |
|       using O6 output only |   5297 |   2247 |   3328 |   2.58 |   1.14 |   1.68 |
|       using O5 and O6      |   3238 |   1184 |   1314 |   1.58 |   0.60 |   0.66 |
| CLB Registers              | 346541 | 167515 | 181781 |  39.41 |  19.39 |  21.04 |
| CARRY8                     |  14001 |   7196 |   7034 |  25.47 |  13.33 |  13.03 |
| F7 Muxes                   |    902 |    894 |   1297 |   0.41 |   0.41 |   0.60 |
| F8 Muxes                   |     16 |    141 |     47 |   0.01 |   0.13 |   0.04 |
| F9 Muxes                   |      0 |      0 |      0 |   0.00 |   0.00 |   0.00 |
| Block RAM Tile             |  151.5 |  141.5 |    155 |  22.54 |  21.06 |  23.07 |
|   RAMB36/FIFO              |    148 |    140 |    152 |  22.02 |  20.83 |  22.62 |
|     RAMB36E2 only          |    148 |    140 |    152 |  22.02 |  20.83 |  22.62 |
|   RAMB18                   |      7 |      3 |      6 |   0.52 |   0.22 |   0.45 |
|     RAMB18E2 only          |      7 |      3 |      6 |   0.52 |   0.22 |   0.45 |
| URAM                       |      0 |      0 |      0 |   0.00 |   0.00 |   0.00 |
| DSPs                       |     16 |      8 |     12 |   0.56 |   0.26 |   0.39 |
| Unique Control Sets        |   4158 |   2083 |   3300 |   3.78 |   1.93 |   3.06 |
+----------------------------+--------+--------+--------+--------+--------+--------+
* Note: Available Control Sets based on CLB Registers / 8


4. SLR IO Utilization
---------------------

+-----------+-----------+---------+------------+----------+------------+----------+-----+
| SLR Index | Used IOBs | (%)IOBs | Used IPADs | (%)IPADs | Used OPADs | (%)OPADs | GTs |
+-----------+-----------+---------+------------+----------+------------+----------+-----+
| SLR2      |        18 |    8.65 |          0 |     0.00 |          0 |     0.00 |   0 |
| SLR1      |         0 |    0.00 |          0 |     0.00 |          0 |     0.00 |   0 |
| SLR0      |         1 |    0.48 |          0 |     0.00 |          0 |     0.00 |  16 |
+-----------+-----------+---------+------------+----------+------------+----------+-----+
| Total     |        19 |         |          0 |          |          0 |          |  16 |
+-----------+-----------+---------+------------+----------+------------+----------+-----+


