Copyright 1986-2021 Xilinx, Inc. All Rights Reserved.
---------------------------------------------------------------------------------------------------------------------------------------------------------------------------------------------------------------------------------------------------------------------------------------------------------------------------------------------------
| Tool Version : Vivado v.2021.2 (lin64) Build 3367213 Tue Oct 19 02:47:39 MDT 2021
| Date         : Sat Nov  2 23:07:50 2024
| Host         : hacc-gpu0 running 64-bit Ubuntu 20.04.6 LTS
| Command      : report_accelerator_utilization -kernels { krnl_vaddmul:pfm_top_i/dynamic_region/krnl_vaddmul_1/inst:krnl_vaddmul_1 krnl_vaddmul:pfm_top_i/dynamic_region/krnl_vaddmul_2/inst:krnl_vaddmul_2 krnl_vaddmul:pfm_top_i/dynamic_region/krnl_vaddmul_3/inst:krnl_vaddmul_3} -file kernel_util_routed.rpt -name kernel_util_routed -json
| Design       : pfm_top_wrapper
| Device       : xcu280
| Design State : Routed
---------------------------------------------------------------------------------------------------------------------------------------------------------------------------------------------------------------------------------------------------------------------------------------------------------------------------------------------------

Accelerator Utilization Design Information

Table of Contents
-----------------
1. System Utilization

1. System Utilization
---------------------

+---------------------+-------------------+------------------+-------------------+----------------+---------------+----------------+
| Name                | LUT               | LUTAsMem         | REG               | BRAM           | URAM          | DSP            |
+---------------------+-------------------+------------------+-------------------+----------------+---------------+----------------+
| Platform            |  125395 [  9.63%] |  19898 [  3.31%] |  186782 [  7.16%] |  202 [ 10.02%] |   0 [  0.00%] |    4 [  0.04%] |
| User Budget         | 1177325 [100.00%] | 580582 [100.00%] | 2420578 [100.00%] | 1814 [100.00%] | 960 [100.00%] | 9020 [100.00%] |
|    Used Resources   |   27463 [  2.33%] |   9327 [  1.61%] |   50999 [  2.11%] |  126 [  6.95%] |   0 [  0.00%] |   24 [  0.27%] |
|    Unused Resources | 1149862 [ 97.67%] | 571255 [ 98.39%] | 2369579 [ 97.89%] | 1688 [ 93.05%] | 960 [100.00%] | 8996 [ 99.73%] |
| krnl_vaddmul        |   27463 [  2.33%] |   9327 [  1.61%] |   50999 [  2.11%] |  126 [  6.95%] |   0 [  0.00%] |   24 [  0.27%] |
|    krnl_vaddmul_1   |    9156 [  0.78%] |   3109 [  0.54%] |   17010 [  0.70%] |   42 [  2.32%] |   0 [  0.00%] |    8 [  0.09%] |
|    krnl_vaddmul_2   |    9151 [  0.78%] |   3109 [  0.54%] |   16999 [  0.70%] |   42 [  2.32%] |   0 [  0.00%] |    8 [  0.09%] |
|    krnl_vaddmul_3   |    9156 [  0.78%] |   3109 [  0.54%] |   16990 [  0.70%] |   42 [  2.32%] |   0 [  0.00%] |    8 [  0.09%] |
+---------------------+-------------------+------------------+-------------------+----------------+---------------+----------------+


