Copyright 1986-2021 Xilinx, Inc. All Rights Reserved.
------------------------------------------------------------------------------------------
| Tool Version : Vivado v.2021.2 (lin64) Build 3367213 Tue Oct 19 02:47:39 MDT 2021
| Date         : Tue Dec 17 09:43:37 2024
| Host         : hacc-gpu0 running 64-bit Ubuntu 20.04.6 LTS
| Command      : report_utilization -slr -file slr_util_routed.rpt -pb slr_util_routed.pb
| Design       : pfm_top_wrapper
| Device       : xcu280-fsvh2892-2L-e
| Speed File   : -2L
| Design State : Routed
------------------------------------------------------------------------------------------

Utilization Design Information

Table of Contents
-----------------
1. SLR Connectivity
2. SLR Connectivity Matrix
3. SLR CLB Logic and Dedicated Block Utilization
4. SLR IO Utilization

1. SLR Connectivity
-------------------

+----------------------------------+-------+-------+-----------+-------+
|                                  |  Used | Fixed | Available | Util% |
+----------------------------------+-------+-------+-----------+-------+
| SLR2 <-> SLR1                    |  8423 |       |     23040 | 36.56 |
|   SLR1 -> SLR2                   |  3994 |       |           | 17.34 |
|     Using TX_REG only            |  1855 |     1 |           |       |
|     Using RX_REG only            |  1872 |    18 |           |       |
|     Using Both TX_REG and RX_REG |  1855 |     1 |           |       |
|   SLR2 -> SLR1                   |  4429 |       |           | 19.22 |
|     Using TX_REG only            |  2659 |     0 |           |       |
|     Using RX_REG only            |  2664 |     4 |           |       |
|     Using Both TX_REG and RX_REG |  2659 |     0 |           |       |
| SLR1 <-> SLR0                    | 11500 |       |     23040 | 49.91 |
|   SLR0 -> SLR1                   |  4942 |       |           | 21.45 |
|     Using TX_REG only            |  3539 |    71 |           |       |
|     Using RX_REG only            |  3529 |    61 |           |       |
|     Using Both TX_REG and RX_REG |  3523 |    55 |           |       |
|   SLR1 -> SLR0                   |  6558 |       |           | 28.46 |
|     Using TX_REG only            |  4937 |    62 |           |       |
|     Using RX_REG only            |  4951 |    71 |           |       |
|     Using Both TX_REG and RX_REG |  4935 |    60 |           |       |
+----------------------------------+-------+-------+-----------+-------+
| Total SLLs Used                  | 19923 |       |           |       |
+----------------------------------+-------+-------+-----------+-------+


2. SLR Connectivity Matrix
--------------------------

+-----------+------+------+------+
| FROM \ TO | SLR2 | SLR1 | SLR0 |
+-----------+------+------+------+
| SLR2      |    0 | 4271 |  158 |
| SLR1      | 3858 |    0 | 6400 |
| SLR0      |  136 | 4806 |    0 |
+-----------+------+------+------+


3. SLR CLB Logic and Dedicated Block Utilization
------------------------------------------------

+----------------------------+--------+--------+--------+--------+--------+--------+
|          Site Type         |  SLR0  |  SLR1  |  SLR2  | SLR0 % | SLR1 % | SLR2 % |
+----------------------------+--------+--------+--------+--------+--------+--------+
| CLB                        |  36981 |  50896 |  49565 |  67.29 |  94.25 |  91.79 |
|   CLBL                     |  19280 |  27297 |  26540 |  65.85 |  93.23 |  90.64 |
|   CLBM                     |  17701 |  23599 |  23025 |  68.93 |  95.47 |  93.14 |
| CLB LUTs                   | 188338 | 277779 | 265792 |  42.84 |  64.30 |  61.53 |
|   LUT as Logic             | 134933 | 207929 | 195315 |  30.69 |  48.13 |  45.21 |
|     using O5 output only   |   1497 |   1634 |   2364 |   0.34 |   0.38 |   0.55 |
|     using O6 output only   |  94047 | 148810 | 133091 |  21.39 |  34.45 |  30.81 |
|     using O5 and O6        |  39389 |  57485 |  59860 |   8.96 |  13.31 |  13.86 |
|   LUT as Memory            |  53405 |  69850 |  70477 |  26.00 |  35.32 |  35.64 |
|     LUT as Distributed RAM |   4440 |   8133 |   5956 |   2.16 |   4.11 |   3.01 |
|       using O5 output only |      0 |      0 |      0 |   0.00 |   0.00 |   0.00 |
|       using O6 output only |     96 |    239 |    108 |   0.05 |   0.12 |   0.05 |
|       using O5 and O6      |   4344 |   7894 |   5848 |   2.11 |   3.99 |   2.96 |
|     LUT as Shift Register  |  48965 |  61717 |  64521 |  23.83 |  31.21 |  32.63 |
|       using O5 output only |      2 |      3 |      0 |  <0.01 |  <0.01 |   0.00 |
|       using O6 output only |  42358 |  53346 |  56029 |  20.62 |  26.98 |  28.33 |
|       using O5 and O6      |   6605 |   8368 |   8492 |   3.22 |   4.23 |   4.29 |
| CLB Registers              | 246328 | 311120 | 307457 |  28.01 |  36.01 |  35.59 |
| CARRY8                     |   3539 |   5085 |   4925 |   6.44 |   9.42 |   9.12 |
| F7 Muxes                   |  21954 |  29467 |  31424 |   9.99 |  13.64 |  14.55 |
| F8 Muxes                   |     16 |    141 |     47 |   0.01 |   0.13 |   0.04 |
| F9 Muxes                   |      0 |      0 |      0 |   0.00 |   0.00 |   0.00 |
| Block RAM Tile             |   97.5 |  135.5 |    139 |  14.51 |  20.16 |  20.68 |
|   RAMB36/FIFO              |     94 |    132 |    134 |  13.99 |  19.64 |  19.94 |
|     RAMB36E2 only          |     94 |    132 |    134 |  13.99 |  19.64 |  19.94 |
|   RAMB18                   |      7 |      7 |     10 |   0.52 |   0.52 |   0.74 |
|     RAMB18E2 only          |      7 |      7 |     10 |   0.52 |   0.52 |   0.74 |
| URAM                       |    128 |    192 |    192 |  40.00 |  60.00 |  60.00 |
| DSPs                       |    172 |    258 |    262 |   5.97 |   8.40 |   8.53 |
| Unique Control Sets        |   5567 |   7070 |   7904 |   5.06 |   6.55 |   7.32 |
+----------------------------+--------+--------+--------+--------+--------+--------+
* Note: Available Control Sets based on CLB Registers / 8


4. SLR IO Utilization
---------------------

+-----------+-----------+---------+------------+----------+------------+----------+-----+
| SLR Index | Used IOBs | (%)IOBs | Used IPADs | (%)IPADs | Used OPADs | (%)OPADs | GTs |
+-----------+-----------+---------+------------+----------+------------+----------+-----+
| SLR2      |        18 |    8.65 |          0 |     0.00 |          0 |     0.00 |   0 |
| SLR1      |         0 |    0.00 |          0 |     0.00 |          0 |     0.00 |   0 |
| SLR0      |         1 |    0.48 |          0 |     0.00 |          0 |     0.00 |  16 |
+-----------+-----------+---------+------------+----------+------------+----------+-----+
| Total     |        19 |         |          0 |          |          0 |          |  16 |
+-----------+-----------+---------+------------+----------+------------+----------+-----+


