Copyright 1986-2021 Xilinx, Inc. All Rights Reserved.
--------------------------------------------------------------------------------------------------------------------------------------------------------------------------------------------------------------------------------------------------------------------------------------------------------------------------------------------------------------------------------------------------------------------------------------------------------------------------------------------------------------------------------------------------------------------------------------------------------------------------------------------------------------------------------------------------------------------------------
| Tool Version : Vivado v.2021.2 (lin64) Build 3367213 Tue Oct 19 02:47:39 MDT 2021
| Date         : Thu Oct 31 02:47:26 2024
| Host         : hacc-gpu0 running 64-bit Ubuntu 20.04.6 LTS
| Command      : report_accelerator_utilization -kernels { krnl_vaddmul:pfm_top_i/dynamic_region/krnl_vaddmul_1/inst:krnl_vaddmul_1 krnl_vaddmul:pfm_top_i/dynamic_region/krnl_vaddmul_2/inst:krnl_vaddmul_2 krnl_vaddmul:pfm_top_i/dynamic_region/krnl_vaddmul_3/inst:krnl_vaddmul_3 krnl_vaddmul:pfm_top_i/dynamic_region/krnl_vaddmul_4/inst:krnl_vaddmul_4 krnl_vaddmul:pfm_top_i/dynamic_region/krnl_vaddmul_5/inst:krnl_vaddmul_5 krnl_vaddmul:pfm_top_i/dynamic_region/krnl_vaddmul_6/inst:krnl_vaddmul_6 krnl_vaddmul:pfm_top_i/dynamic_region/krnl_vaddmul_7/inst:krnl_vaddmul_7 krnl_vaddmul:pfm_top_i/dynamic_region/krnl_vaddmul_8/inst:krnl_vaddmul_8} -file kernel_util_placed.rpt -name kernel_util_placed -json
| Design       : pfm_top_wrapper
| Device       : xcu280
| Design State : Fully Placed
--------------------------------------------------------------------------------------------------------------------------------------------------------------------------------------------------------------------------------------------------------------------------------------------------------------------------------------------------------------------------------------------------------------------------------------------------------------------------------------------------------------------------------------------------------------------------------------------------------------------------------------------------------------------------------------------------------------------------------

Accelerator Utilization Design Information

Table of Contents
-----------------
1. System Utilization

1. System Utilization
---------------------

+---------------------+-------------------+------------------+-------------------+----------------+---------------+----------------+
| Name                | LUT               | LUTAsMem         | REG               | BRAM           | URAM          | DSP            |
+---------------------+-------------------+------------------+-------------------+----------------+---------------+----------------+
| Platform            |  144241 [ 11.07%] |  22546 [  3.75%] |  232542 [  8.92%] |  204 [ 10.12%] |   0 [  0.00%] |    4 [  0.04%] |
| User Budget         | 1158479 [100.00%] | 577934 [100.00%] | 2374818 [100.00%] | 1812 [100.00%] | 960 [100.00%] | 9020 [100.00%] |
|    Used Resources   |  149969 [ 12.95%] |  15656 [  2.71%] |  217558 [  9.16%] |  128 [  7.06%] |   0 [  0.00%] |   32 [  0.35%] |
|    Unused Resources | 1008510 [ 87.05%] | 562278 [ 97.29%] | 2157260 [ 90.84%] | 1684 [ 92.94%] | 960 [100.00%] | 8988 [ 99.65%] |
| krnl_vaddmul        |  149969 [ 12.95%] |  15656 [  2.71%] |  217558 [  9.16%] |  128 [  7.06%] |   0 [  0.00%] |   32 [  0.35%] |
|    krnl_vaddmul_1   |   18739 [  1.62%] |   1957 [  0.34%] |   27186 [  1.14%] |   16 [  0.88%] |   0 [  0.00%] |    4 [  0.04%] |
|    krnl_vaddmul_2   |   18733 [  1.62%] |   1957 [  0.34%] |   27187 [  1.14%] |   16 [  0.88%] |   0 [  0.00%] |    4 [  0.04%] |
|    krnl_vaddmul_3   |   18731 [  1.62%] |   1957 [  0.34%] |   27224 [  1.15%] |   16 [  0.88%] |   0 [  0.00%] |    4 [  0.04%] |
|    krnl_vaddmul_4   |   18783 [  1.62%] |   1957 [  0.34%] |   27173 [  1.14%] |   16 [  0.88%] |   0 [  0.00%] |    4 [  0.04%] |
|    krnl_vaddmul_5   |   18749 [  1.62%] |   1957 [  0.34%] |   27202 [  1.15%] |   16 [  0.88%] |   0 [  0.00%] |    4 [  0.04%] |
|    krnl_vaddmul_6   |   18735 [  1.62%] |   1957 [  0.34%] |   27178 [  1.14%] |   16 [  0.88%] |   0 [  0.00%] |    4 [  0.04%] |
|    krnl_vaddmul_7   |   18751 [  1.62%] |   1957 [  0.34%] |   27200 [  1.15%] |   16 [  0.88%] |   0 [  0.00%] |    4 [  0.04%] |
|    krnl_vaddmul_8   |   18748 [  1.62%] |   1957 [  0.34%] |   27208 [  1.15%] |   16 [  0.88%] |   0 [  0.00%] |    4 [  0.04%] |
+---------------------+-------------------+------------------+-------------------+----------------+---------------+----------------+


