Copyright 1986-2021 Xilinx, Inc. All Rights Reserved.
--------------------------------------------------------------------------------------------------------------------------------------------------------------------------------------------------------------------------------------------------------------------------------------------------------------------------------------------------------------------------------------------------------------------------------------------------------------------------------------------------------------------------------------------------------------------------------------------------------------------------------------------------------------------------------------------------------------------------------
| Tool Version : Vivado v.2021.2 (lin64) Build 3367213 Tue Oct 19 02:47:39 MDT 2021
| Date         : Mon Oct 28 22:10:30 2024
| Host         : hacc-gpu0 running 64-bit Ubuntu 20.04.6 LTS
| Command      : report_accelerator_utilization -kernels { krnl_vaddmul:pfm_top_i/dynamic_region/krnl_vaddmul_1/inst:krnl_vaddmul_1 krnl_vaddmul:pfm_top_i/dynamic_region/krnl_vaddmul_2/inst:krnl_vaddmul_2 krnl_vaddmul:pfm_top_i/dynamic_region/krnl_vaddmul_3/inst:krnl_vaddmul_3 krnl_vaddmul:pfm_top_i/dynamic_region/krnl_vaddmul_4/inst:krnl_vaddmul_4 krnl_vaddmul:pfm_top_i/dynamic_region/krnl_vaddmul_5/inst:krnl_vaddmul_5 krnl_vaddmul:pfm_top_i/dynamic_region/krnl_vaddmul_6/inst:krnl_vaddmul_6 krnl_vaddmul:pfm_top_i/dynamic_region/krnl_vaddmul_7/inst:krnl_vaddmul_7 krnl_vaddmul:pfm_top_i/dynamic_region/krnl_vaddmul_8/inst:krnl_vaddmul_8} -file kernel_util_routed.rpt -name kernel_util_routed -json
| Design       : pfm_top_wrapper
| Device       : xcu280
| Design State : Routed
--------------------------------------------------------------------------------------------------------------------------------------------------------------------------------------------------------------------------------------------------------------------------------------------------------------------------------------------------------------------------------------------------------------------------------------------------------------------------------------------------------------------------------------------------------------------------------------------------------------------------------------------------------------------------------------------------------------------------------

Accelerator Utilization Design Information

Table of Contents
-----------------
1. System Utilization

1. System Utilization
---------------------

+---------------------+-------------------+------------------+-------------------+----------------+---------------+----------------+
| Name                | LUT               | LUTAsMem         | REG               | BRAM           | URAM          | DSP            |
+---------------------+-------------------+------------------+-------------------+----------------+---------------+----------------+
| Platform            |  144256 [ 11.07%] |  22546 [  3.75%] |  232748 [  8.93%] |  204 [ 10.12%] |   0 [  0.00%] |    4 [  0.04%] |
| User Budget         | 1158464 [100.00%] | 577934 [100.00%] | 2374612 [100.00%] | 1812 [100.00%] | 960 [100.00%] | 9020 [100.00%] |
|    Used Resources   |   43349 [  3.74%] |  11696 [  2.02%] |   80045 [  3.37%] |  128 [  7.06%] |   0 [  0.00%] |   32 [  0.35%] |
|    Unused Resources | 1115115 [ 96.26%] | 566238 [ 97.98%] | 2294567 [ 96.63%] | 1684 [ 92.94%] | 960 [100.00%] | 8988 [ 99.65%] |
| krnl_vaddmul        |   43349 [  3.74%] |  11696 [  2.02%] |   80045 [  3.37%] |  128 [  7.06%] |   0 [  0.00%] |   32 [  0.35%] |
|    krnl_vaddmul_1   |    5417 [  0.47%] |   1462 [  0.25%] |   10019 [  0.42%] |   16 [  0.88%] |   0 [  0.00%] |    4 [  0.04%] |
|    krnl_vaddmul_2   |    5416 [  0.47%] |   1462 [  0.25%] |   10007 [  0.42%] |   16 [  0.88%] |   0 [  0.00%] |    4 [  0.04%] |
|    krnl_vaddmul_3   |    5430 [  0.47%] |   1462 [  0.25%] |   10000 [  0.42%] |   16 [  0.88%] |   0 [  0.00%] |    4 [  0.04%] |
|    krnl_vaddmul_4   |    5419 [  0.47%] |   1462 [  0.25%] |   10018 [  0.42%] |   16 [  0.88%] |   0 [  0.00%] |    4 [  0.04%] |
|    krnl_vaddmul_5   |    5428 [  0.47%] |   1462 [  0.25%] |   10003 [  0.42%] |   16 [  0.88%] |   0 [  0.00%] |    4 [  0.04%] |
|    krnl_vaddmul_6   |    5406 [  0.47%] |   1462 [  0.25%] |    9984 [  0.42%] |   16 [  0.88%] |   0 [  0.00%] |    4 [  0.04%] |
|    krnl_vaddmul_7   |    5414 [  0.47%] |   1462 [  0.25%] |   10008 [  0.42%] |   16 [  0.88%] |   0 [  0.00%] |    4 [  0.04%] |
|    krnl_vaddmul_8   |    5419 [  0.47%] |   1462 [  0.25%] |   10006 [  0.42%] |   16 [  0.88%] |   0 [  0.00%] |    4 [  0.04%] |
+---------------------+-------------------+------------------+-------------------+----------------+---------------+----------------+


