Copyright 1986-2021 Xilinx, Inc. All Rights Reserved.
---------------------------------------------------------------------------------------------------------------------------------------------------------------------------------------------------------------------------------------------------------------------------------------------------------------------------------------------------
| Tool Version : Vivado v.2021.2 (lin64) Build 3367213 Tue Oct 19 02:47:39 MDT 2021
| Date         : Fri Nov  8 05:03:46 2024
| Host         : hacc-gpu0 running 64-bit Ubuntu 20.04.6 LTS
| Command      : report_accelerator_utilization -kernels { krnl_vaddmul:pfm_top_i/dynamic_region/krnl_vaddmul_1/inst:krnl_vaddmul_1 krnl_vaddmul:pfm_top_i/dynamic_region/krnl_vaddmul_2/inst:krnl_vaddmul_2 krnl_vaddmul:pfm_top_i/dynamic_region/krnl_vaddmul_3/inst:krnl_vaddmul_3} -file kernel_util_placed.rpt -name kernel_util_placed -json
| Design       : pfm_top_wrapper
| Device       : xcu280
| Design State : Fully Placed
---------------------------------------------------------------------------------------------------------------------------------------------------------------------------------------------------------------------------------------------------------------------------------------------------------------------------------------------------

Accelerator Utilization Design Information

Table of Contents
-----------------
1. System Utilization

1. System Utilization
---------------------

+---------------------+-------------------+------------------+-------------------+----------------+---------------+----------------+
| Name                | LUT               | LUTAsMem         | REG               | BRAM           | URAM          | DSP            |
+---------------------+-------------------+------------------+-------------------+----------------+---------------+----------------+
| Platform            |  128205 [  9.84%] |  22012 [  3.67%] |  194651 [  7.47%] |  204 [ 10.12%] |   0 [  0.00%] |    4 [  0.04%] |
| User Budget         | 1174515 [100.00%] | 578468 [100.00%] | 2412709 [100.00%] | 1812 [100.00%] | 960 [100.00%] | 9020 [100.00%] |
|    Used Resources   |   98537 [  8.39%] |  10455 [  1.81%] |  150735 [  6.25%] |  270 [ 14.90%] |   0 [  0.00%] |  300 [  3.33%] |
|    Unused Resources | 1075978 [ 91.61%] | 568013 [ 98.19%] | 2261974 [ 93.75%] | 1542 [ 85.10%] | 960 [100.00%] | 8720 [ 96.67%] |
| krnl_vaddmul        |   98537 [  8.39%] |  10455 [  1.81%] |  150735 [  6.25%] |  270 [ 14.90%] |   0 [  0.00%] |  300 [  3.33%] |
|    krnl_vaddmul_1   |   33001 [  2.81%] |   3485 [  0.60%] |   50375 [  2.09%] |   90 [  4.97%] |   0 [  0.00%] |  100 [  1.11%] |
|    krnl_vaddmul_2   |   32804 [  2.79%] |   3485 [  0.60%] |   50188 [  2.08%] |   90 [  4.97%] |   0 [  0.00%] |  100 [  1.11%] |
|    krnl_vaddmul_3   |   32732 [  2.79%] |   3485 [  0.60%] |   50172 [  2.08%] |   90 [  4.97%] |   0 [  0.00%] |  100 [  1.11%] |
+---------------------+-------------------+------------------+-------------------+----------------+---------------+----------------+


