Copyright 1986-2021 Xilinx, Inc. All Rights Reserved.
---------------------------------------------------------------------------------------------------------------------------------------------------------------------------------------------------------------------------------------------------------------------------------------------------------------------------------------------------
| Tool Version : Vivado v.2021.2 (lin64) Build 3367213 Tue Oct 19 02:47:39 MDT 2021
| Date         : Tue Nov  5 04:59:46 2024
| Host         : hacc-gpu0 running 64-bit Ubuntu 20.04.6 LTS
| Command      : report_accelerator_utilization -kernels { krnl_vaddmul:pfm_top_i/dynamic_region/krnl_vaddmul_1/inst:krnl_vaddmul_1 krnl_vaddmul:pfm_top_i/dynamic_region/krnl_vaddmul_2/inst:krnl_vaddmul_2 krnl_vaddmul:pfm_top_i/dynamic_region/krnl_vaddmul_3/inst:krnl_vaddmul_3} -file kernel_util_placed.rpt -name kernel_util_placed -json
| Design       : pfm_top_wrapper
| Device       : xcu280
| Design State : Fully Placed
---------------------------------------------------------------------------------------------------------------------------------------------------------------------------------------------------------------------------------------------------------------------------------------------------------------------------------------------------

Accelerator Utilization Design Information

Table of Contents
-----------------
1. System Utilization

1. System Utilization
---------------------

+---------------------+-------------------+------------------+-------------------+----------------+---------------+----------------+
| Name                | LUT               | LUTAsMem         | REG               | BRAM           | URAM          | DSP            |
+---------------------+-------------------+------------------+-------------------+----------------+---------------+----------------+
| Platform            |  121781 [  9.35%] |  16042 [  2.67%] |  181015 [  6.94%] |  204 [ 10.12%] |   0 [  0.00%] |    4 [  0.04%] |
| User Budget         | 1180939 [100.00%] | 584438 [100.00%] | 2426345 [100.00%] | 1812 [100.00%] | 960 [100.00%] | 9020 [100.00%] |
|    Used Resources   |   39953 [  3.38%] |   4434 [  0.76%] |   55690 [  2.30%] |   93 [  5.13%] |   0 [  0.00%] |   24 [  0.27%] |
|    Unused Resources | 1140986 [ 96.62%] | 580004 [ 99.24%] | 2370655 [ 97.70%] | 1719 [ 94.87%] | 960 [100.00%] | 8996 [ 99.73%] |
| krnl_vaddmul        |   39953 [  3.38%] |   4434 [  0.76%] |   55690 [  2.30%] |   93 [  5.13%] |   0 [  0.00%] |   24 [  0.27%] |
|    krnl_vaddmul_1   |   13263 [  1.12%] |   1478 [  0.25%] |   18550 [  0.76%] |   31 [  1.71%] |   0 [  0.00%] |    8 [  0.09%] |
|    krnl_vaddmul_2   |   13344 [  1.13%] |   1478 [  0.25%] |   18578 [  0.77%] |   31 [  1.71%] |   0 [  0.00%] |    8 [  0.09%] |
|    krnl_vaddmul_3   |   13346 [  1.13%] |   1478 [  0.25%] |   18562 [  0.77%] |   31 [  1.71%] |   0 [  0.00%] |    8 [  0.09%] |
+---------------------+-------------------+------------------+-------------------+----------------+---------------+----------------+


