Copyright 1986-2021 Xilinx, Inc. All Rights Reserved.
--------------------------------------------------------------------------------------------------------------------------------------------------------------------------------------------------------------------------------------------------------------------------------------------------------------------------------------------------------------------------------------------------------------------------------------------------------------------------------------------------------------------------------------------------------------------------------------------------------------------------------------------------------------------------------------------------------------------------------
| Tool Version : Vivado v.2021.2 (lin64) Build 3367213 Tue Oct 19 02:47:39 MDT 2021
| Date         : Sun Oct 27 12:53:48 2024
| Host         : hacc-gpu0 running 64-bit Ubuntu 20.04.6 LTS
| Command      : report_accelerator_utilization -kernels { krnl_vaddmul:pfm_top_i/dynamic_region/krnl_vaddmul_1/inst:krnl_vaddmul_1 krnl_vaddmul:pfm_top_i/dynamic_region/krnl_vaddmul_2/inst:krnl_vaddmul_2 krnl_vaddmul:pfm_top_i/dynamic_region/krnl_vaddmul_3/inst:krnl_vaddmul_3 krnl_vaddmul:pfm_top_i/dynamic_region/krnl_vaddmul_4/inst:krnl_vaddmul_4 krnl_vaddmul:pfm_top_i/dynamic_region/krnl_vaddmul_5/inst:krnl_vaddmul_5 krnl_vaddmul:pfm_top_i/dynamic_region/krnl_vaddmul_6/inst:krnl_vaddmul_6 krnl_vaddmul:pfm_top_i/dynamic_region/krnl_vaddmul_7/inst:krnl_vaddmul_7 krnl_vaddmul:pfm_top_i/dynamic_region/krnl_vaddmul_8/inst:krnl_vaddmul_8} -file kernel_util_placed.rpt -name kernel_util_placed -json
| Design       : pfm_top_wrapper
| Device       : xcu280
| Design State : Fully Placed
--------------------------------------------------------------------------------------------------------------------------------------------------------------------------------------------------------------------------------------------------------------------------------------------------------------------------------------------------------------------------------------------------------------------------------------------------------------------------------------------------------------------------------------------------------------------------------------------------------------------------------------------------------------------------------------------------------------------------------

Accelerator Utilization Design Information

Table of Contents
-----------------
1. System Utilization

1. System Utilization
---------------------

+---------------------+-------------------+------------------+-------------------+----------------+---------------+----------------+
| Name                | LUT               | LUTAsMem         | REG               | BRAM           | URAM          | DSP            |
+---------------------+-------------------+------------------+-------------------+----------------+---------------+----------------+
| Platform            |  182290 [ 13.99%] |  46835 [  7.80%] |  298171 [ 11.44%] |  204 [ 10.12%] |   0 [  0.00%] |    4 [  0.04%] |
| User Budget         | 1120430 [100.00%] | 553645 [100.00%] | 2309189 [100.00%] | 1812 [100.00%] | 960 [100.00%] | 9020 [100.00%] |
|    Used Resources   |  121733 [ 10.86%] |  23208 [  4.19%] |  281745 [ 12.20%] |  720 [ 39.74%] |   0 [  0.00%] | 1568 [ 17.38%] |
|    Unused Resources |  998697 [ 89.14%] | 530437 [ 95.81%] | 2027444 [ 87.80%] | 1092 [ 60.26%] | 960 [100.00%] | 7452 [ 82.62%] |
| krnl_vaddmul        |  121733 [ 10.86%] |  23208 [  4.19%] |  281745 [ 12.20%] |  720 [ 39.74%] |   0 [  0.00%] | 1568 [ 17.38%] |
|    krnl_vaddmul_1   |   15122 [  1.35%] |   2901 [  0.52%] |   35199 [  1.52%] |   90 [  4.97%] |   0 [  0.00%] |  196 [  2.17%] |
|    krnl_vaddmul_2   |   15209 [  1.36%] |   2901 [  0.52%] |   35197 [  1.52%] |   90 [  4.97%] |   0 [  0.00%] |  196 [  2.17%] |
|    krnl_vaddmul_3   |   15352 [  1.37%] |   2901 [  0.52%] |   35183 [  1.52%] |   90 [  4.97%] |   0 [  0.00%] |  196 [  2.17%] |
|    krnl_vaddmul_4   |   15144 [  1.35%] |   2901 [  0.52%] |   35262 [  1.53%] |   90 [  4.97%] |   0 [  0.00%] |  196 [  2.17%] |
|    krnl_vaddmul_5   |   15109 [  1.35%] |   2901 [  0.52%] |   35164 [  1.52%] |   90 [  4.97%] |   0 [  0.00%] |  196 [  2.17%] |
|    krnl_vaddmul_6   |   15217 [  1.36%] |   2901 [  0.52%] |   35274 [  1.53%] |   90 [  4.97%] |   0 [  0.00%] |  196 [  2.17%] |
|    krnl_vaddmul_7   |   15187 [  1.36%] |   2901 [  0.52%] |   35328 [  1.53%] |   90 [  4.97%] |   0 [  0.00%] |  196 [  2.17%] |
|    krnl_vaddmul_8   |   15393 [  1.37%] |   2901 [  0.52%] |   35138 [  1.52%] |   90 [  4.97%] |   0 [  0.00%] |  196 [  2.17%] |
+---------------------+-------------------+------------------+-------------------+----------------+---------------+----------------+


