Copyright 1986-2021 Xilinx, Inc. All Rights Reserved.
--------------------------------------------------------------------------------------------------------------------------------------------------------------------------------------------------------------------------------------------------------------------------------------------------------------------------------------------------------------------------------------------------------------------------------------------------------------------------------------------------------------------------------------------------------------------------------------------------------------------------------------------------------------------------------------------------------------------------------
| Tool Version : Vivado v.2021.2 (lin64) Build 3367213 Tue Oct 19 02:47:39 MDT 2021
| Date         : Wed Oct 30 05:29:03 2024
| Host         : hacc-gpu0 running 64-bit Ubuntu 20.04.6 LTS
| Command      : report_accelerator_utilization -kernels { krnl_vaddmul:pfm_top_i/dynamic_region/krnl_vaddmul_1/inst:krnl_vaddmul_1 krnl_vaddmul:pfm_top_i/dynamic_region/krnl_vaddmul_2/inst:krnl_vaddmul_2 krnl_vaddmul:pfm_top_i/dynamic_region/krnl_vaddmul_3/inst:krnl_vaddmul_3 krnl_vaddmul:pfm_top_i/dynamic_region/krnl_vaddmul_4/inst:krnl_vaddmul_4 krnl_vaddmul:pfm_top_i/dynamic_region/krnl_vaddmul_5/inst:krnl_vaddmul_5 krnl_vaddmul:pfm_top_i/dynamic_region/krnl_vaddmul_6/inst:krnl_vaddmul_6 krnl_vaddmul:pfm_top_i/dynamic_region/krnl_vaddmul_7/inst:krnl_vaddmul_7 krnl_vaddmul:pfm_top_i/dynamic_region/krnl_vaddmul_8/inst:krnl_vaddmul_8} -file kernel_util_routed.rpt -name kernel_util_routed -json
| Design       : pfm_top_wrapper
| Device       : xcu280
| Design State : Routed
--------------------------------------------------------------------------------------------------------------------------------------------------------------------------------------------------------------------------------------------------------------------------------------------------------------------------------------------------------------------------------------------------------------------------------------------------------------------------------------------------------------------------------------------------------------------------------------------------------------------------------------------------------------------------------------------------------------------------------

Accelerator Utilization Design Information

Table of Contents
-----------------
1. System Utilization

1. System Utilization
---------------------

+---------------------+-------------------+------------------+-------------------+----------------+---------------+----------------+
| Name                | LUT               | LUTAsMem         | REG               | BRAM           | URAM          | DSP            |
+---------------------+-------------------+------------------+-------------------+----------------+---------------+----------------+
| Platform            |  144255 [ 11.07%] |  22546 [  3.75%] |  232540 [  8.92%] |  204 [ 10.12%] |   0 [  0.00%] |    4 [  0.04%] |
| User Budget         | 1158465 [100.00%] | 577934 [100.00%] | 2374820 [100.00%] | 1812 [100.00%] | 960 [100.00%] | 9020 [100.00%] |
|    Used Resources   |  143147 [ 12.36%] |  13744 [  2.38%] |  217486 [  9.16%] |  128 [  7.06%] |   0 [  0.00%] |   32 [  0.35%] |
|    Unused Resources | 1015318 [ 87.64%] | 564190 [ 97.62%] | 2157334 [ 90.84%] | 1684 [ 92.94%] | 960 [100.00%] | 8988 [ 99.65%] |
| krnl_vaddmul        |  143147 [ 12.36%] |  13744 [  2.38%] |  217486 [  9.16%] |  128 [  7.06%] |   0 [  0.00%] |   32 [  0.35%] |
|    krnl_vaddmul_1   |   17879 [  1.54%] |   1718 [  0.30%] |   27193 [  1.15%] |   16 [  0.88%] |   0 [  0.00%] |    4 [  0.04%] |
|    krnl_vaddmul_2   |   17888 [  1.54%] |   1718 [  0.30%] |   27209 [  1.15%] |   16 [  0.88%] |   0 [  0.00%] |    4 [  0.04%] |
|    krnl_vaddmul_3   |   17905 [  1.55%] |   1718 [  0.30%] |   27187 [  1.14%] |   16 [  0.88%] |   0 [  0.00%] |    4 [  0.04%] |
|    krnl_vaddmul_4   |   17892 [  1.54%] |   1718 [  0.30%] |   27171 [  1.14%] |   16 [  0.88%] |   0 [  0.00%] |    4 [  0.04%] |
|    krnl_vaddmul_5   |   17901 [  1.55%] |   1718 [  0.30%] |   27202 [  1.15%] |   16 [  0.88%] |   0 [  0.00%] |    4 [  0.04%] |
|    krnl_vaddmul_6   |   17884 [  1.54%] |   1718 [  0.30%] |   27172 [  1.14%] |   16 [  0.88%] |   0 [  0.00%] |    4 [  0.04%] |
|    krnl_vaddmul_7   |   17883 [  1.54%] |   1718 [  0.30%] |   27183 [  1.14%] |   16 [  0.88%] |   0 [  0.00%] |    4 [  0.04%] |
|    krnl_vaddmul_8   |   17915 [  1.55%] |   1718 [  0.30%] |   27169 [  1.14%] |   16 [  0.88%] |   0 [  0.00%] |    4 [  0.04%] |
+---------------------+-------------------+------------------+-------------------+----------------+---------------+----------------+


