Copyright 1986-2021 Xilinx, Inc. All Rights Reserved.
--------------------------------------------------------------------------------------------------------------------------------------------------------------------------------------------------------------------------------------------------------------------------------------------------------------------------------------------------------------------------------------------------------------------------------------------------------------------------------------------------------------------------------------------------------------------------------------------------------------------------------------------------------------------------------------------------------------------------------
| Tool Version : Vivado v.2021.2 (lin64) Build 3367213 Tue Oct 19 02:47:39 MDT 2021
| Date         : Fri Nov  1 02:56:34 2024
| Host         : hacc-gpu0 running 64-bit Ubuntu 20.04.6 LTS
| Command      : report_accelerator_utilization -kernels { krnl_vaddmul:pfm_top_i/dynamic_region/krnl_vaddmul_1/inst:krnl_vaddmul_1 krnl_vaddmul:pfm_top_i/dynamic_region/krnl_vaddmul_2/inst:krnl_vaddmul_2 krnl_vaddmul:pfm_top_i/dynamic_region/krnl_vaddmul_3/inst:krnl_vaddmul_3 krnl_vaddmul:pfm_top_i/dynamic_region/krnl_vaddmul_4/inst:krnl_vaddmul_4 krnl_vaddmul:pfm_top_i/dynamic_region/krnl_vaddmul_5/inst:krnl_vaddmul_5 krnl_vaddmul:pfm_top_i/dynamic_region/krnl_vaddmul_6/inst:krnl_vaddmul_6 krnl_vaddmul:pfm_top_i/dynamic_region/krnl_vaddmul_7/inst:krnl_vaddmul_7 krnl_vaddmul:pfm_top_i/dynamic_region/krnl_vaddmul_8/inst:krnl_vaddmul_8} -file kernel_util_placed.rpt -name kernel_util_placed -json
| Design       : pfm_top_wrapper
| Device       : xcu280
| Design State : Fully Placed
--------------------------------------------------------------------------------------------------------------------------------------------------------------------------------------------------------------------------------------------------------------------------------------------------------------------------------------------------------------------------------------------------------------------------------------------------------------------------------------------------------------------------------------------------------------------------------------------------------------------------------------------------------------------------------------------------------------------------------

Accelerator Utilization Design Information

Table of Contents
-----------------
1. System Utilization

1. System Utilization
---------------------

+---------------------+-------------------+------------------+-------------------+----------------+---------------+----------------+
| Name                | LUT               | LUTAsMem         | REG               | BRAM           | URAM          | DSP            |
+---------------------+-------------------+------------------+-------------------+----------------+---------------+----------------+
| Platform            |  178257 [ 13.68%] |  42611 [  7.10%] |  281916 [ 10.81%] |  204 [ 10.12%] |   0 [  0.00%] |    4 [  0.04%] |
| User Budget         | 1124463 [100.00%] | 557869 [100.00%] | 2325444 [100.00%] | 1812 [100.00%] | 960 [100.00%] | 9020 [100.00%] |
|    Used Resources   |  494718 [ 44.00%] |  37375 [  6.70%] |  692946 [ 29.80%] |  432 [ 23.84%] |   0 [  0.00%] |   32 [  0.35%] |
|    Unused Resources |  629745 [ 56.00%] | 520494 [ 93.30%] | 1632498 [ 70.20%] | 1380 [ 76.16%] | 960 [100.00%] | 8988 [ 99.65%] |
| krnl_vaddmul        |  494718 [ 44.00%] |  37375 [  6.70%] |  692946 [ 29.80%] |  432 [ 23.84%] |   0 [  0.00%] |   32 [  0.35%] |
|    krnl_vaddmul_1   |   61823 [  5.50%] |   4672 [  0.84%] |   86563 [  3.72%] |   54 [  2.98%] |   0 [  0.00%] |    4 [  0.04%] |
|    krnl_vaddmul_2   |   61823 [  5.50%] |   4672 [  0.84%] |   86639 [  3.73%] |   54 [  2.98%] |   0 [  0.00%] |    4 [  0.04%] |
|    krnl_vaddmul_3   |   61783 [  5.49%] |   4672 [  0.84%] |   86612 [  3.72%] |   54 [  2.98%] |   0 [  0.00%] |    4 [  0.04%] |
|    krnl_vaddmul_4   |   61791 [  5.50%] |   4672 [  0.84%] |   86577 [  3.72%] |   54 [  2.98%] |   0 [  0.00%] |    4 [  0.04%] |
|    krnl_vaddmul_5   |   61938 [  5.51%] |   4672 [  0.84%] |   86647 [  3.73%] |   54 [  2.98%] |   0 [  0.00%] |    4 [  0.04%] |
|    krnl_vaddmul_6   |   61942 [  5.51%] |   4672 [  0.84%] |   86616 [  3.72%] |   54 [  2.98%] |   0 [  0.00%] |    4 [  0.04%] |
|    krnl_vaddmul_7   |   61823 [  5.50%] |   4672 [  0.84%] |   86656 [  3.73%] |   54 [  2.98%] |   0 [  0.00%] |    4 [  0.04%] |
|    krnl_vaddmul_8   |   61795 [  5.50%] |   4671 [  0.84%] |   86636 [  3.73%] |   54 [  2.98%] |   0 [  0.00%] |    4 [  0.04%] |
+---------------------+-------------------+------------------+-------------------+----------------+---------------+----------------+


