Copyright 1986-2021 Xilinx, Inc. All Rights Reserved.
----------------------------------------------------------------------------------------------------------------------------------------------------------------------------------
| Tool Version : Vivado v.2021.2 (lin64) Build 3367213 Tue Oct 19 02:47:39 MDT 2021
| Date         : Thu Dec 19 00:27:32 2024
| Host         : hacc-gpu0 running 64-bit Ubuntu 20.04.6 LTS
| Command      : report_accelerator_utilization -kernels { overlay:pfm_top_i/dynamic_region/overlay_1/inst:overlay_1} -file kernel_util_routed.rpt -name kernel_util_routed -json
| Design       : pfm_top_wrapper
| Device       : xcu280
| Design State : Routed
----------------------------------------------------------------------------------------------------------------------------------------------------------------------------------

Accelerator Utilization Design Information

Table of Contents
-----------------
1. System Utilization

1. System Utilization
---------------------

+---------------------+-------------------+------------------+-------------------+----------------+---------------+----------------+
| Name                | LUT               | LUTAsMem         | REG               | BRAM           | URAM          | DSP            |
+---------------------+-------------------+------------------+-------------------+----------------+---------------+----------------+
| Platform            |  158113 [ 12.14%] |  21992 [  3.66%] |  245827 [  9.43%] |  303 [ 15.03%] |   0 [  0.00%] |    7 [  0.08%] |
| User Budget         | 1144607 [100.00%] | 578488 [100.00%] | 2361533 [100.00%] | 1713 [100.00%] | 960 [100.00%] | 9017 [100.00%] |
|    Used Resources   |   90908 [  7.94%] |  24647 [  4.26%] |   97752 [  4.14%] | 1336 [ 77.99%] | 945 [ 98.44%] |  135 [  1.50%] |
|    Unused Resources | 1053699 [ 92.06%] | 553841 [ 95.74%] | 2263781 [ 95.86%] |  377 [ 22.01%] |  15 [  1.56%] | 8882 [ 98.50%] |
| overlay             |   90908 [  7.94%] |  24647 [  4.26%] |   97752 [  4.14%] | 1336 [ 77.99%] | 945 [ 98.44%] |  135 [  1.50%] |
|    overlay_1        |   90908 [  7.94%] |  24647 [  4.26%] |   97752 [  4.14%] | 1336 [ 77.99%] | 945 [ 98.44%] |  135 [  1.50%] |
+---------------------+-------------------+------------------+-------------------+----------------+---------------+----------------+


