Copyright 1986-2021 Xilinx, Inc. All Rights Reserved.
-----------------------------------------------------------------------------------------------------------------------------------------------------------------------------------------------------------------------------------------------------------------------------------------------------------------------------------------------------
| Tool Version : Vivado v.2021.2 (lin64) Build 3367213 Tue Oct 19 02:47:39 MDT 2021
| Date         : Tue Nov  5 13:47:26 2024
| Host         : hacc-gpu0 running 64-bit Ubuntu 20.04.6 LTS
| Command      : report_accelerator_utilization -kernels { krnl_vaddmul:pfm_top_i/dynamic_region/krnl_vaddmul_1/inst:krnl_vaddmul_1 krnl_vaddmul:pfm_top_i/dynamic_region/krnl_vaddmul_2/inst:krnl_vaddmul_2 krnl_vaddmul:pfm_top_i/dynamic_region/krnl_vaddmul_3/inst:krnl_vaddmul_3} -file kernel_util_synthed.rpt -name kernel_util_synthed -json
| Design       : pfm_top_wrapper
| Device       : xcu280
| Design State : Synthesized
-----------------------------------------------------------------------------------------------------------------------------------------------------------------------------------------------------------------------------------------------------------------------------------------------------------------------------------------------------

Accelerator Utilization Design Information

Table of Contents
-----------------
1. System Utilization

1. System Utilization
---------------------

+---------------------+-------------------+------------------+-------------------+----------------+---------------+----------------+
| Name                | LUT               | LUTAsMem         | REG               | BRAM           | URAM          | DSP            |
+---------------------+-------------------+------------------+-------------------+----------------+---------------+----------------+
| Platform            |  150753 [ 11.57%] |  28030 [  4.67%] |  217592 [  8.35%] |  204 [ 10.12%] |   0 [  0.00%] |    4 [  0.04%] |
| User Budget         | 1151967 [100.00%] | 572450 [100.00%] | 2389768 [100.00%] | 1812 [100.00%] | 960 [100.00%] | 9020 [100.00%] |
|    Used Resources   |  110625 [  9.60%] |  14211 [  2.48%] |  113616 [  4.75%] |  183 [ 10.10%] |   0 [  0.00%] |   24 [  0.27%] |
|    Unused Resources | 1041342 [ 90.40%] | 558239 [ 97.52%] | 2276152 [ 95.25%] | 1629 [ 89.90%] | 960 [100.00%] | 8996 [ 99.73%] |
| krnl_vaddmul        |  110625 [  9.60%] |  14211 [  2.48%] |  113616 [  4.75%] |  183 [ 10.10%] |   0 [  0.00%] |   24 [  0.27%] |
|    krnl_vaddmul_1   |   36875 [  3.20%] |   4737 [  0.83%] |   37872 [  1.58%] |   61 [  3.37%] |   0 [  0.00%] |    8 [  0.09%] |
|    krnl_vaddmul_2   |   36875 [  3.20%] |   4737 [  0.83%] |   37872 [  1.58%] |   61 [  3.37%] |   0 [  0.00%] |    8 [  0.09%] |
|    krnl_vaddmul_3   |   36875 [  3.20%] |   4737 [  0.83%] |   37872 [  1.58%] |   61 [  3.37%] |   0 [  0.00%] |    8 [  0.09%] |
+---------------------+-------------------+------------------+-------------------+----------------+---------------+----------------+


