Copyright 1986-2021 Xilinx, Inc. All Rights Reserved.
----------------------------------------------------------------------------------------------------------------------------------------------------------------------------------------------------------------------------------------------------------------------------------------------------------------------------------------------------------------------------------------------------------------------------
| Tool Version : Vivado v.2021.2 (lin64) Build 3367213 Tue Oct 19 02:47:39 MDT 2021
| Date         : Wed Nov 13 00:16:16 2024
| Host         : hacc-gpu0 running 64-bit Ubuntu 20.04.6 LTS
| Command      : report_accelerator_utilization -kernels { krnl_vaddmul:pfm_top_i/dynamic_region/krnl_vaddmul_1/inst:krnl_vaddmul_1 krnl_vaddmul:pfm_top_i/dynamic_region/krnl_vaddmul_2/inst:krnl_vaddmul_2 krnl_vaddmul:pfm_top_i/dynamic_region/krnl_vaddmul_3/inst:krnl_vaddmul_3 krnl_vaddmul:pfm_top_i/dynamic_region/krnl_vaddmul_4/inst:krnl_vaddmul_4} -file kernel_util_routed.rpt -name kernel_util_routed -json
| Design       : pfm_top_wrapper
| Device       : xcu280
| Design State : Routed
----------------------------------------------------------------------------------------------------------------------------------------------------------------------------------------------------------------------------------------------------------------------------------------------------------------------------------------------------------------------------------------------------------------------------

Accelerator Utilization Design Information

Table of Contents
-----------------
1. System Utilization

1. System Utilization
---------------------

+---------------------+-------------------+------------------+-------------------+----------------+---------------+----------------+
| Name                | LUT               | LUTAsMem         | REG               | BRAM           | URAM          | DSP            |
+---------------------+-------------------+------------------+-------------------+----------------+---------------+----------------+
| Platform            |  137340 [ 10.54%] |  26262 [  4.37%] |  210713 [  8.08%] |  204 [ 10.12%] |   0 [  0.00%] |    4 [  0.04%] |
| User Budget         | 1165380 [100.00%] | 574218 [100.00%] | 2396647 [100.00%] | 1812 [100.00%] | 960 [100.00%] | 9020 [100.00%] |
|    Used Resources   |  112152 [  9.62%] |   8248 [  1.44%] |  141551 [  5.91%] |  244 [ 13.47%] |   0 [  0.00%] |  336 [  3.73%] |
|    Unused Resources | 1053228 [ 90.38%] | 565970 [ 98.56%] | 2255096 [ 94.09%] | 1568 [ 86.53%] | 960 [100.00%] | 8684 [ 96.27%] |
| krnl_vaddmul        |  112152 [  9.62%] |   8248 [  1.44%] |  141551 [  5.91%] |  244 [ 13.47%] |   0 [  0.00%] |  336 [  3.73%] |
|    krnl_vaddmul_1   |   28070 [  2.41%] |   2062 [  0.36%] |   35498 [  1.48%] |   61 [  3.37%] |   0 [  0.00%] |   84 [  0.93%] |
|    krnl_vaddmul_2   |   27945 [  2.40%] |   2062 [  0.36%] |   35670 [  1.49%] |   61 [  3.37%] |   0 [  0.00%] |   84 [  0.93%] |
|    krnl_vaddmul_3   |   28248 [  2.42%] |   2062 [  0.36%] |   35327 [  1.47%] |   61 [  3.37%] |   0 [  0.00%] |   84 [  0.93%] |
|    krnl_vaddmul_4   |   27889 [  2.39%] |   2062 [  0.36%] |   35056 [  1.46%] |   61 [  3.37%] |   0 [  0.00%] |   84 [  0.93%] |
+---------------------+-------------------+------------------+-------------------+----------------+---------------+----------------+


