Copyright 1986-2021 Xilinx, Inc. All Rights Reserved.
------------------------------------------------------------------------------------------
| Tool Version : Vivado v.2021.2 (lin64) Build 3367213 Tue Oct 19 02:47:39 MDT 2021
| Date         : Wed Nov 20 23:17:50 2024
| Host         : hacc-gpu0 running 64-bit Ubuntu 20.04.6 LTS
| Command      : report_utilization -slr -file slr_util_placed.rpt -pb slr_util_placed.pb
| Design       : pfm_top_wrapper
| Device       : xcu280-fsvh2892-2L-e
| Speed File   : -2L
| Design State : Fully Placed
------------------------------------------------------------------------------------------

Utilization Design Information

Table of Contents
-----------------
1. SLR Connectivity
2. SLR Connectivity Matrix
3. SLR CLB Logic and Dedicated Block Utilization
4. SLR IO Utilization

1. SLR Connectivity
-------------------

+----------------------------------+-------+-------+-----------+-------+
|                                  |  Used | Fixed | Available | Util% |
+----------------------------------+-------+-------+-----------+-------+
| SLR2 <-> SLR1                    |  3970 |       |     23040 | 17.23 |
|   SLR1 -> SLR2                   |  2092 |       |           |  9.08 |
|     Using TX_REG only            |     1 |     1 |           |       |
|     Using RX_REG only            |    18 |    18 |           |       |
|     Using Both TX_REG and RX_REG |   287 |     1 |           |       |
|   SLR2 -> SLR1                   |  1878 |       |           |  8.15 |
|     Using TX_REG only            |     0 |     0 |           |       |
|     Using RX_REG only            |     4 |     4 |           |       |
|     Using Both TX_REG and RX_REG |   407 |     0 |           |       |
| SLR1 <-> SLR0                    |  6184 |       |     23040 | 26.84 |
|   SLR0 -> SLR1                   |  2249 |       |           |  9.76 |
|     Using TX_REG only            |    71 |    71 |           |       |
|     Using RX_REG only            |    61 |    61 |           |       |
|     Using Both TX_REG and RX_REG |   362 |    55 |           |       |
|   SLR1 -> SLR0                   |  3935 |       |           | 17.08 |
|     Using TX_REG only            |    62 |    62 |           |       |
|     Using RX_REG only            |    72 |    71 |           |       |
|     Using Both TX_REG and RX_REG |   435 |    60 |           |       |
+----------------------------------+-------+-------+-----------+-------+
| Total SLLs Used                  | 10154 |       |           |       |
+----------------------------------+-------+-------+-----------+-------+


2. SLR Connectivity Matrix
--------------------------

+-----------+------+------+------+
| FROM \ TO | SLR2 | SLR1 | SLR0 |
+-----------+------+------+------+
| SLR2      |    0 | 1720 |  158 |
| SLR1      | 1959 |    0 | 3777 |
| SLR0      |  133 | 2116 |    0 |
+-----------+------+------+------+


3. SLR CLB Logic and Dedicated Block Utilization
------------------------------------------------

+----------------------------+--------+-------+-------+--------+--------+--------+
|          Site Type         |  SLR0  |  SLR1 |  SLR2 | SLR0 % | SLR1 % | SLR2 % |
+----------------------------+--------+-------+-------+--------+--------+--------+
| CLB                        |  36100 | 13259 |  7949 |  65.68 |  24.55 |  14.72 |
|   CLBL                     |  18787 |  6895 |  4097 |  64.16 |  23.55 |  13.99 |
|   CLBM                     |  17313 |  6364 |  3852 |  67.42 |  25.74 |  15.58 |
| CLB LUTs                   | 170451 | 77279 | 35375 |  38.77 |  17.89 |   8.19 |
|   LUT as Logic             | 146615 | 71513 | 32333 |  33.35 |  16.55 |   7.48 |
|     using O5 output only   |   1751 |   355 |  1013 |   0.40 |   0.08 |   0.23 |
|     using O6 output only   | 116710 | 57195 | 19513 |  26.54 |  13.24 |   4.52 |
|     using O5 and O6        |  28154 | 13963 | 11807 |   6.40 |   3.23 |   2.73 |
|   LUT as Memory            |  23836 |  5766 |  3042 |  11.60 |   2.92 |   1.54 |
|     LUT as Distributed RAM |  14750 |  3837 |  1660 |   7.18 |   1.94 |   0.84 |
|       using O5 output only |      0 |     0 |     0 |   0.00 |   0.00 |   0.00 |
|       using O6 output only |     80 |   215 |    84 |   0.04 |   0.11 |   0.04 |
|       using O5 and O6      |  14670 |  3622 |  1576 |   7.14 |   1.83 |   0.80 |
|     LUT as Shift Register  |   9086 |  1929 |  1382 |   4.42 |   0.98 |   0.70 |
|       using O5 output only |      0 |     0 |     0 |   0.00 |   0.00 |   0.00 |
|       using O6 output only |   3484 |   745 |  1252 |   1.70 |   0.38 |   0.63 |
|       using O5 and O6      |   5602 |  1184 |   130 |   2.73 |   0.60 |   0.07 |
| CLB Registers              | 217902 | 77551 | 60769 |  24.78 |   8.98 |   7.03 |
| CARRY8                     |   1953 |   827 |   313 |   3.55 |   1.53 |   0.58 |
| F7 Muxes                   |   1156 |   836 |  1054 |   0.53 |   0.39 |   0.49 |
| F8 Muxes                   |     16 |   141 |    47 |   0.01 |   0.13 |   0.04 |
| F9 Muxes                   |      0 |     0 |     0 |   0.00 |   0.00 |   0.00 |
| Block RAM Tile             |  215.5 |   127 |    94 |  32.07 |  18.90 |  13.99 |
|   RAMB36/FIFO              |    212 |   126 |    92 |  31.55 |  18.75 |  13.69 |
|     RAMB36E2 only          |    212 |   126 |    92 |  31.55 |  18.75 |  13.69 |
|   RAMB18                   |      7 |     2 |     4 |   0.52 |   0.15 |   0.30 |
|     RAMB18E2 only          |      7 |     2 |     4 |   0.52 |   0.15 |   0.30 |
| URAM                       |      0 |     0 |     0 |   0.00 |   0.00 |   0.00 |
| DSPs                       |    400 |   100 |     4 |  13.89 |   3.26 |   0.13 |
| Unique Control Sets        |   4909 |  1910 |  2722 |   4.47 |   1.77 |   2.52 |
+----------------------------+--------+-------+-------+--------+--------+--------+
* Note: Available Control Sets based on CLB Registers / 8


4. SLR IO Utilization
---------------------

+-----------+-----------+---------+------------+----------+------------+----------+-----+
| SLR Index | Used IOBs | (%)IOBs | Used IPADs | (%)IPADs | Used OPADs | (%)OPADs | GTs |
+-----------+-----------+---------+------------+----------+------------+----------+-----+
| SLR2      |        18 |    8.65 |          0 |     0.00 |          0 |     0.00 |   0 |
| SLR1      |         0 |    0.00 |          0 |     0.00 |          0 |     0.00 |   0 |
| SLR0      |         1 |    0.48 |          0 |     0.00 |          0 |     0.00 |  16 |
+-----------+-----------+---------+------------+----------+------------+----------+-----+
| Total     |        19 |         |          0 |          |          0 |          |  16 |
+-----------+-----------+---------+------------+----------+------------+----------+-----+


