Copyright 1986-2021 Xilinx, Inc. All Rights Reserved.
------------------------------------------------------------------------------------------------------------------------------------------------------------------------------------------------------------------------------------------------------------------------------------------------------------------------------------------------------------------------------------------------------------------------------------------------------------------------------------------------------------------------------
| Tool Version : Vivado v.2021.2 (lin64) Build 3367213 Tue Oct 19 02:47:39 MDT 2021
| Date         : Sun Dec  1 18:12:59 2024
| Host         : hacc-gpu0 running 64-bit Ubuntu 20.04.6 LTS
| Command      : report_accelerator_utilization -kernels { spmv_result_drain:pfm_top_i/dynamic_region/RD/inst:RD spmv_sk0:pfm_top_i/dynamic_region/SK0/inst:SK0 spmv_sk1:pfm_top_i/dynamic_region/SK1/inst:SK1 spmv_sk2:pfm_top_i/dynamic_region/SK2/inst:SK2 spmv_vector_loader:pfm_top_i/dynamic_region/VL/inst:VL k2k_relay:pfm_top_i/dynamic_region/relay_SK2_rout/inst:relay_SK2_rout k2k_relay:pfm_top_i/dynamic_region/relay_SK2_vin/inst:relay_SK2_vin} -file kernel_util_synthed.rpt -name kernel_util_synthed -json
| Design       : pfm_top_wrapper
| Device       : xcu280
| Design State : Synthesized
------------------------------------------------------------------------------------------------------------------------------------------------------------------------------------------------------------------------------------------------------------------------------------------------------------------------------------------------------------------------------------------------------------------------------------------------------------------------------------------------------------------------------

Accelerator Utilization Design Information

Table of Contents
-----------------
1. System Utilization

1. System Utilization
---------------------

+---------------------+-------------------+------------------+-------------------+----------------+---------------+----------------+
| Name                | LUT               | LUTAsMem         | REG               | BRAM           | URAM          | DSP            |
+---------------------+-------------------+------------------+-------------------+----------------+---------------+----------------+
| Platform            |  175841 [ 13.50%] |  36815 [  6.13%] |  341679 [ 13.10%] |  390 [ 19.35%] |   0 [  0.00%] |    4 [  0.04%] |
| User Budget         | 1126879 [100.00%] | 563665 [100.00%] | 2265681 [100.00%] | 1626 [100.00%] | 960 [100.00%] | 9020 [100.00%] |
|    Used Resources   |  554897 [ 49.24%] | 125017 [ 22.18%] |  605976 [ 26.75%] |  135 [  8.30%] | 512 [ 53.33%] |  688 [  7.63%] |
|    Unused Resources |  571982 [ 50.76%] | 438648 [ 77.82%] | 1659705 [ 73.25%] | 1491 [ 91.70%] | 448 [ 46.67%] | 8332 [ 92.37%] |
| k2k_relay           |    4120 [  0.37%] |      0 [  0.00%] |   16412 [  0.72%] |    0 [  0.00%] |   0 [  0.00%] |    0 [  0.00%] |
|    relay_SK2_rout   |    2060 [  0.18%] |      0 [  0.00%] |    8206 [  0.36%] |    0 [  0.00%] |   0 [  0.00%] |    0 [  0.00%] |
|    relay_SK2_vin    |    2060 [  0.18%] |      0 [  0.00%] |    8206 [  0.36%] |    0 [  0.00%] |   0 [  0.00%] |    0 [  0.00%] |
| spmv_result_drain   |    3389 [  0.30%] |    875 [  0.16%] |    7709 [  0.34%] |    8 [  0.49%] |   0 [  0.00%] |    0 [  0.00%] |
|    RD               |    3389 [  0.30%] |    875 [  0.16%] |    7709 [  0.34%] |    8 [  0.49%] |   0 [  0.00%] |    0 [  0.00%] |
| spmv_sk0            |  134968 [ 11.98%] |  30305 [  5.38%] |  143135 [  6.32%] |   30 [  1.85%] | 128 [ 13.33%] |  172 [  1.91%] |
|    SK0              |  134968 [ 11.98%] |  30305 [  5.38%] |  143135 [  6.32%] |   30 [  1.85%] | 128 [ 13.33%] |  172 [  1.91%] |
| spmv_sk1            |  204294 [ 18.13%] |  46323 [  8.22%] |  214764 [  9.48%] |   45 [  2.77%] | 192 [ 20.00%] |  258 [  2.86%] |
|    SK1              |  204294 [ 18.13%] |  46323 [  8.22%] |  214764 [  9.48%] |   45 [  2.77%] | 192 [ 20.00%] |  258 [  2.86%] |
| spmv_sk2            |  204294 [ 18.13%] |  46323 [  8.22%] |  214764 [  9.48%] |   45 [  2.77%] | 192 [ 20.00%] |  258 [  2.86%] |
|    SK2              |  204294 [ 18.13%] |  46323 [  8.22%] |  214764 [  9.48%] |   45 [  2.77%] | 192 [ 20.00%] |  258 [  2.86%] |
| spmv_vector_loader  |    3832 [  0.34%] |   1191 [  0.21%] |    9192 [  0.41%] |    7 [  0.43%] |   0 [  0.00%] |    0 [  0.00%] |
|    VL               |    3832 [  0.34%] |   1191 [  0.21%] |    9192 [  0.41%] |    7 [  0.43%] |   0 [  0.00%] |    0 [  0.00%] |
+---------------------+-------------------+------------------+-------------------+----------------+---------------+----------------+


