Copyright 1986-2021 Xilinx, Inc. All Rights Reserved.
----------------------------------------------------------------------------------------------------------------------------------------------------------------------------------------------------------------------------------------------------------------------------------------------------------------------------------------------------------------------------------------------------------------------------
| Tool Version : Vivado v.2021.2 (lin64) Build 3367213 Tue Oct 19 02:47:39 MDT 2021
| Date         : Sat Nov  2 06:11:41 2024
| Host         : hacc-gpu0 running 64-bit Ubuntu 20.04.6 LTS
| Command      : report_accelerator_utilization -kernels { krnl_vaddmul:pfm_top_i/dynamic_region/krnl_vaddmul_1/inst:krnl_vaddmul_1 krnl_vaddmul:pfm_top_i/dynamic_region/krnl_vaddmul_2/inst:krnl_vaddmul_2 krnl_vaddmul:pfm_top_i/dynamic_region/krnl_vaddmul_3/inst:krnl_vaddmul_3 krnl_vaddmul:pfm_top_i/dynamic_region/krnl_vaddmul_4/inst:krnl_vaddmul_4} -file kernel_util_routed.rpt -name kernel_util_routed -json
| Design       : pfm_top_wrapper
| Device       : xcu280
| Design State : Routed
----------------------------------------------------------------------------------------------------------------------------------------------------------------------------------------------------------------------------------------------------------------------------------------------------------------------------------------------------------------------------------------------------------------------------

Accelerator Utilization Design Information

Table of Contents
-----------------
1. System Utilization

1. System Utilization
---------------------

+---------------------+-------------------+------------------+-------------------+----------------+---------------+----------------+
| Name                | LUT               | LUTAsMem         | REG               | BRAM           | URAM          | DSP            |
+---------------------+-------------------+------------------+-------------------+----------------+---------------+----------------+
| Platform            |  121703 [  9.34%] |  14774 [  2.46%] |  184204 [  7.06%] |  204 [ 10.12%] |   0 [  0.00%] |    4 [  0.04%] |
| User Budget         | 1181017 [100.00%] | 585706 [100.00%] | 2423156 [100.00%] | 1812 [100.00%] | 960 [100.00%] | 9020 [100.00%] |
|    Used Resources   |   18950 [  1.60%] |   5376 [  0.92%] |   29464 [  1.22%] |   32 [  1.77%] |   0 [  0.00%] |   16 [  0.18%] |
|    Unused Resources | 1162067 [ 98.40%] | 580330 [ 99.08%] | 2393692 [ 98.78%] | 1780 [ 98.23%] | 960 [100.00%] | 9004 [ 99.82%] |
| krnl_vaddmul        |   18950 [  1.60%] |   5376 [  0.92%] |   29464 [  1.22%] |   32 [  1.77%] |   0 [  0.00%] |   16 [  0.18%] |
|    krnl_vaddmul_1   |    4737 [  0.40%] |   1344 [  0.23%] |    7367 [  0.30%] |    8 [  0.44%] |   0 [  0.00%] |    4 [  0.04%] |
|    krnl_vaddmul_2   |    4735 [  0.40%] |   1344 [  0.23%] |    7367 [  0.30%] |    8 [  0.44%] |   0 [  0.00%] |    4 [  0.04%] |
|    krnl_vaddmul_3   |    4743 [  0.40%] |   1344 [  0.23%] |    7365 [  0.30%] |    8 [  0.44%] |   0 [  0.00%] |    4 [  0.04%] |
|    krnl_vaddmul_4   |    4735 [  0.40%] |   1344 [  0.23%] |    7365 [  0.30%] |    8 [  0.44%] |   0 [  0.00%] |    4 [  0.04%] |
+---------------------+-------------------+------------------+-------------------+----------------+---------------+----------------+


