Copyright 1986-2021 Xilinx, Inc. All Rights Reserved.
-----------------------------------------------------------------------------------------------------------------------------------------------------------------------------------------------------------------------------------------------------------------------------------------------------------------------------------------------------------------------------------------------------------------------------------------------------------------------------------------------------
| Tool Version : Vivado v.2021.2 (lin64) Build 3367213 Tue Oct 19 02:47:39 MDT 2021
| Date         : Tue Nov 19 17:58:37 2024
| Host         : hacc-gpu0 running 64-bit Ubuntu 20.04.6 LTS
| Command      : report_accelerator_utilization -kernels { krnl_vaddmul:pfm_top_i/dynamic_region/krnl_vaddmul_1/inst:krnl_vaddmul_1 krnl_vaddmul:pfm_top_i/dynamic_region/krnl_vaddmul_2/inst:krnl_vaddmul_2 krnl_vaddmul:pfm_top_i/dynamic_region/krnl_vaddmul_3/inst:krnl_vaddmul_3 krnl_vaddmul:pfm_top_i/dynamic_region/krnl_vaddmul_4/inst:krnl_vaddmul_4 krnl_vaddmul:pfm_top_i/dynamic_region/krnl_vaddmul_5/inst:krnl_vaddmul_5} -file kernel_util_placed.rpt -name kernel_util_placed -json
| Design       : pfm_top_wrapper
| Device       : xcu280
| Design State : Fully Placed
-----------------------------------------------------------------------------------------------------------------------------------------------------------------------------------------------------------------------------------------------------------------------------------------------------------------------------------------------------------------------------------------------------------------------------------------------------------------------------------------------------

Accelerator Utilization Design Information

Table of Contents
-----------------
1. System Utilization

1. System Utilization
---------------------

+---------------------+-------------------+------------------+-------------------+----------------+---------------+----------------+
| Name                | LUT               | LUTAsMem         | REG               | BRAM           | URAM          | DSP            |
+---------------------+-------------------+------------------+-------------------+----------------+---------------+----------------+
| Platform            |  119657 [  9.19%] |  14044 [  2.34%] |  181119 [  6.95%] |  204 [ 10.12%] |   0 [  0.00%] |    4 [  0.04%] |
| User Budget         | 1183063 [100.00%] | 586436 [100.00%] | 2426241 [100.00%] | 1812 [100.00%] | 960 [100.00%] | 9020 [100.00%] |
|    Used Resources   |   18976 [  1.60%] |   4830 [  0.82%] |   31435 [  1.30%] |   30 [  1.66%] |   0 [  0.00%] |   80 [  0.89%] |
|    Unused Resources | 1164087 [ 98.40%] | 581606 [ 99.18%] | 2394806 [ 98.70%] | 1782 [ 98.34%] | 960 [100.00%] | 8940 [ 99.11%] |
| krnl_vaddmul        |   18976 [  1.60%] |   4830 [  0.82%] |   31435 [  1.30%] |   30 [  1.66%] |   0 [  0.00%] |   80 [  0.89%] |
|    krnl_vaddmul_1   |    3796 [  0.32%] |    966 [  0.16%] |    6292 [  0.26%] |    6 [  0.33%] |   0 [  0.00%] |   16 [  0.18%] |
|    krnl_vaddmul_2   |    3795 [  0.32%] |    966 [  0.16%] |    6291 [  0.26%] |    6 [  0.33%] |   0 [  0.00%] |   16 [  0.18%] |
|    krnl_vaddmul_3   |    3792 [  0.32%] |    966 [  0.16%] |    6288 [  0.26%] |    6 [  0.33%] |   0 [  0.00%] |   16 [  0.18%] |
|    krnl_vaddmul_4   |    3793 [  0.32%] |    966 [  0.16%] |    6279 [  0.26%] |    6 [  0.33%] |   0 [  0.00%] |   16 [  0.18%] |
|    krnl_vaddmul_5   |    3800 [  0.32%] |    966 [  0.16%] |    6285 [  0.26%] |    6 [  0.33%] |   0 [  0.00%] |   16 [  0.18%] |
+---------------------+-------------------+------------------+-------------------+----------------+---------------+----------------+


