Copyright 1986-2021 Xilinx, Inc. All Rights Reserved.
------------------------------------------------------------------------------------------
| Tool Version : Vivado v.2021.2 (lin64) Build 3367213 Tue Oct 19 02:47:39 MDT 2021
| Date         : Thu Nov 21 08:42:42 2024
| Host         : hacc-gpu0 running 64-bit Ubuntu 20.04.6 LTS
| Command      : report_utilization -slr -file slr_util_routed.rpt -pb slr_util_routed.pb
| Design       : pfm_top_wrapper
| Device       : xcu280-fsvh2892-2L-e
| Speed File   : -2L
| Design State : Routed
------------------------------------------------------------------------------------------

Utilization Design Information

Table of Contents
-----------------
1. SLR Connectivity
2. SLR Connectivity Matrix
3. SLR CLB Logic and Dedicated Block Utilization
4. SLR IO Utilization

1. SLR Connectivity
-------------------

+----------------------------------+------+-------+-----------+-------+
|                                  | Used | Fixed | Available | Util% |
+----------------------------------+------+-------+-----------+-------+
| SLR2 <-> SLR1                    | 3962 |       |     23040 | 17.20 |
|   SLR1 -> SLR2                   | 2084 |       |           |  9.05 |
|     Using TX_REG only            |  267 |     1 |           |       |
|     Using RX_REG only            |  284 |    18 |           |       |
|     Using Both TX_REG and RX_REG |  267 |     1 |           |       |
|   SLR2 -> SLR1                   | 1878 |       |           |  8.15 |
|     Using TX_REG only            |  407 |     0 |           |       |
|     Using RX_REG only            |  412 |     4 |           |       |
|     Using Both TX_REG and RX_REG |  407 |     0 |           |       |
| SLR1 <-> SLR0                    | 2520 |       |     23040 | 10.94 |
|   SLR0 -> SLR1                   | 1127 |       |           |  4.89 |
|     Using TX_REG only            |  371 |    71 |           |       |
|     Using RX_REG only            |  361 |    61 |           |       |
|     Using Both TX_REG and RX_REG |  355 |    55 |           |       |
|   SLR1 -> SLR0                   | 1393 |       |           |  6.05 |
|     Using TX_REG only            |  441 |    62 |           |       |
|     Using RX_REG only            |  452 |    71 |           |       |
|     Using Both TX_REG and RX_REG |  439 |    60 |           |       |
+----------------------------------+------+-------+-----------+-------+
| Total SLLs Used                  | 6482 |       |           |       |
+----------------------------------+------+-------+-----------+-------+


2. SLR Connectivity Matrix
--------------------------

+-----------+------+------+------+
| FROM \ TO | SLR2 | SLR1 | SLR0 |
+-----------+------+------+------+
| SLR2      |    0 | 1741 |  137 |
| SLR1      | 1984 |    0 | 1256 |
| SLR0      |  100 | 1027 |    0 |
+-----------+------+------+------+


3. SLR CLB Logic and Dedicated Block Utilization
------------------------------------------------

+----------------------------+-------+-------+-------+--------+--------+--------+
|          Site Type         |  SLR0 |  SLR1 |  SLR2 | SLR0 % | SLR1 % | SLR2 % |
+----------------------------+-------+-------+-------+--------+--------+--------+
| CLB                        |  9089 |  7257 |  8300 |  16.54 |  13.44 |  15.37 |
|   CLBL                     |  4542 |  3641 |  4294 |  15.51 |  12.44 |  14.67 |
|   CLBM                     |  4547 |  3616 |  4006 |  17.71 |  14.63 |  16.21 |
| CLB LUTs                   | 30914 | 48069 | 35372 |   7.03 |  11.13 |   8.19 |
|   LUT as Logic             | 26151 | 44099 | 32334 |   5.95 |  10.21 |   7.48 |
|     using O5 output only   |   547 |   295 |  1009 |   0.12 |   0.07 |   0.23 |
|     using O6 output only   | 18161 | 34605 | 19540 |   4.13 |   8.01 |   4.52 |
|     using O5 and O6        |  7443 |  9199 | 11785 |   1.69 |   2.13 |   2.73 |
|   LUT as Memory            |  4763 |  3970 |  3038 |   2.32 |   2.01 |   1.54 |
|     LUT as Distributed RAM |  1832 |  3837 |  1660 |   0.89 |   1.94 |   0.84 |
|       using O5 output only |     0 |     0 |     0 |   0.00 |   0.00 |   0.00 |
|       using O6 output only |    88 |   215 |    84 |   0.04 |   0.11 |   0.04 |
|       using O5 and O6      |  1744 |  3622 |  1576 |   0.85 |   1.83 |   0.80 |
|     LUT as Shift Register  |  2931 |   133 |  1378 |   1.43 |   0.07 |   0.70 |
|       using O5 output only |     0 |     0 |     0 |   0.00 |   0.00 |   0.00 |
|       using O6 output only |  1737 |   133 |  1248 |   0.85 |   0.07 |   0.63 |
|       using O5 and O6      |  1194 |     0 |   130 |   0.58 |   0.00 |   0.07 |
| CLB Registers              | 62613 | 46706 | 60763 |   7.12 |   5.41 |   7.03 |
| CARRY8                     |   690 |   480 |   313 |   1.26 |   0.89 |   0.58 |
| F7 Muxes                   |   700 |   651 |  1054 |   0.32 |   0.30 |   0.49 |
| F8 Muxes                   |    24 |   141 |    47 |   0.02 |   0.13 |   0.04 |
| F9 Muxes                   |     0 |     0 |     0 |   0.00 |   0.00 |   0.00 |
| Block RAM Tile             |  48.5 |  82.5 |    94 |   7.22 |  12.28 |  13.99 |
|   RAMB36/FIFO              |    46 |    82 |    92 |   6.85 |  12.20 |  13.69 |
|     RAMB36E2 only          |    46 |    82 |    92 |   6.85 |  12.20 |  13.69 |
|   RAMB18                   |     5 |     1 |     4 |   0.37 |   0.07 |   0.30 |
|     RAMB18E2 only          |     5 |     1 |     4 |   0.37 |   0.07 |   0.30 |
| URAM                       |     0 |     0 |     0 |   0.00 |   0.00 |   0.00 |
| DSPs                       |    24 |     0 |     4 |   0.83 |   0.00 |   0.13 |
| Unique Control Sets        |  1860 |  1517 |  2726 |   1.69 |   1.40 |   2.52 |
+----------------------------+-------+-------+-------+--------+--------+--------+
* Note: Available Control Sets based on CLB Registers / 8


4. SLR IO Utilization
---------------------

+-----------+-----------+---------+------------+----------+------------+----------+-----+
| SLR Index | Used IOBs | (%)IOBs | Used IPADs | (%)IPADs | Used OPADs | (%)OPADs | GTs |
+-----------+-----------+---------+------------+----------+------------+----------+-----+
| SLR2      |        18 |    8.65 |          0 |     0.00 |          0 |     0.00 |   0 |
| SLR1      |         0 |    0.00 |          0 |     0.00 |          0 |     0.00 |   0 |
| SLR0      |         1 |    0.48 |          0 |     0.00 |          0 |     0.00 |  16 |
+-----------+-----------+---------+------------+----------+------------+----------+-----+
| Total     |        19 |         |          0 |          |          0 |          |  16 |
+-----------+-----------+---------+------------+----------+------------+----------+-----+


