Copyright 1986-2021 Xilinx, Inc. All Rights Reserved.
----------------------------------------------------------------------------------------------------------------------------------------------------------------------------------------------------------------------------------------------------------------------------------------------------------------------------------------------------------------------------------------------------------------------------
| Tool Version : Vivado v.2021.2 (lin64) Build 3367213 Tue Oct 19 02:47:39 MDT 2021
| Date         : Thu Nov 14 11:49:38 2024
| Host         : hacc-gpu0 running 64-bit Ubuntu 20.04.6 LTS
| Command      : report_accelerator_utilization -kernels { krnl_vaddmul:pfm_top_i/dynamic_region/krnl_vaddmul_1/inst:krnl_vaddmul_1 krnl_vaddmul:pfm_top_i/dynamic_region/krnl_vaddmul_2/inst:krnl_vaddmul_2 krnl_vaddmul:pfm_top_i/dynamic_region/krnl_vaddmul_3/inst:krnl_vaddmul_3 krnl_vaddmul:pfm_top_i/dynamic_region/krnl_vaddmul_4/inst:krnl_vaddmul_4} -file kernel_util_placed.rpt -name kernel_util_placed -json
| Design       : pfm_top_wrapper
| Device       : xcu280
| Design State : Fully Placed
----------------------------------------------------------------------------------------------------------------------------------------------------------------------------------------------------------------------------------------------------------------------------------------------------------------------------------------------------------------------------------------------------------------------------

Accelerator Utilization Design Information

Table of Contents
-----------------
1. System Utilization

1. System Utilization
---------------------

+---------------------+-------------------+------------------+-------------------+----------------+---------------+----------------+
| Name                | LUT               | LUTAsMem         | REG               | BRAM           | URAM          | DSP            |
+---------------------+-------------------+------------------+-------------------+----------------+---------------+----------------+
| Platform            |  137281 [ 10.54%] |  26262 [  4.37%] |  210727 [  8.08%] |  204 [ 10.12%] |   0 [  0.00%] |    4 [  0.04%] |
| User Budget         | 1165439 [100.00%] | 574218 [100.00%] | 2396633 [100.00%] | 1812 [100.00%] | 960 [100.00%] | 9020 [100.00%] |
|    Used Resources   |  229170 [ 19.66%] |  11106 [  1.93%] |  311656 [ 13.00%] |  244 [ 13.47%] |   0 [  0.00%] |   36 [  0.40%] |
|    Unused Resources |  936269 [ 80.34%] | 563112 [ 98.07%] | 2084977 [ 87.00%] | 1568 [ 86.53%] | 960 [100.00%] | 8984 [ 99.60%] |
| krnl_vaddmul        |  229170 [ 19.66%] |  11106 [  1.93%] |  311656 [ 13.00%] |  244 [ 13.47%] |   0 [  0.00%] |   36 [  0.40%] |
|    krnl_vaddmul_1   |   57239 [  4.91%] |   2777 [  0.48%] |   77906 [  3.25%] |   61 [  3.37%] |   0 [  0.00%] |    9 [  0.10%] |
|    krnl_vaddmul_2   |   57301 [  4.92%] |   2777 [  0.48%] |   77911 [  3.25%] |   61 [  3.37%] |   0 [  0.00%] |    9 [  0.10%] |
|    krnl_vaddmul_3   |   57359 [  4.92%] |   2775 [  0.48%] |   77906 [  3.25%] |   61 [  3.37%] |   0 [  0.00%] |    9 [  0.10%] |
|    krnl_vaddmul_4   |   57271 [  4.91%] |   2777 [  0.48%] |   77933 [  3.25%] |   61 [  3.37%] |   0 [  0.00%] |    9 [  0.10%] |
+---------------------+-------------------+------------------+-------------------+----------------+---------------+----------------+


