Copyright 1986-2021 Xilinx, Inc. All Rights Reserved.
------------------------------------------------------------------------------------------------------------------------------------------------------------------------------------------------------------------------------------------------------------------------------------------------------------------------------------------------------------------------------------------------------------------------------
| Tool Version : Vivado v.2021.2 (lin64) Build 3367213 Tue Oct 19 02:47:39 MDT 2021
| Date         : Sun Nov 17 03:49:35 2024
| Host         : hacc-gpu0 running 64-bit Ubuntu 20.04.6 LTS
| Command      : report_accelerator_utilization -kernels { krnl_vaddmul:pfm_top_i/dynamic_region/krnl_vaddmul_1/inst:krnl_vaddmul_1 krnl_vaddmul:pfm_top_i/dynamic_region/krnl_vaddmul_2/inst:krnl_vaddmul_2 krnl_vaddmul:pfm_top_i/dynamic_region/krnl_vaddmul_3/inst:krnl_vaddmul_3 krnl_vaddmul:pfm_top_i/dynamic_region/krnl_vaddmul_4/inst:krnl_vaddmul_4} -file kernel_util_synthed.rpt -name kernel_util_synthed -json
| Design       : pfm_top_wrapper
| Device       : xcu280
| Design State : Synthesized
------------------------------------------------------------------------------------------------------------------------------------------------------------------------------------------------------------------------------------------------------------------------------------------------------------------------------------------------------------------------------------------------------------------------------

Accelerator Utilization Design Information

Table of Contents
-----------------
1. System Utilization

1. System Utilization
---------------------

+---------------------+-------------------+------------------+-------------------+----------------+---------------+----------------+
| Name                | LUT               | LUTAsMem         | REG               | BRAM           | URAM          | DSP            |
+---------------------+-------------------+------------------+-------------------+----------------+---------------+----------------+
| Platform            |  138004 [ 10.59%] |  22262 [  3.71%] |  195094 [  7.48%] |  202 [ 10.02%] |   0 [  0.00%] |    4 [  0.04%] |
| User Budget         | 1164716 [100.00%] | 578218 [100.00%] | 2412266 [100.00%] | 1814 [100.00%] | 960 [100.00%] | 9020 [100.00%] |
|    Used Resources   |   36096 [  3.10%] |   8392 [  1.45%] |   66716 [  2.77%] |  180 [  9.92%] |   0 [  0.00%] |  428 [  4.75%] |
|    Unused Resources | 1128620 [ 96.90%] | 569826 [ 98.55%] | 2345550 [ 97.23%] | 1634 [ 90.08%] | 960 [100.00%] | 8592 [ 95.25%] |
| krnl_vaddmul        |   36096 [  3.10%] |   8392 [  1.45%] |   66716 [  2.77%] |  180 [  9.92%] |   0 [  0.00%] |  428 [  4.75%] |
|    krnl_vaddmul_1   |    9024 [  0.77%] |   2098 [  0.36%] |   16679 [  0.69%] |   45 [  2.48%] |   0 [  0.00%] |  107 [  1.19%] |
|    krnl_vaddmul_2   |    9024 [  0.77%] |   2098 [  0.36%] |   16679 [  0.69%] |   45 [  2.48%] |   0 [  0.00%] |  107 [  1.19%] |
|    krnl_vaddmul_3   |    9024 [  0.77%] |   2098 [  0.36%] |   16679 [  0.69%] |   45 [  2.48%] |   0 [  0.00%] |  107 [  1.19%] |
|    krnl_vaddmul_4   |    9024 [  0.77%] |   2098 [  0.36%] |   16679 [  0.69%] |   45 [  2.48%] |   0 [  0.00%] |  107 [  1.19%] |
+---------------------+-------------------+------------------+-------------------+----------------+---------------+----------------+


