Copyright 1986-2021 Xilinx, Inc. All Rights Reserved.
-----------------------------------------------------------------------------------------------------------------------------------------------------------------------------------------------------------------------------------------------------------------------------------------------------------------------------------------------------
| Tool Version : Vivado v.2021.2 (lin64) Build 3367213 Tue Oct 19 02:47:39 MDT 2021
| Date         : Thu Nov  7 01:13:19 2024
| Host         : hacc-gpu0 running 64-bit Ubuntu 20.04.6 LTS
| Command      : report_accelerator_utilization -kernels { krnl_vaddmul:pfm_top_i/dynamic_region/krnl_vaddmul_1/inst:krnl_vaddmul_1 krnl_vaddmul:pfm_top_i/dynamic_region/krnl_vaddmul_2/inst:krnl_vaddmul_2 krnl_vaddmul:pfm_top_i/dynamic_region/krnl_vaddmul_3/inst:krnl_vaddmul_3} -file kernel_util_synthed.rpt -name kernel_util_synthed -json
| Design       : pfm_top_wrapper
| Device       : xcu280
| Design State : Synthesized
-----------------------------------------------------------------------------------------------------------------------------------------------------------------------------------------------------------------------------------------------------------------------------------------------------------------------------------------------------

Accelerator Utilization Design Information

Table of Contents
-----------------
1. System Utilization

1. System Utilization
---------------------

+---------------------+-------------------+------------------+-------------------+----------------+---------------+----------------+
| Name                | LUT               | LUTAsMem         | REG               | BRAM           | URAM          | DSP            |
+---------------------+-------------------+------------------+-------------------+----------------+---------------+----------------+
| Platform            |  150836 [ 11.58%] |  28072 [  4.67%] |  217640 [  8.35%] |  204 [ 10.12%] |   0 [  0.00%] |    4 [  0.04%] |
| User Budget         | 1151884 [100.00%] | 572408 [100.00%] | 2389720 [100.00%] | 1812 [100.00%] | 960 [100.00%] | 9020 [100.00%] |
|    Used Resources   |   60198 [  5.23%] |  18876 [  3.30%] |   92025 [  3.85%] |  162 [  8.94%] |   0 [  0.00%] |  204 [  2.26%] |
|    Unused Resources | 1091686 [ 94.77%] | 553532 [ 96.70%] | 2297695 [ 96.15%] | 1650 [ 91.06%] | 960 [100.00%] | 8816 [ 97.74%] |
| krnl_vaddmul        |   60198 [  5.23%] |  18876 [  3.30%] |   92025 [  3.85%] |  162 [  8.94%] |   0 [  0.00%] |  204 [  2.26%] |
|    krnl_vaddmul_1   |   20066 [  1.74%] |   6292 [  1.10%] |   30675 [  1.28%] |   54 [  2.98%] |   0 [  0.00%] |   68 [  0.75%] |
|    krnl_vaddmul_2   |   20066 [  1.74%] |   6292 [  1.10%] |   30675 [  1.28%] |   54 [  2.98%] |   0 [  0.00%] |   68 [  0.75%] |
|    krnl_vaddmul_3   |   20066 [  1.74%] |   6292 [  1.10%] |   30675 [  1.28%] |   54 [  2.98%] |   0 [  0.00%] |   68 [  0.75%] |
+---------------------+-------------------+------------------+-------------------+----------------+---------------+----------------+


