Copyright 1986-2021 Xilinx, Inc. All Rights Reserved.
------------------------------------------------------------------------------------------------------------------------------------------------------------------------------------------------------------------------------------------------------------------------------------------------------------------------------------------------------------------------------------------------------------------------------
| Tool Version : Vivado v.2021.2 (lin64) Build 3367213 Tue Oct 19 02:47:39 MDT 2021
| Date         : Thu Nov 14 14:35:17 2024
| Host         : hacc-gpu0 running 64-bit Ubuntu 20.04.6 LTS
| Command      : report_accelerator_utilization -kernels { krnl_vaddmul:pfm_top_i/dynamic_region/krnl_vaddmul_1/inst:krnl_vaddmul_1 krnl_vaddmul:pfm_top_i/dynamic_region/krnl_vaddmul_2/inst:krnl_vaddmul_2 krnl_vaddmul:pfm_top_i/dynamic_region/krnl_vaddmul_3/inst:krnl_vaddmul_3 krnl_vaddmul:pfm_top_i/dynamic_region/krnl_vaddmul_4/inst:krnl_vaddmul_4} -file kernel_util_synthed.rpt -name kernel_util_synthed -json
| Design       : pfm_top_wrapper
| Device       : xcu280
| Design State : Synthesized
------------------------------------------------------------------------------------------------------------------------------------------------------------------------------------------------------------------------------------------------------------------------------------------------------------------------------------------------------------------------------------------------------------------------------

Accelerator Utilization Design Information

Table of Contents
-----------------
1. System Utilization

1. System Utilization
---------------------

+---------------------+-------------------+------------------+-------------------+----------------+---------------+----------------+
| Name                | LUT               | LUTAsMem         | REG               | BRAM           | URAM          | DSP            |
+---------------------+-------------------+------------------+-------------------+----------------+---------------+----------------+
| Platform            |  163144 [ 12.52%] |  33882 [  5.64%] |  239917 [  9.20%] |  204 [ 10.12%] |   0 [  0.00%] |    4 [  0.04%] |
| User Budget         | 1139576 [100.00%] | 566598 [100.00%] | 2367443 [100.00%] | 1812 [100.00%] | 960 [100.00%] | 9020 [100.00%] |
|    Used Resources   |  278540 [ 24.44%] |  29552 [  5.22%] |  400200 [ 16.90%] |  360 [ 19.87%] |   0 [  0.00%] |   16 [  0.18%] |
|    Unused Resources |  861036 [ 75.56%] | 537046 [ 94.78%] | 1967243 [ 83.10%] | 1452 [ 80.13%] | 960 [100.00%] | 9004 [ 99.82%] |
| krnl_vaddmul        |  278540 [ 24.44%] |  29552 [  5.22%] |  400200 [ 16.90%] |  360 [ 19.87%] |   0 [  0.00%] |   16 [  0.18%] |
|    krnl_vaddmul_1   |   69635 [  6.11%] |   7388 [  1.30%] |  100050 [  4.23%] |   90 [  4.97%] |   0 [  0.00%] |    4 [  0.04%] |
|    krnl_vaddmul_2   |   69635 [  6.11%] |   7388 [  1.30%] |  100050 [  4.23%] |   90 [  4.97%] |   0 [  0.00%] |    4 [  0.04%] |
|    krnl_vaddmul_3   |   69635 [  6.11%] |   7388 [  1.30%] |  100050 [  4.23%] |   90 [  4.97%] |   0 [  0.00%] |    4 [  0.04%] |
|    krnl_vaddmul_4   |   69635 [  6.11%] |   7388 [  1.30%] |  100050 [  4.23%] |   90 [  4.97%] |   0 [  0.00%] |    4 [  0.04%] |
+---------------------+-------------------+------------------+-------------------+----------------+---------------+----------------+


