Copyright 1986-2021 Xilinx, Inc. All Rights Reserved.
------------------------------------------------------------------------------------------------------------------------------------------------------------------------------------------------------------------------------------------------------------------------------------------------------------------------------------------------------------------------------------------------------------------------------------------------------------------------------------------------------------------------------
| Tool Version : Vivado v.2021.2 (lin64) Build 3367213 Tue Oct 19 02:47:39 MDT 2021
| Date         : Fri Dec 20 23:13:19 2024
| Host         : hacc-gpu0 running 64-bit Ubuntu 20.04.6 LTS
| Command      : report_accelerator_utilization -kernels { spmv_result_drain:pfm_top_i/dynamic_region/RD/inst:RD spmv_sk0:pfm_top_i/dynamic_region/SK0/inst:SK0 spmv_sk1:pfm_top_i/dynamic_region/SK1/inst:SK1 spmv_sk2:pfm_top_i/dynamic_region/SK2/inst:SK2 spmv_vector_loader:pfm_top_i/dynamic_region/VL/inst:VL k2k_relay:pfm_top_i/dynamic_region/relay_SK2_rout/inst:relay_SK2_rout k2k_relay:pfm_top_i/dynamic_region/relay_SK2_vin/inst:relay_SK2_vin} -file kernel_util_synthed.rpt -name kernel_util_synthed -json
| Design       : pfm_top_wrapper
| Device       : xcu280
| Design State : Synthesized
------------------------------------------------------------------------------------------------------------------------------------------------------------------------------------------------------------------------------------------------------------------------------------------------------------------------------------------------------------------------------------------------------------------------------------------------------------------------------------------------------------------------------

Accelerator Utilization Design Information

Table of Contents
-----------------
1. System Utilization

1. System Utilization
---------------------

+---------------------+-------------------+------------------+-------------------+----------------+---------------+----------------+
| Name                | LUT               | LUTAsMem         | REG               | BRAM           | URAM          | DSP            |
+---------------------+-------------------+------------------+-------------------+----------------+---------------+----------------+
| Platform            |  172978 [ 13.28%] |  36217 [  6.03%] |  320998 [ 12.31%] |  320 [ 15.87%] |   0 [  0.00%] |    4 [  0.04%] |
| User Budget         | 1129742 [100.00%] | 564263 [100.00%] | 2286362 [100.00%] | 1696 [100.00%] | 960 [100.00%] | 9020 [100.00%] |
|    Used Resources   |  443085 [ 39.22%] | 144958 [ 25.69%] |  367461 [ 16.07%] | 1024 [ 60.38%] | 256 [ 26.67%] |  432 [  4.79%] |
|    Unused Resources |  686657 [ 60.78%] | 419305 [ 74.31%] | 1918901 [ 83.93%] |  672 [ 39.62%] | 704 [ 73.33%] | 8588 [ 95.21%] |
| k2k_relay           |    2072 [  0.18%] |      0 [  0.00%] |    8220 [  0.36%] |    0 [  0.00%] |   0 [  0.00%] |    0 [  0.00%] |
|    relay_SK2_rout   |    1036 [  0.09%] |      0 [  0.00%] |    4110 [  0.18%] |    0 [  0.00%] |   0 [  0.00%] |    0 [  0.00%] |
|    relay_SK2_vin    |    1036 [  0.09%] |      0 [  0.00%] |    4110 [  0.18%] |    0 [  0.00%] |   0 [  0.00%] |    0 [  0.00%] |
| spmv_result_drain   |    2222 [  0.20%] |    588 [  0.10%] |    4526 [  0.20%] |    4 [  0.24%] |   0 [  0.00%] |    0 [  0.00%] |
|    RD               |    2222 [  0.20%] |    588 [  0.10%] |    4526 [  0.20%] |    4 [  0.24%] |   0 [  0.00%] |    0 [  0.00%] |
| spmv_sk0            |  109055 [  9.65%] |  35902 [  6.36%] |   87746 [  3.84%] |  254 [ 14.98%] |  64 [  6.67%] |  108 [  1.20%] |
|    SK0              |  109055 [  9.65%] |  35902 [  6.36%] |   87746 [  3.84%] |  254 [ 14.98%] |  64 [  6.67%] |  108 [  1.20%] |
| spmv_sk1            |  163607 [ 14.48%] |  53853 [  9.54%] |  130791 [  5.72%] |  381 [ 22.46%] |  96 [ 10.00%] |  162 [  1.80%] |
|    SK1              |  163607 [ 14.48%] |  53853 [  9.54%] |  130791 [  5.72%] |  381 [ 22.46%] |  96 [ 10.00%] |  162 [  1.80%] |
| spmv_sk2            |  163607 [ 14.48%] |  53853 [  9.54%] |  130791 [  5.72%] |  381 [ 22.46%] |  96 [ 10.00%] |  162 [  1.80%] |
|    SK2              |  163607 [ 14.48%] |  53853 [  9.54%] |  130791 [  5.72%] |  381 [ 22.46%] |  96 [ 10.00%] |  162 [  1.80%] |
| spmv_vector_loader  |    2522 [  0.22%] |    762 [  0.14%] |    5387 [  0.24%] |    4 [  0.24%] |   0 [  0.00%] |    0 [  0.00%] |
|    VL               |    2522 [  0.22%] |    762 [  0.14%] |    5387 [  0.24%] |    4 [  0.24%] |   0 [  0.00%] |    0 [  0.00%] |
+---------------------+-------------------+------------------+-------------------+----------------+---------------+----------------+


