Copyright 1986-2021 Xilinx, Inc. All Rights Reserved.
----------------------------------------------------------------------------------------------------------------------------------------------------------------------------------------------------------------------------------------------------------------------------------------------------------------------------------------------------------------------------------------------------------------------------------------------------------------------------------------------------------------------------
| Tool Version : Vivado v.2021.2 (lin64) Build 3367213 Tue Oct 19 02:47:39 MDT 2021
| Date         : Sat Dec 21 03:56:08 2024
| Host         : hacc-gpu0 running 64-bit Ubuntu 20.04.6 LTS
| Command      : report_accelerator_utilization -kernels { spmv_result_drain:pfm_top_i/dynamic_region/RD/inst:RD spmv_sk0:pfm_top_i/dynamic_region/SK0/inst:SK0 spmv_sk1:pfm_top_i/dynamic_region/SK1/inst:SK1 spmv_sk2:pfm_top_i/dynamic_region/SK2/inst:SK2 spmv_vector_loader:pfm_top_i/dynamic_region/VL/inst:VL k2k_relay:pfm_top_i/dynamic_region/relay_SK2_rout/inst:relay_SK2_rout k2k_relay:pfm_top_i/dynamic_region/relay_SK2_vin/inst:relay_SK2_vin} -file kernel_util_placed.rpt -name kernel_util_placed -json
| Design       : pfm_top_wrapper
| Device       : xcu280
| Design State : Fully Placed
----------------------------------------------------------------------------------------------------------------------------------------------------------------------------------------------------------------------------------------------------------------------------------------------------------------------------------------------------------------------------------------------------------------------------------------------------------------------------------------------------------------------------

Accelerator Utilization Design Information

Table of Contents
-----------------
1. System Utilization

1. System Utilization
---------------------

+---------------------+-------------------+------------------+-------------------+----------------+---------------+----------------+
| Name                | LUT               | LUTAsMem         | REG               | BRAM           | URAM          | DSP            |
+---------------------+-------------------+------------------+-------------------+----------------+---------------+----------------+
| Platform            |  150969 [ 11.59%] |  32690 [  5.44%] |  281724 [ 10.80%] |  244 [ 12.10%] |   0 [  0.00%] |    4 [  0.04%] |
| User Budget         | 1151751 [100.00%] | 567790 [100.00%] | 2325636 [100.00%] | 1772 [100.00%] | 960 [100.00%] | 9020 [100.00%] |
|    Used Resources   |  421552 [ 36.60%] | 128515 [ 22.63%] |  358881 [ 15.43%] | 1024 [ 57.79%] | 256 [ 26.67%] |  432 [  4.79%] |
|    Unused Resources |  730199 [ 63.40%] | 439275 [ 77.37%] | 1966755 [ 84.57%] |  748 [ 42.21%] | 704 [ 73.33%] | 8588 [ 95.21%] |
| k2k_relay           |     882 [  0.08%] |      0 [  0.00%] |    2990 [  0.13%] |    0 [  0.00%] |   0 [  0.00%] |    0 [  0.00%] |
|    relay_SK2_rout   |     500 [  0.04%] |      0 [  0.00%] |    1496 [  0.06%] |    0 [  0.00%] |   0 [  0.00%] |    0 [  0.00%] |
|    relay_SK2_vin    |     382 [  0.03%] |      0 [  0.00%] |    1494 [  0.06%] |    0 [  0.00%] |   0 [  0.00%] |    0 [  0.00%] |
| spmv_result_drain   |    1991 [  0.17%] |    409 [  0.07%] |    4457 [  0.19%] |    4 [  0.23%] |   0 [  0.00%] |    0 [  0.00%] |
|    RD               |    1991 [  0.17%] |    409 [  0.07%] |    4457 [  0.19%] |    4 [  0.23%] |   0 [  0.00%] |    0 [  0.00%] |
| spmv_sk0            |  103922 [  9.02%] |  31836 [  5.61%] |   87010 [  3.74%] |  254 [ 14.33%] |  64 [  6.67%] |  108 [  1.20%] |
|    SK0              |  103922 [  9.02%] |  31836 [  5.61%] |   87010 [  3.74%] |  254 [ 14.33%] |  64 [  6.67%] |  108 [  1.20%] |
| spmv_sk1            |  156550 [ 13.59%] |  47754 [  8.41%] |  129543 [  5.57%] |  381 [ 21.50%] |  96 [ 10.00%] |  162 [  1.80%] |
|    SK1              |  156550 [ 13.59%] |  47754 [  8.41%] |  129543 [  5.57%] |  381 [ 21.50%] |  96 [ 10.00%] |  162 [  1.80%] |
| spmv_sk2            |  155723 [ 13.52%] |  47754 [  8.41%] |  129504 [  5.57%] |  381 [ 21.50%] |  96 [ 10.00%] |  162 [  1.80%] |
|    SK2              |  155723 [ 13.52%] |  47754 [  8.41%] |  129504 [  5.57%] |  381 [ 21.50%] |  96 [ 10.00%] |  162 [  1.80%] |
| spmv_vector_loader  |    2484 [  0.22%] |    762 [  0.13%] |    5377 [  0.23%] |    4 [  0.23%] |   0 [  0.00%] |    0 [  0.00%] |
|    VL               |    2484 [  0.22%] |    762 [  0.13%] |    5377 [  0.23%] |    4 [  0.23%] |   0 [  0.00%] |    0 [  0.00%] |
+---------------------+-------------------+------------------+-------------------+----------------+---------------+----------------+


