Copyright 1986-2021 Xilinx, Inc. All Rights Reserved.
----------------------------------------------------------------------------------------------------------------------------------------------------------------------------------------
| Tool Version : Vivado v.2021.2 (lin64) Build 3367213 Tue Oct 19 02:47:39 MDT 2021
| Date         : Fri Nov 15 03:33:27 2024
| Host         : hacc-gpu0 running 64-bit Ubuntu 20.04.6 LTS
| Command      : report_accelerator_utilization -kernels { krnl_vadd:pfm_top_i/dynamic_region/krnl_vadd_1/inst:krnl_vadd_1} -file kernel_util_placed.rpt -name kernel_util_placed -json
| Design       : pfm_top_wrapper
| Device       : xcu280
| Design State : Fully Placed
----------------------------------------------------------------------------------------------------------------------------------------------------------------------------------------

Accelerator Utilization Design Information

Table of Contents
-----------------
1. System Utilization

1. System Utilization
---------------------

+---------------------+-------------------+------------------+-------------------+----------------+---------------+----------------+
| Name                | LUT               | LUTAsMem         | REG               | BRAM           | URAM          | DSP            |
+---------------------+-------------------+------------------+-------------------+----------------+---------------+----------------+
| Platform            |  102856 [  7.90%] |   9952 [  1.66%] |  150255 [  5.76%] |  202 [ 10.02%] |   0 [  0.00%] |    4 [  0.04%] |
| User Budget         | 1199864 [100.00%] | 590528 [100.00%] | 2457105 [100.00%] | 1814 [100.00%] | 960 [100.00%] | 9020 [100.00%] |
|    Used Resources   |    4686 [  0.39%] |   1010 [  0.17%] |    8714 [  0.35%] |   12 [  0.66%] |   0 [  0.00%] |    6 [  0.07%] |
|    Unused Resources | 1195178 [ 99.61%] | 589518 [ 99.83%] | 2448391 [ 99.65%] | 1802 [ 99.34%] | 960 [100.00%] | 9014 [ 99.93%] |
| krnl_vadd           |    4686 [  0.39%] |   1010 [  0.17%] |    8714 [  0.35%] |   12 [  0.66%] |   0 [  0.00%] |    6 [  0.07%] |
|    krnl_vadd_1      |    4686 [  0.39%] |   1010 [  0.17%] |    8714 [  0.35%] |   12 [  0.66%] |   0 [  0.00%] |    6 [  0.07%] |
+---------------------+-------------------+------------------+-------------------+----------------+---------------+----------------+


