Copyright 1986-2021 Xilinx, Inc. All Rights Reserved.
------------------------------------------------------------------------------------------
| Tool Version : Vivado v.2021.2 (lin64) Build 3367213 Tue Oct 19 02:47:39 MDT 2021
| Date         : Thu Nov 28 08:15:16 2024
| Host         : hacc-gpu0 running 64-bit Ubuntu 20.04.6 LTS
| Command      : report_utilization -slr -file slr_util_routed.rpt -pb slr_util_routed.pb
| Design       : pfm_top_wrapper
| Device       : xcu280-fsvh2892-2L-e
| Speed File   : -2L
| Design State : Routed
------------------------------------------------------------------------------------------

Utilization Design Information

Table of Contents
-----------------
1. SLR Connectivity
2. SLR Connectivity Matrix
3. SLR CLB Logic and Dedicated Block Utilization
4. SLR IO Utilization

1. SLR Connectivity
-------------------

+----------------------------------+-------+-------+-----------+-------+
|                                  |  Used | Fixed | Available | Util% |
+----------------------------------+-------+-------+-----------+-------+
| SLR2 <-> SLR1                    |  6625 |       |     23040 | 28.75 |
|   SLR1 -> SLR2                   |  3384 |       |           | 14.69 |
|     Using TX_REG only            |   267 |     1 |           |       |
|     Using RX_REG only            |   285 |    18 |           |       |
|     Using Both TX_REG and RX_REG |   267 |     1 |           |       |
|   SLR2 -> SLR1                   |  3241 |       |           | 14.07 |
|     Using TX_REG only            |   408 |     0 |           |       |
|     Using RX_REG only            |   413 |     4 |           |       |
|     Using Both TX_REG and RX_REG |   408 |     0 |           |       |
| SLR1 <-> SLR0                    |  4035 |       |     23040 | 17.51 |
|   SLR0 -> SLR1                   |  1761 |       |           |  7.64 |
|     Using TX_REG only            |   373 |    71 |           |       |
|     Using RX_REG only            |   363 |    61 |           |       |
|     Using Both TX_REG and RX_REG |   357 |    55 |           |       |
|   SLR1 -> SLR0                   |  2274 |       |           |  9.87 |
|     Using TX_REG only            |   443 |    62 |           |       |
|     Using RX_REG only            |   454 |    71 |           |       |
|     Using Both TX_REG and RX_REG |   441 |    60 |           |       |
+----------------------------------+-------+-------+-----------+-------+
| Total SLLs Used                  | 10660 |       |           |       |
+----------------------------------+-------+-------+-----------+-------+


2. SLR Connectivity Matrix
--------------------------

+-----------+------+------+------+
| FROM \ TO | SLR2 | SLR1 | SLR0 |
+-----------+------+------+------+
| SLR2      |    0 | 3030 |  211 |
| SLR1      | 3239 |    0 | 2063 |
| SLR0      |  145 | 1616 |    0 |
+-----------+------+------+------+


3. SLR CLB Logic and Dedicated Block Utilization
------------------------------------------------

+----------------------------+--------+-------+-------+--------+--------+--------+
|          Site Type         |  SLR0  |  SLR1 |  SLR2 | SLR0 % | SLR1 % | SLR2 % |
+----------------------------+--------+-------+-------+--------+--------+--------+
| CLB                        |  30559 |  9888 |  8872 |  55.60 |  18.31 |  16.43 |
|   CLBL                     |  16031 |  4775 |  4521 |  54.75 |  16.31 |  15.44 |
|   CLBM                     |  14528 |  5113 |  4351 |  56.57 |  20.68 |  17.60 |
| CLB LUTs                   | 141466 | 59439 | 40552 |  32.17 |  13.76 |   9.39 |
|   LUT as Logic             | 107373 | 51555 | 35895 |  24.42 |  11.93 |   8.31 |
|     using O5 output only   |   2010 |   562 |  1102 |   0.46 |   0.13 |   0.26 |
|     using O6 output only   |  73146 | 37442 | 21185 |  16.64 |   8.67 |   4.90 |
|     using O5 and O6        |  32217 | 13551 | 13608 |   7.33 |   3.14 |   3.15 |
|   LUT as Memory            |  34093 |  7884 |  4657 |  16.60 |   3.99 |   2.35 |
|     LUT as Distributed RAM |   7464 |  6551 |  1968 |   3.63 |   3.31 |   1.00 |
|       using O5 output only |      0 |     0 |     0 |   0.00 |   0.00 |   0.00 |
|       using O6 output only |    608 |   221 |    88 |   0.30 |   0.11 |   0.04 |
|       using O5 and O6      |   6856 |  6330 |  1880 |   3.34 |   3.20 |   0.95 |
|     LUT as Shift Register  |  26629 |  1333 |  2689 |  12.96 |   0.67 |   1.36 |
|       using O5 output only |      0 |     0 |     0 |   0.00 |   0.00 |   0.00 |
|       using O6 output only |  22675 |  1333 |  2559 |  11.04 |   0.67 |   1.29 |
|       using O5 and O6      |   3954 |     0 |   130 |   1.92 |   0.00 |   0.07 |
| CLB Registers              | 195041 | 73174 | 69975 |  22.18 |   8.47 |   8.10 |
| CARRY8                     |   2871 |   505 |   313 |   5.22 |   0.94 |   0.58 |
| F7 Muxes                   |  14650 |   652 |  1055 |   6.66 |   0.30 |   0.49 |
| F8 Muxes                   |    110 |   141 |    47 |   0.10 |   0.13 |   0.04 |
| F9 Muxes                   |      0 |     0 |     0 |   0.00 |   0.00 |   0.00 |
| Block RAM Tile             |  400.5 |  93.5 |    94 |  59.60 |  13.91 |  13.99 |
|   RAMB36/FIFO              |    385 |    93 |    92 |  57.29 |  13.84 |  13.69 |
|     RAMB36E2 only          |    385 |    93 |    92 |  57.29 |  13.84 |  13.69 |
|   RAMB18                   |     31 |     1 |     4 |   2.31 |   0.07 |   0.30 |
|     RAMB18E2 only          |     31 |     1 |     4 |   2.31 |   0.07 |   0.30 |
| URAM                       |    288 |     0 |     0 |  90.00 |   0.00 |   0.00 |
| DSPs                       |    138 |     0 |     4 |   4.79 |   0.00 |   0.13 |
| Unique Control Sets        |   5556 |  1998 |  2944 |   5.05 |   1.85 |   2.73 |
+----------------------------+--------+-------+-------+--------+--------+--------+
* Note: Available Control Sets based on CLB Registers / 8


4. SLR IO Utilization
---------------------

+-----------+-----------+---------+------------+----------+------------+----------+-----+
| SLR Index | Used IOBs | (%)IOBs | Used IPADs | (%)IPADs | Used OPADs | (%)OPADs | GTs |
+-----------+-----------+---------+------------+----------+------------+----------+-----+
| SLR2      |        18 |    8.65 |          0 |     0.00 |          0 |     0.00 |   0 |
| SLR1      |         0 |    0.00 |          0 |     0.00 |          0 |     0.00 |   0 |
| SLR0      |       140 |   67.31 |          0 |     0.00 |          0 |     0.00 |  16 |
+-----------+-----------+---------+------------+----------+------------+----------+-----+
| Total     |       158 |         |          0 |          |          0 |          |  16 |
+-----------+-----------+---------+------------+----------+------------+----------+-----+


