Copyright 1986-2021 Xilinx, Inc. All Rights Reserved.
------------------------------------------------------------------------------------------
| Tool Version : Vivado v.2021.2 (lin64) Build 3367213 Tue Oct 19 02:47:39 MDT 2021
| Date         : Mon Nov 25 01:38:25 2024
| Host         : hacchead running 64-bit Ubuntu 20.04.6 LTS
| Command      : report_utilization -slr -file slr_util_routed.rpt -pb slr_util_routed.pb
| Design       : pfm_top_wrapper
| Device       : xcu280-fsvh2892-2L-e
| Speed File   : -2L
| Design State : Routed
------------------------------------------------------------------------------------------

Utilization Design Information

Table of Contents
-----------------
1. SLR Connectivity
2. SLR Connectivity Matrix
3. SLR CLB Logic and Dedicated Block Utilization
4. SLR IO Utilization

1. SLR Connectivity
-------------------

+----------------------------------+-------+-------+-----------+-------+
|                                  |  Used | Fixed | Available | Util% |
+----------------------------------+-------+-------+-----------+-------+
| SLR2 <-> SLR1                    |  8425 |       |     23040 | 36.57 |
|   SLR1 -> SLR2                   |  3995 |       |           | 17.34 |
|     Using TX_REG only            |  1855 |     1 |           |       |
|     Using RX_REG only            |  1872 |    18 |           |       |
|     Using Both TX_REG and RX_REG |  1855 |     1 |           |       |
|   SLR2 -> SLR1                   |  4430 |       |           | 19.23 |
|     Using TX_REG only            |  2659 |     0 |           |       |
|     Using RX_REG only            |  2665 |     4 |           |       |
|     Using Both TX_REG and RX_REG |  2659 |     0 |           |       |
| SLR1 <-> SLR0                    | 11498 |       |     23040 | 49.90 |
|   SLR0 -> SLR1                   |  4943 |       |           | 21.45 |
|     Using TX_REG only            |  3539 |    71 |           |       |
|     Using RX_REG only            |  3530 |    61 |           |       |
|     Using Both TX_REG and RX_REG |  3523 |    55 |           |       |
|   SLR1 -> SLR0                   |  6555 |       |           | 28.45 |
|     Using TX_REG only            |  4937 |    62 |           |       |
|     Using RX_REG only            |  4948 |    71 |           |       |
|     Using Both TX_REG and RX_REG |  4935 |    60 |           |       |
+----------------------------------+-------+-------+-----------+-------+
| Total SLLs Used                  | 19923 |       |           |       |
+----------------------------------+-------+-------+-----------+-------+


2. SLR Connectivity Matrix
--------------------------

+-----------+------+------+------+
| FROM \ TO | SLR2 | SLR1 | SLR0 |
+-----------+------+------+------+
| SLR2      |    0 | 4272 |  158 |
| SLR1      | 3859 |    0 | 6397 |
| SLR0      |  136 | 4807 |    0 |
+-----------+------+------+------+


3. SLR CLB Logic and Dedicated Block Utilization
------------------------------------------------

+----------------------------+--------+--------+--------+--------+--------+--------+
|          Site Type         |  SLR0  |  SLR1  |  SLR2  | SLR0 % | SLR1 % | SLR2 % |
+----------------------------+--------+--------+--------+--------+--------+--------+
| CLB                        |  37756 |  50176 |  49920 |  68.70 |  92.92 |  92.44 |
|   CLBL                     |  19761 |  26914 |  26768 |  67.49 |  91.92 |  91.42 |
|   CLBM                     |  17995 |  23262 |  23152 |  70.07 |  94.10 |  93.66 |
| CLB LUTs                   | 179284 | 263010 | 251820 |  40.78 |  60.88 |  58.29 |
|   LUT as Logic             | 128320 | 196816 | 185005 |  29.18 |  45.56 |  42.83 |
|     using O5 output only   |   1486 |   1542 |   2285 |   0.34 |   0.36 |   0.53 |
|     using O6 output only   |  97828 | 153567 | 139409 |  22.25 |  35.55 |  32.27 |
|     using O5 and O6        |  29006 |  41707 |  43311 |   6.60 |   9.65 |  10.03 |
|   LUT as Memory            |  50964 |  66194 |  66815 |  24.81 |  33.47 |  33.79 |
|     LUT as Distributed RAM |   4440 |   8133 |   5956 |   2.16 |   4.11 |   3.01 |
|       using O5 output only |      0 |      0 |      0 |   0.00 |   0.00 |   0.00 |
|       using O6 output only |     96 |    239 |    108 |   0.05 |   0.12 |   0.05 |
|       using O5 and O6      |   4344 |   7894 |   5848 |   2.11 |   3.99 |   2.96 |
|     LUT as Shift Register  |  46524 |  58061 |  60859 |  22.65 |  29.36 |  30.77 |
|       using O5 output only |      0 |      0 |      0 |   0.00 |   0.00 |   0.00 |
|       using O6 output only |  41817 |  52541 |  55209 |  20.35 |  26.57 |  27.92 |
|       using O5 and O6      |   4707 |   5520 |   5650 |   2.29 |   2.79 |   2.86 |
| CLB Registers              | 233828 | 290537 | 287261 |  26.59 |  33.63 |  33.25 |
| CARRY8                     |   3500 |   5031 |   4871 |   6.37 |   9.32 |   9.02 |
| F7 Muxes                   |  20494 |  27537 |  29494 |   9.32 |  12.75 |  13.65 |
| F8 Muxes                   |     16 |    141 |     47 |   0.01 |   0.13 |   0.04 |
| F9 Muxes                   |      0 |      0 |      0 |   0.00 |   0.00 |   0.00 |
| Block RAM Tile             |   97.5 |  135.5 |    139 |  14.51 |  20.16 |  20.68 |
|   RAMB36/FIFO              |     94 |    132 |    134 |  13.99 |  19.64 |  19.94 |
|     RAMB36E2 only          |     94 |    132 |    134 |  13.99 |  19.64 |  19.94 |
|   RAMB18                   |      7 |      7 |     10 |   0.52 |   0.52 |   0.74 |
|     RAMB18E2 only          |      7 |      7 |     10 |   0.52 |   0.52 |   0.74 |
| URAM                       |    128 |    192 |    192 |  40.00 |  60.00 |  60.00 |
| DSPs                       |    172 |    258 |    262 |   5.97 |   8.40 |   8.53 |
| Unique Control Sets        |   7212 |   9075 |   9485 |   6.56 |   8.40 |   8.78 |
+----------------------------+--------+--------+--------+--------+--------+--------+
* Note: Available Control Sets based on CLB Registers / 8


4. SLR IO Utilization
---------------------

+-----------+-----------+---------+------------+----------+------------+----------+-----+
| SLR Index | Used IOBs | (%)IOBs | Used IPADs | (%)IPADs | Used OPADs | (%)OPADs | GTs |
+-----------+-----------+---------+------------+----------+------------+----------+-----+
| SLR2      |        18 |    8.65 |          0 |     0.00 |          0 |     0.00 |   0 |
| SLR1      |         0 |    0.00 |          0 |     0.00 |          0 |     0.00 |   0 |
| SLR0      |         1 |    0.48 |          0 |     0.00 |          0 |     0.00 |  16 |
+-----------+-----------+---------+------------+----------+------------+----------+-----+
| Total     |        19 |         |          0 |          |          0 |          |  16 |
+-----------+-----------+---------+------------+----------+------------+----------+-----+


