Copyright 1986-2021 Xilinx, Inc. All Rights Reserved.
------------------------------------------------------------------------------------------
| Tool Version : Vivado v.2021.2 (lin64) Build 3367213 Tue Oct 19 02:47:39 MDT 2021
| Date         : Sat Dec  7 13:35:10 2024
| Host         : hacc-gpu0 running 64-bit Ubuntu 20.04.6 LTS
| Command      : report_utilization -slr -file slr_util_routed.rpt -pb slr_util_routed.pb
| Design       : pfm_top_wrapper
| Device       : xcu280-fsvh2892-2L-e
| Speed File   : -2L
| Design State : Routed
------------------------------------------------------------------------------------------

Utilization Design Information

Table of Contents
-----------------
1. SLR Connectivity
2. SLR Connectivity Matrix
3. SLR CLB Logic and Dedicated Block Utilization
4. SLR IO Utilization

1. SLR Connectivity
-------------------

+----------------------------------+-------+-------+-----------+-------+
|                                  |  Used | Fixed | Available | Util% |
+----------------------------------+-------+-------+-----------+-------+
| SLR2 <-> SLR1                    |  8422 |       |     23040 | 36.55 |
|   SLR1 -> SLR2                   |  3996 |       |           | 17.34 |
|     Using TX_REG only            |  1855 |     1 |           |       |
|     Using RX_REG only            |  1872 |    18 |           |       |
|     Using Both TX_REG and RX_REG |  1855 |     1 |           |       |
|   SLR2 -> SLR1                   |  4426 |       |           | 19.21 |
|     Using TX_REG only            |  2659 |     0 |           |       |
|     Using RX_REG only            |  2664 |     4 |           |       |
|     Using Both TX_REG and RX_REG |  2659 |     0 |           |       |
| SLR1 <-> SLR0                    | 11507 |       |     23040 | 49.94 |
|   SLR0 -> SLR1                   |  4951 |       |           | 21.49 |
|     Using TX_REG only            |  3539 |    71 |           |       |
|     Using RX_REG only            |  3531 |    61 |           |       |
|     Using Both TX_REG and RX_REG |  3523 |    55 |           |       |
|   SLR1 -> SLR0                   |  6556 |       |           | 28.45 |
|     Using TX_REG only            |  4937 |    62 |           |       |
|     Using RX_REG only            |  4950 |    71 |           |       |
|     Using Both TX_REG and RX_REG |  4935 |    60 |           |       |
+----------------------------------+-------+-------+-----------+-------+
| Total SLLs Used                  | 19929 |       |           |       |
+----------------------------------+-------+-------+-----------+-------+


2. SLR Connectivity Matrix
--------------------------

+-----------+------+------+------+
| FROM \ TO | SLR2 | SLR1 | SLR0 |
+-----------+------+------+------+
| SLR2      |    0 | 4268 |  158 |
| SLR1      | 3860 |    0 | 6398 |
| SLR0      |  136 | 4815 |    0 |
+-----------+------+------+------+


3. SLR CLB Logic and Dedicated Block Utilization
------------------------------------------------

+----------------------------+--------+--------+--------+--------+--------+--------+
|          Site Type         |  SLR0  |  SLR1  |  SLR2  | SLR0 % | SLR1 % | SLR2 % |
+----------------------------+--------+--------+--------+--------+--------+--------+
| CLB                        |  46080 |  53417 |  52987 |  83.84 |  98.92 |  98.12 |
|   CLBL                     |  24061 |  28956 |  28584 |  82.18 |  98.89 |  97.62 |
|   CLBM                     |  22019 |  24461 |  24403 |  85.74 |  98.95 |  98.72 |
| CLB LUTs                   | 195465 | 289380 | 276408 |  44.46 |  66.99 |  63.98 |
|   LUT as Logic             | 147644 | 227914 | 214321 |  33.58 |  52.76 |  49.61 |
|     using O5 output only   |   1571 |   1578 |   2301 |   0.36 |   0.37 |   0.53 |
|     using O6 output only   |  97263 | 156668 | 138961 |  22.12 |  36.27 |  32.17 |
|     using O5 and O6        |  48810 |  69668 |  73059 |  11.10 |  16.13 |  16.91 |
|   LUT as Memory            |  47821 |  61466 |  62087 |  23.28 |  31.08 |  31.40 |
|     LUT as Distributed RAM |   4440 |   8133 |   5956 |   2.16 |   4.11 |   3.01 |
|       using O5 output only |      0 |      0 |      0 |   0.00 |   0.00 |   0.00 |
|       using O6 output only |     96 |    239 |    108 |   0.05 |   0.12 |   0.05 |
|       using O5 and O6      |   4344 |   7894 |   5848 |   2.11 |   3.99 |   2.96 |
|     LUT as Shift Register  |  43381 |  53333 |  56131 |  21.12 |  26.97 |  28.38 |
|       using O5 output only |      0 |      0 |      0 |   0.00 |   0.00 |   0.00 |
|       using O6 output only |  39070 |  48407 |  51075 |  19.02 |  24.48 |  25.83 |
|       using O5 and O6      |   4311 |   4926 |   5056 |   2.10 |   2.49 |   2.56 |
| CLB Registers              | 284896 | 368177 | 364284 |  32.40 |  42.61 |  42.16 |
| CARRY8                     |   4826 |   7017 |   6857 |   8.78 |  12.99 |  12.70 |
| F7 Muxes                   |  19246 |  25405 |  27362 |   8.75 |  11.76 |  12.67 |
| F8 Muxes                   |     16 |    141 |     47 |   0.01 |   0.13 |   0.04 |
| F9 Muxes                   |      0 |      0 |      0 |   0.00 |   0.00 |   0.00 |
| Block RAM Tile             |  321.5 |  471.5 |    475 |  47.84 |  70.16 |  70.68 |
|   RAMB36/FIFO              |    318 |    468 |    470 |  47.32 |  69.64 |  69.94 |
|     RAMB36E2 only          |    318 |    468 |    470 |  47.32 |  69.64 |  69.94 |
|   RAMB18                   |      7 |      7 |     10 |   0.52 |   0.52 |   0.74 |
|     RAMB18E2 only          |      7 |      7 |     10 |   0.52 |   0.52 |   0.74 |
| URAM                       |    128 |    192 |    192 |  40.00 |  60.00 |  60.00 |
| DSPs                       |    620 |    930 |    934 |  21.53 |  30.27 |  30.40 |
| Unique Control Sets        |   5941 |   7222 |   7282 |   5.40 |   6.69 |   6.74 |
+----------------------------+--------+--------+--------+--------+--------+--------+
* Note: Available Control Sets based on CLB Registers / 8


4. SLR IO Utilization
---------------------

+-----------+-----------+---------+------------+----------+------------+----------+-----+
| SLR Index | Used IOBs | (%)IOBs | Used IPADs | (%)IPADs | Used OPADs | (%)OPADs | GTs |
+-----------+-----------+---------+------------+----------+------------+----------+-----+
| SLR2      |        18 |    8.65 |          0 |     0.00 |          0 |     0.00 |   0 |
| SLR1      |         0 |    0.00 |          0 |     0.00 |          0 |     0.00 |   0 |
| SLR0      |         1 |    0.48 |          0 |     0.00 |          0 |     0.00 |  16 |
+-----------+-----------+---------+------------+----------+------------+----------+-----+
| Total     |        19 |         |          0 |          |          0 |          |  16 |
+-----------+-----------+---------+------------+----------+------------+----------+-----+


