Copyright 1986-2021 Xilinx, Inc. All Rights Reserved.
------------------------------------------------------------------------------------------
| Tool Version : Vivado v.2021.2 (lin64) Build 3367213 Tue Oct 19 02:47:39 MDT 2021
| Date         : Sun Dec  1 10:14:22 2024
| Host         : hacc-gpu0 running 64-bit Ubuntu 20.04.6 LTS
| Command      : report_utilization -slr -file slr_util_routed.rpt -pb slr_util_routed.pb
| Design       : pfm_top_wrapper
| Device       : xcu280-fsvh2892-2L-e
| Speed File   : -2L
| Design State : Routed
------------------------------------------------------------------------------------------

Utilization Design Information

Table of Contents
-----------------
1. SLR Connectivity
2. SLR Connectivity Matrix
3. SLR CLB Logic and Dedicated Block Utilization
4. SLR IO Utilization

1. SLR Connectivity
-------------------

+----------------------------------+-------+-------+-----------+-------+
|                                  |  Used | Fixed | Available | Util% |
+----------------------------------+-------+-------+-----------+-------+
| SLR2 <-> SLR1                    |  8423 |       |     23040 | 36.56 |
|   SLR1 -> SLR2                   |  3997 |       |           | 17.35 |
|     Using TX_REG only            |  1855 |     1 |           |       |
|     Using RX_REG only            |  1872 |    18 |           |       |
|     Using Both TX_REG and RX_REG |  1855 |     1 |           |       |
|   SLR2 -> SLR1                   |  4426 |       |           | 19.21 |
|     Using TX_REG only            |  2659 |     0 |           |       |
|     Using RX_REG only            |  2664 |     4 |           |       |
|     Using Both TX_REG and RX_REG |  2659 |     0 |           |       |
| SLR1 <-> SLR0                    | 12222 |       |     23040 | 53.05 |
|   SLR0 -> SLR1                   |  5376 |       |           | 23.33 |
|     Using TX_REG only            |  3539 |    71 |           |       |
|     Using RX_REG only            |  3529 |    61 |           |       |
|     Using Both TX_REG and RX_REG |  3523 |    55 |           |       |
|   SLR1 -> SLR0                   |  6846 |       |           | 29.71 |
|     Using TX_REG only            |  4937 |    62 |           |       |
|     Using RX_REG only            |  4950 |    71 |           |       |
|     Using Both TX_REG and RX_REG |  4935 |    60 |           |       |
+----------------------------------+-------+-------+-----------+-------+
| Total SLLs Used                  | 20645 |       |           |       |
+----------------------------------+-------+-------+-----------+-------+


2. SLR Connectivity Matrix
--------------------------

+-----------+------+------+------+
| FROM \ TO | SLR2 | SLR1 | SLR0 |
+-----------+------+------+------+
| SLR2      |    0 | 4268 |  158 |
| SLR1      | 3861 |    0 | 6688 |
| SLR0      |  136 | 5240 |    0 |
+-----------+------+------+------+


3. SLR CLB Logic and Dedicated Block Utilization
------------------------------------------------

+----------------------------+--------+--------+--------+--------+--------+--------+
|          Site Type         |  SLR0  |  SLR1  |  SLR2  | SLR0 % | SLR1 % | SLR2 % |
+----------------------------+--------+--------+--------+--------+--------+--------+
| CLB                        |  38472 |  51787 |  50825 |  70.00 |  95.90 |  94.12 |
|   CLBL                     |  20135 |  27891 |  27292 |  68.77 |  95.26 |  93.21 |
|   CLBM                     |  18337 |  23896 |  23533 |  71.41 |  96.67 |  95.20 |
| CLB LUTs                   | 186786 | 264453 | 250669 |  42.48 |  61.22 |  58.03 |
|   LUT as Logic             | 152039 | 223471 | 209066 |  34.58 |  51.73 |  48.39 |
|     using O5 output only   |   1635 |   1863 |   2641 |   0.37 |   0.43 |   0.61 |
|     using O6 output only   | 107127 | 150231 | 132761 |  24.36 |  34.78 |  30.73 |
|     using O5 and O6        |  43277 |  71377 |  73664 |   9.84 |  16.52 |  17.05 |
|   LUT as Memory            |  34747 |  40982 |  41603 |  16.91 |  20.72 |  21.04 |
|     LUT as Distributed RAM |   4890 |   8133 |   5956 |   2.38 |   4.11 |   3.01 |
|       using O5 output only |      0 |      0 |      0 |   0.00 |   0.00 |   0.00 |
|       using O6 output only |     98 |    239 |    108 |   0.05 |   0.12 |   0.05 |
|       using O5 and O6      |   4792 |   7894 |   5848 |   2.33 |   3.99 |   2.96 |
|     LUT as Shift Register  |  29857 |  32849 |  35647 |  14.53 |  16.61 |  18.03 |
|       using O5 output only |      1 |      0 |      0 |  <0.01 |   0.00 |   0.00 |
|       using O6 output only |  25433 |  27971 |  30639 |  12.38 |  14.14 |  15.49 |
|       using O5 and O6      |   4423 |   4878 |   5008 |   2.15 |   2.47 |   2.53 |
| CLB Registers              | 292403 | 371711 | 362743 |  33.25 |  43.02 |  41.98 |
| CARRY8                     |   4625 |   6717 |   6557 |   8.42 |  12.44 |  12.14 |
| F7 Muxes                   |   5678 |   5057 |   7014 |   2.58 |   2.34 |   3.25 |
| F8 Muxes                   |     16 |    141 |     47 |   0.01 |   0.13 |   0.04 |
| F9 Muxes                   |      0 |      0 |      0 |   0.00 |   0.00 |   0.00 |
| Block RAM Tile             |    355 |    481 |    475 |  52.83 |  71.58 |  70.68 |
|   RAMB36/FIFO              |    351 |    477 |    470 |  52.23 |  70.98 |  69.94 |
|     RAMB36E2 only          |    351 |    477 |    470 |  52.23 |  70.98 |  69.94 |
|   RAMB18                   |      8 |      8 |     10 |   0.60 |   0.60 |   0.74 |
|     RAMB18E2 only          |      8 |      8 |     10 |   0.60 |   0.60 |   0.74 |
| URAM                       |     64 |     96 |     96 |  20.00 |  30.00 |  30.00 |
| DSPs                       |    620 |    930 |    934 |  21.53 |  30.27 |  30.40 |
| Unique Control Sets        |   5874 |   6861 |   7303 |   5.34 |   6.35 |   6.76 |
+----------------------------+--------+--------+--------+--------+--------+--------+
* Note: Available Control Sets based on CLB Registers / 8


4. SLR IO Utilization
---------------------

+-----------+-----------+---------+------------+----------+------------+----------+-----+
| SLR Index | Used IOBs | (%)IOBs | Used IPADs | (%)IPADs | Used OPADs | (%)OPADs | GTs |
+-----------+-----------+---------+------------+----------+------------+----------+-----+
| SLR2      |        18 |    8.65 |          0 |     0.00 |          0 |     0.00 |   0 |
| SLR1      |         0 |    0.00 |          0 |     0.00 |          0 |     0.00 |   0 |
| SLR0      |         1 |    0.48 |          0 |     0.00 |          0 |     0.00 |  16 |
+-----------+-----------+---------+------------+----------+------------+----------+-----+
| Total     |        19 |         |          0 |          |          0 |          |  16 |
+-----------+-----------+---------+------------+----------+------------+----------+-----+


