Copyright 1986-2021 Xilinx, Inc. All Rights Reserved.
---------------------------------------------------------------------------------------------------------------------------------------------------------------------------------------------------------------------------------------------------------------------------------------------------------------------------------------------------
| Tool Version : Vivado v.2021.2 (lin64) Build 3367213 Tue Oct 19 02:47:39 MDT 2021
| Date         : Thu Nov  7 21:39:33 2024
| Host         : hacc-gpu0 running 64-bit Ubuntu 20.04.6 LTS
| Command      : report_accelerator_utilization -kernels { krnl_vaddmul:pfm_top_i/dynamic_region/krnl_vaddmul_1/inst:krnl_vaddmul_1 krnl_vaddmul:pfm_top_i/dynamic_region/krnl_vaddmul_2/inst:krnl_vaddmul_2 krnl_vaddmul:pfm_top_i/dynamic_region/krnl_vaddmul_3/inst:krnl_vaddmul_3} -file kernel_util_routed.rpt -name kernel_util_routed -json
| Design       : pfm_top_wrapper
| Device       : xcu280
| Design State : Routed
---------------------------------------------------------------------------------------------------------------------------------------------------------------------------------------------------------------------------------------------------------------------------------------------------------------------------------------------------

Accelerator Utilization Design Information

Table of Contents
-----------------
1. System Utilization

1. System Utilization
---------------------

+---------------------+-------------------+------------------+-------------------+----------------+---------------+----------------+
| Name                | LUT               | LUTAsMem         | REG               | BRAM           | URAM          | DSP            |
+---------------------+-------------------+------------------+-------------------+----------------+---------------+----------------+
| Platform            |  109167 [  8.38%] |  13234 [  2.20%] |  162664 [  6.24%] |  204 [ 10.12%] |   0 [  0.00%] |    4 [  0.04%] |
| User Budget         | 1193553 [100.00%] | 587246 [100.00%] | 2444696 [100.00%] | 1812 [100.00%] | 960 [100.00%] | 9020 [100.00%] |
|    Used Resources   |   67938 [  5.69%] |   3249 [  0.55%] |   77164 [  3.16%] |   90 [  4.97%] |   0 [  0.00%] |   69 [  0.76%] |
|    Unused Resources | 1125615 [ 94.31%] | 583997 [ 99.45%] | 2367532 [ 96.84%] | 1722 [ 95.03%] | 960 [100.00%] | 8951 [ 99.24%] |
| krnl_vaddmul        |   67938 [  5.69%] |   3249 [  0.55%] |   77164 [  3.16%] |   90 [  4.97%] |   0 [  0.00%] |   69 [  0.76%] |
|    krnl_vaddmul_1   |   22637 [  1.90%] |   1083 [  0.18%] |   25678 [  1.05%] |   30 [  1.66%] |   0 [  0.00%] |   23 [  0.25%] |
|    krnl_vaddmul_2   |   22640 [  1.90%] |   1083 [  0.18%] |   25718 [  1.05%] |   30 [  1.66%] |   0 [  0.00%] |   23 [  0.25%] |
|    krnl_vaddmul_3   |   22661 [  1.90%] |   1083 [  0.18%] |   25768 [  1.05%] |   30 [  1.66%] |   0 [  0.00%] |   23 [  0.25%] |
+---------------------+-------------------+------------------+-------------------+----------------+---------------+----------------+


