Copyright 1986-2021 Xilinx, Inc. All Rights Reserved.
-----------------------------------------------------------------------------------------------------------------------------------------------------------------------------------------------------------------------------------------------------------------------------------------------------------------------------------------------------
| Tool Version : Vivado v.2021.2 (lin64) Build 3367213 Tue Oct 19 02:47:39 MDT 2021
| Date         : Mon Nov  4 07:04:11 2024
| Host         : hacc-gpu0 running 64-bit Ubuntu 20.04.6 LTS
| Command      : report_accelerator_utilization -kernels { krnl_vaddmul:pfm_top_i/dynamic_region/krnl_vaddmul_1/inst:krnl_vaddmul_1 krnl_vaddmul:pfm_top_i/dynamic_region/krnl_vaddmul_2/inst:krnl_vaddmul_2 krnl_vaddmul:pfm_top_i/dynamic_region/krnl_vaddmul_3/inst:krnl_vaddmul_3} -file kernel_util_synthed.rpt -name kernel_util_synthed -json
| Design       : pfm_top_wrapper
| Device       : xcu280
| Design State : Synthesized
-----------------------------------------------------------------------------------------------------------------------------------------------------------------------------------------------------------------------------------------------------------------------------------------------------------------------------------------------------

Accelerator Utilization Design Information

Table of Contents
-----------------
1. System Utilization

1. System Utilization
---------------------

+---------------------+-------------------+------------------+-------------------+----------------+---------------+----------------+
| Name                | LUT               | LUTAsMem         | REG               | BRAM           | URAM          | DSP            |
+---------------------+-------------------+------------------+-------------------+----------------+---------------+----------------+
| Platform            |  150836 [ 11.58%] |  28072 [  4.67%] |  217640 [  8.35%] |  204 [ 10.12%] |   0 [  0.00%] |    4 [  0.04%] |
| User Budget         | 1151884 [100.00%] | 572408 [100.00%] | 2389720 [100.00%] | 1812 [100.00%] | 960 [100.00%] | 9020 [100.00%] |
|    Used Resources   |   41904 [  3.64%] |  18870 [  3.30%] |   69363 [  2.90%] |  186 [ 10.26%] |   0 [  0.00%] |   24 [  0.27%] |
|    Unused Resources | 1109980 [ 96.36%] | 553538 [ 96.70%] | 2320357 [ 97.10%] | 1626 [ 89.74%] | 960 [100.00%] | 8996 [ 99.73%] |
| krnl_vaddmul        |   41904 [  3.64%] |  18870 [  3.30%] |   69363 [  2.90%] |  186 [ 10.26%] |   0 [  0.00%] |   24 [  0.27%] |
|    krnl_vaddmul_1   |   13968 [  1.21%] |   6290 [  1.10%] |   23121 [  0.97%] |   62 [  3.42%] |   0 [  0.00%] |    8 [  0.09%] |
|    krnl_vaddmul_2   |   13968 [  1.21%] |   6290 [  1.10%] |   23121 [  0.97%] |   62 [  3.42%] |   0 [  0.00%] |    8 [  0.09%] |
|    krnl_vaddmul_3   |   13968 [  1.21%] |   6290 [  1.10%] |   23121 [  0.97%] |   62 [  3.42%] |   0 [  0.00%] |    8 [  0.09%] |
+---------------------+-------------------+------------------+-------------------+----------------+---------------+----------------+


