Copyright 1986-2021 Xilinx, Inc. All Rights Reserved.
-----------------------------------------------------------------------------------------------------------------------------------------------------------------------------------------------------------------------------------------------------------------------------------------------------------------------------------------------------------------------------------------------------------------------------------------------------------------------------------------------------
| Tool Version : Vivado v.2021.2 (lin64) Build 3367213 Tue Oct 19 02:47:39 MDT 2021
| Date         : Wed Nov 20 15:53:31 2024
| Host         : hacc-gpu0 running 64-bit Ubuntu 20.04.6 LTS
| Command      : report_accelerator_utilization -kernels { krnl_vaddmul:pfm_top_i/dynamic_region/krnl_vaddmul_1/inst:krnl_vaddmul_1 krnl_vaddmul:pfm_top_i/dynamic_region/krnl_vaddmul_2/inst:krnl_vaddmul_2 krnl_vaddmul:pfm_top_i/dynamic_region/krnl_vaddmul_3/inst:krnl_vaddmul_3 krnl_vaddmul:pfm_top_i/dynamic_region/krnl_vaddmul_4/inst:krnl_vaddmul_4 krnl_vaddmul:pfm_top_i/dynamic_region/krnl_vaddmul_5/inst:krnl_vaddmul_5} -file kernel_util_routed.rpt -name kernel_util_routed -json
| Design       : pfm_top_wrapper
| Device       : xcu280
| Design State : Routed
-----------------------------------------------------------------------------------------------------------------------------------------------------------------------------------------------------------------------------------------------------------------------------------------------------------------------------------------------------------------------------------------------------------------------------------------------------------------------------------------------------

Accelerator Utilization Design Information

Table of Contents
-----------------
1. System Utilization

1. System Utilization
---------------------

+---------------------+-------------------+------------------+-------------------+----------------+---------------+----------------+
| Name                | LUT               | LUTAsMem         | REG               | BRAM           | URAM          | DSP            |
+---------------------+-------------------+------------------+-------------------+----------------+---------------+----------------+
| Platform            |  133335 [ 10.24%] |  23664 [  3.94%] |  200851 [  7.70%] |  204 [ 10.12%] |   0 [  0.00%] |    4 [  0.04%] |
| User Budget         | 1169385 [100.00%] | 576816 [100.00%] | 2406509 [100.00%] | 1812 [100.00%] | 960 [100.00%] | 9020 [100.00%] |
|    Used Resources   |  128347 [ 10.98%] |   9135 [  1.58%] |  150035 [  6.23%] |  230 [ 12.69%] |   0 [  0.00%] |  420 [  4.66%] |
|    Unused Resources | 1041038 [ 89.02%] | 567681 [ 98.42%] | 2256474 [ 93.77%] | 1582 [ 87.31%] | 960 [100.00%] | 8600 [ 95.34%] |
| krnl_vaddmul        |  128347 [ 10.98%] |   9135 [  1.58%] |  150035 [  6.23%] |  230 [ 12.69%] |   0 [  0.00%] |  420 [  4.66%] |
|    krnl_vaddmul_1   |   25475 [  2.18%] |   1827 [  0.32%] |   29619 [  1.23%] |   46 [  2.54%] |   0 [  0.00%] |   84 [  0.93%] |
|    krnl_vaddmul_2   |   25469 [  2.18%] |   1827 [  0.32%] |   29371 [  1.22%] |   46 [  2.54%] |   0 [  0.00%] |   84 [  0.93%] |
|    krnl_vaddmul_3   |   25641 [  2.19%] |   1827 [  0.32%] |   31278 [  1.30%] |   46 [  2.54%] |   0 [  0.00%] |   84 [  0.93%] |
|    krnl_vaddmul_4   |   26054 [  2.23%] |   1827 [  0.32%] |   30349 [  1.26%] |   46 [  2.54%] |   0 [  0.00%] |   84 [  0.93%] |
|    krnl_vaddmul_5   |   25708 [  2.20%] |   1827 [  0.32%] |   29418 [  1.22%] |   46 [  2.54%] |   0 [  0.00%] |   84 [  0.93%] |
+---------------------+-------------------+------------------+-------------------+----------------+---------------+----------------+


