Copyright 1986-2021 Xilinx, Inc. All Rights Reserved.
-------------------------------------------------------------------------------------------------------------------------------------------------------------------------------------------------------------------------------------------------------------------------------------------------------------------------------------------------------------------------------------------------------------------------------------------------------------------------------------------------------
| Tool Version : Vivado v.2021.2 (lin64) Build 3367213 Tue Oct 19 02:47:39 MDT 2021
| Date         : Wed Nov 20 11:59:04 2024
| Host         : hacc-gpu0 running 64-bit Ubuntu 20.04.6 LTS
| Command      : report_accelerator_utilization -kernels { krnl_vaddmul:pfm_top_i/dynamic_region/krnl_vaddmul_1/inst:krnl_vaddmul_1 krnl_vaddmul:pfm_top_i/dynamic_region/krnl_vaddmul_2/inst:krnl_vaddmul_2 krnl_vaddmul:pfm_top_i/dynamic_region/krnl_vaddmul_3/inst:krnl_vaddmul_3 krnl_vaddmul:pfm_top_i/dynamic_region/krnl_vaddmul_4/inst:krnl_vaddmul_4 krnl_vaddmul:pfm_top_i/dynamic_region/krnl_vaddmul_5/inst:krnl_vaddmul_5} -file kernel_util_synthed.rpt -name kernel_util_synthed -json
| Design       : pfm_top_wrapper
| Device       : xcu280
| Design State : Synthesized
-------------------------------------------------------------------------------------------------------------------------------------------------------------------------------------------------------------------------------------------------------------------------------------------------------------------------------------------------------------------------------------------------------------------------------------------------------------------------------------------------------

Accelerator Utilization Design Information

Table of Contents
-----------------
1. System Utilization

1. System Utilization
---------------------

+---------------------+-------------------+------------------+-------------------+----------------+---------------+----------------+
| Name                | LUT               | LUTAsMem         | REG               | BRAM           | URAM          | DSP            |
+---------------------+-------------------+------------------+-------------------+----------------+---------------+----------------+
| Platform            |  160139 [ 12.29%] |  32377 [  5.39%] |  234987 [  9.01%] |  204 [ 10.12%] |   0 [  0.00%] |    4 [  0.04%] |
| User Budget         | 1142581 [100.00%] | 568103 [100.00%] | 2372373 [100.00%] | 1812 [100.00%] | 960 [100.00%] | 9020 [100.00%] |
|    Used Resources   |  136500 [ 11.95%] |  16585 [  2.92%] |  147420 [  6.21%] |  230 [ 12.69%] |   0 [  0.00%] |  420 [  4.66%] |
|    Unused Resources | 1006081 [ 88.05%] | 551518 [ 97.08%] | 2224953 [ 93.79%] | 1582 [ 87.31%] | 960 [100.00%] | 8600 [ 95.34%] |
| krnl_vaddmul        |  136500 [ 11.95%] |  16585 [  2.92%] |  147420 [  6.21%] |  230 [ 12.69%] |   0 [  0.00%] |  420 [  4.66%] |
|    krnl_vaddmul_1   |   27300 [  2.39%] |   3317 [  0.58%] |   29484 [  1.24%] |   46 [  2.54%] |   0 [  0.00%] |   84 [  0.93%] |
|    krnl_vaddmul_2   |   27300 [  2.39%] |   3317 [  0.58%] |   29484 [  1.24%] |   46 [  2.54%] |   0 [  0.00%] |   84 [  0.93%] |
|    krnl_vaddmul_3   |   27300 [  2.39%] |   3317 [  0.58%] |   29484 [  1.24%] |   46 [  2.54%] |   0 [  0.00%] |   84 [  0.93%] |
|    krnl_vaddmul_4   |   27300 [  2.39%] |   3317 [  0.58%] |   29484 [  1.24%] |   46 [  2.54%] |   0 [  0.00%] |   84 [  0.93%] |
|    krnl_vaddmul_5   |   27300 [  2.39%] |   3317 [  0.58%] |   29484 [  1.24%] |   46 [  2.54%] |   0 [  0.00%] |   84 [  0.93%] |
+---------------------+-------------------+------------------+-------------------+----------------+---------------+----------------+


