Copyright 1986-2021 Xilinx, Inc. All Rights Reserved.
------------------------------------------------------------------------------------------
| Tool Version : Vivado v.2021.2 (lin64) Build 3367213 Tue Oct 19 02:47:39 MDT 2021
| Date         : Wed Nov  6 09:38:30 2024
| Host         : hacc-gpu0 running 64-bit Ubuntu 20.04.6 LTS
| Command      : report_utilization -slr -file slr_util_routed.rpt -pb slr_util_routed.pb
| Design       : pfm_top_wrapper
| Device       : xcu280-fsvh2892-2L-e
| Speed File   : -2L
| Design State : Routed
------------------------------------------------------------------------------------------

Utilization Design Information

Table of Contents
-----------------
1. SLR Connectivity
2. SLR Connectivity Matrix
3. SLR CLB Logic and Dedicated Block Utilization
4. SLR IO Utilization

1. SLR Connectivity
-------------------

+----------------------------------+------+-------+-----------+-------+
|                                  | Used | Fixed | Available | Util% |
+----------------------------------+------+-------+-----------+-------+
| SLR2 <-> SLR1                    | 3980 |       |     23040 | 17.27 |
|   SLR1 -> SLR2                   | 2099 |       |           |  9.11 |
|     Using TX_REG only            |  267 |     1 |           |       |
|     Using RX_REG only            |  284 |    18 |           |       |
|     Using Both TX_REG and RX_REG |  267 |     1 |           |       |
|   SLR2 -> SLR1                   | 1881 |       |           |  8.16 |
|     Using TX_REG only            |  407 |     0 |           |       |
|     Using RX_REG only            |  412 |     4 |           |       |
|     Using Both TX_REG and RX_REG |  407 |     0 |           |       |
| SLR1 <-> SLR0                    | 2539 |       |     23040 | 11.02 |
|   SLR0 -> SLR1                   | 1139 |       |           |  4.94 |
|     Using TX_REG only            |  371 |    71 |           |       |
|     Using RX_REG only            |  361 |    61 |           |       |
|     Using Both TX_REG and RX_REG |  355 |    55 |           |       |
|   SLR1 -> SLR0                   | 1400 |       |           |  6.08 |
|     Using TX_REG only            |  437 |    62 |           |       |
|     Using RX_REG only            |  448 |    71 |           |       |
|     Using Both TX_REG and RX_REG |  435 |    60 |           |       |
+----------------------------------+------+-------+-----------+-------+
| Total SLLs Used                  | 6519 |       |           |       |
+----------------------------------+------+-------+-----------+-------+


2. SLR Connectivity Matrix
--------------------------

+-----------+------+------+------+
| FROM \ TO | SLR2 | SLR1 | SLR0 |
+-----------+------+------+------+
| SLR2      |    0 | 1721 |  160 |
| SLR1      | 1964 |    0 | 1240 |
| SLR0      |  135 | 1004 |    0 |
+-----------+------+------+------+


3. SLR CLB Logic and Dedicated Block Utilization
------------------------------------------------

+----------------------------+--------+-------+-------+--------+--------+--------+
|          Site Type         |  SLR0  |  SLR1 |  SLR2 | SLR0 % | SLR1 % | SLR2 % |
+----------------------------+--------+-------+-------+--------+--------+--------+
| CLB                        |  19963 |  6757 |  8030 |  36.32 |  12.51 |  14.87 |
|   CLBL                     |  10249 |  3407 |  4185 |  35.00 |  11.64 |  14.29 |
|   CLBM                     |   9714 |  3350 |  3845 |  37.83 |  13.55 |  15.55 |
| CLB LUTs                   |  80908 | 47666 | 35362 |  18.40 |  11.03 |   8.19 |
|   LUT as Logic             |  67438 | 43694 | 32322 |  15.34 |  10.11 |   7.48 |
|     using O5 output only   |   1332 |   290 |  1004 |   0.30 |   0.07 |   0.23 |
|     using O6 output only   |  45869 | 34263 | 19507 |  10.43 |   7.93 |   4.52 |
|     using O5 and O6        |  20237 |  9141 | 11811 |   4.60 |   2.12 |   2.73 |
|   LUT as Memory            |  13470 |  3972 |  3040 |   6.56 |   2.01 |   1.54 |
|     LUT as Distributed RAM |   7192 |  3837 |  1660 |   3.50 |   1.94 |   0.84 |
|       using O5 output only |      0 |     0 |     0 |   0.00 |   0.00 |   0.00 |
|       using O6 output only |    104 |   215 |    84 |   0.05 |   0.11 |   0.04 |
|       using O5 and O6      |   7088 |  3622 |  1576 |   3.45 |   1.83 |   0.80 |
|     LUT as Shift Register  |   6278 |   135 |  1380 |   3.06 |   0.07 |   0.70 |
|       using O5 output only |      0 |     0 |     0 |   0.00 |   0.00 |   0.00 |
|       using O6 output only |   3588 |   135 |  1250 |   1.75 |   0.07 |   0.63 |
|       using O5 and O6      |   2690 |     0 |   130 |   1.31 |   0.00 |   0.07 |
| CLB Registers              | 138868 | 46336 | 60915 |  15.79 |   5.36 |   7.05 |
| CARRY8                     |   1402 |   473 |   313 |   2.55 |   0.88 |   0.58 |
| F7 Muxes                   |   1169 |   651 |  1054 |   0.53 |   0.30 |   0.49 |
| F8 Muxes                   |     16 |   141 |    47 |   0.01 |   0.13 |   0.04 |
| F9 Muxes                   |      0 |     0 |     0 |   0.00 |   0.00 |   0.00 |
| Block RAM Tile             |  122.5 |  80.5 |    94 |  18.23 |  11.98 |  13.99 |
|   RAMB36/FIFO              |    118 |    80 |    92 |  17.56 |  11.90 |  13.69 |
|     RAMB36E2 only          |    118 |    80 |    92 |  17.56 |  11.90 |  13.69 |
|   RAMB18                   |      9 |     1 |     4 |   0.67 |   0.07 |   0.30 |
|     RAMB18E2 only          |      9 |     1 |     4 |   0.67 |   0.07 |   0.30 |
| URAM                       |      0 |     0 |     0 |   0.00 |   0.00 |   0.00 |
| DSPs                       |     78 |     0 |     4 |   2.71 |   0.00 |   0.13 |
| Unique Control Sets        |   3635 |  1505 |  2723 |   3.31 |   1.39 |   2.52 |
+----------------------------+--------+-------+-------+--------+--------+--------+
* Note: Available Control Sets based on CLB Registers / 8


4. SLR IO Utilization
---------------------

+-----------+-----------+---------+------------+----------+------------+----------+-----+
| SLR Index | Used IOBs | (%)IOBs | Used IPADs | (%)IPADs | Used OPADs | (%)OPADs | GTs |
+-----------+-----------+---------+------------+----------+------------+----------+-----+
| SLR2      |        18 |    8.65 |          0 |     0.00 |          0 |     0.00 |   0 |
| SLR1      |         0 |    0.00 |          0 |     0.00 |          0 |     0.00 |   0 |
| SLR0      |         1 |    0.48 |          0 |     0.00 |          0 |     0.00 |  16 |
+-----------+-----------+---------+------------+----------+------------+----------+-----+
| Total     |        19 |         |          0 |          |          0 |          |  16 |
+-----------+-----------+---------+------------+----------+------------+----------+-----+


