Copyright 1986-2021 Xilinx, Inc. All Rights Reserved.
-----------------------------------------------------------------------------------------------------------------------------------------------------------------------------------------------------------------------------------------------------------------------------------------------------------------------------------------------------------------------------------------------------------------------------------------------------------------------------------------------------
| Tool Version : Vivado v.2021.2 (lin64) Build 3367213 Tue Oct 19 02:47:39 MDT 2021
| Date         : Fri Nov 22 01:58:59 2024
| Host         : hacc-gpu0 running 64-bit Ubuntu 20.04.6 LTS
| Command      : report_accelerator_utilization -kernels { krnl_vaddmul:pfm_top_i/dynamic_region/krnl_vaddmul_1/inst:krnl_vaddmul_1 krnl_vaddmul:pfm_top_i/dynamic_region/krnl_vaddmul_2/inst:krnl_vaddmul_2 krnl_vaddmul:pfm_top_i/dynamic_region/krnl_vaddmul_3/inst:krnl_vaddmul_3 krnl_vaddmul:pfm_top_i/dynamic_region/krnl_vaddmul_4/inst:krnl_vaddmul_4 krnl_vaddmul:pfm_top_i/dynamic_region/krnl_vaddmul_5/inst:krnl_vaddmul_5} -file kernel_util_placed.rpt -name kernel_util_placed -json
| Design       : pfm_top_wrapper
| Device       : xcu280
| Design State : Fully Placed
-----------------------------------------------------------------------------------------------------------------------------------------------------------------------------------------------------------------------------------------------------------------------------------------------------------------------------------------------------------------------------------------------------------------------------------------------------------------------------------------------------

Accelerator Utilization Design Information

Table of Contents
-----------------
1. System Utilization

1. System Utilization
---------------------

+---------------------+-------------------+------------------+-------------------+----------------+---------------+----------------+
| Name                | LUT               | LUTAsMem         | REG               | BRAM           | URAM          | DSP            |
+---------------------+-------------------+------------------+-------------------+----------------+---------------+----------------+
| Platform            |  146712 [ 11.26%] |  30624 [  5.10%] |  227401 [  8.72%] |  204 [ 10.12%] |   0 [  0.00%] |    4 [  0.04%] |
| User Budget         | 1156008 [100.00%] | 569856 [100.00%] | 2379959 [100.00%] | 1812 [100.00%] | 960 [100.00%] | 9020 [100.00%] |
|    Used Resources   |  330381 [ 28.58%] |  20985 [  3.68%] |  492361 [ 20.69%] |  450 [ 24.83%] |   0 [  0.00%] |   20 [  0.22%] |
|    Unused Resources |  825627 [ 71.42%] | 548871 [ 96.32%] | 1887598 [ 79.31%] | 1362 [ 75.17%] | 960 [100.00%] | 9000 [ 99.78%] |
| krnl_vaddmul        |  330381 [ 28.58%] |  20985 [  3.68%] |  492361 [ 20.69%] |  450 [ 24.83%] |   0 [  0.00%] |   20 [  0.22%] |
|    krnl_vaddmul_1   |   66075 [  5.72%] |   4197 [  0.74%] |   98490 [  4.14%] |   90 [  4.97%] |   0 [  0.00%] |    4 [  0.04%] |
|    krnl_vaddmul_2   |   66082 [  5.72%] |   4197 [  0.74%] |   98424 [  4.14%] |   90 [  4.97%] |   0 [  0.00%] |    4 [  0.04%] |
|    krnl_vaddmul_3   |   66066 [  5.72%] |   4197 [  0.74%] |   98507 [  4.14%] |   90 [  4.97%] |   0 [  0.00%] |    4 [  0.04%] |
|    krnl_vaddmul_4   |   66076 [  5.72%] |   4197 [  0.74%] |   98467 [  4.14%] |   90 [  4.97%] |   0 [  0.00%] |    4 [  0.04%] |
|    krnl_vaddmul_5   |   66082 [  5.72%] |   4197 [  0.74%] |   98473 [  4.14%] |   90 [  4.97%] |   0 [  0.00%] |    4 [  0.04%] |
+---------------------+-------------------+------------------+-------------------+----------------+---------------+----------------+


