Copyright 1986-2021 Xilinx, Inc. All Rights Reserved.
------------------------------------------------------------------------------------------------------------------------------------------------------------------------------------
| Tool Version : Vivado v.2021.2 (lin64) Build 3367213 Tue Oct 19 02:47:39 MDT 2021
| Date         : Thu Dec  5 01:44:43 2024
| Host         : hacc-gpu0 running 64-bit Ubuntu 20.04.6 LTS
| Command      : report_accelerator_utilization -kernels { overlay:pfm_top_i/dynamic_region/overlay_1/inst:overlay_1} -file kernel_util_synthed.rpt -name kernel_util_synthed -json
| Design       : pfm_top_wrapper
| Device       : xcu280
| Design State : Synthesized
------------------------------------------------------------------------------------------------------------------------------------------------------------------------------------

Accelerator Utilization Design Information

Table of Contents
-----------------
1. System Utilization

1. System Utilization
---------------------

+---------------------+-------------------+------------------+-------------------+----------------+---------------+----------------+
| Name                | LUT               | LUTAsMem         | REG               | BRAM           | URAM          | DSP            |
+---------------------+-------------------+------------------+-------------------+----------------+---------------+----------------+
| Platform            |  191404 [ 14.69%] |  29052 [  4.84%] |  277572 [ 10.65%] |  303 [ 15.03%] |   0 [  0.00%] |    7 [  0.08%] |
| User Budget         | 1111316 [100.00%] | 571428 [100.00%] | 2329788 [100.00%] | 1713 [100.00%] | 960 [100.00%] | 9017 [100.00%] |
|    Used Resources   |  229328 [ 20.64%] |  77614 [ 13.58%] |  235224 [ 10.10%] |  353 [ 20.61%] | 384 [ 40.00%] |  387 [  4.29%] |
|    Unused Resources |  881988 [ 79.36%] | 493814 [ 86.42%] | 2094564 [ 89.90%] | 1360 [ 79.39%] | 576 [ 60.00%] | 8630 [ 95.71%] |
| overlay             |  229328 [ 20.64%] |  77614 [ 13.58%] |  235224 [ 10.10%] |  353 [ 20.61%] | 384 [ 40.00%] |  387 [  4.29%] |
|    overlay_1        |  229328 [ 20.64%] |  77614 [ 13.58%] |  235224 [ 10.10%] |  353 [ 20.61%] | 384 [ 40.00%] |  387 [  4.29%] |
+---------------------+-------------------+------------------+-------------------+----------------+---------------+----------------+


