Copyright 1986-2021 Xilinx, Inc. All Rights Reserved.
--------------------------------------------------------------------------------------------------------------------------------------------------------------------------------------------------------------------------------------------------------------------------------------------------------------------------------------------------------------------------------------------------------------------------------------------------------------------------------------------------------------------------------------------------------------------------------------------------------------------------------------------------------------------------------------------------------------------------------
| Tool Version : Vivado v.2021.2 (lin64) Build 3367213 Tue Oct 19 02:47:39 MDT 2021
| Date         : Fri Oct 18 20:52:57 2024
| Host         : hacc-gpu0 running 64-bit Ubuntu 20.04.6 LTS
| Command      : report_accelerator_utilization -kernels { krnl_vaddmul:pfm_top_i/dynamic_region/krnl_vaddmul_1/inst:krnl_vaddmul_1 krnl_vaddmul:pfm_top_i/dynamic_region/krnl_vaddmul_2/inst:krnl_vaddmul_2 krnl_vaddmul:pfm_top_i/dynamic_region/krnl_vaddmul_3/inst:krnl_vaddmul_3 krnl_vaddmul:pfm_top_i/dynamic_region/krnl_vaddmul_4/inst:krnl_vaddmul_4 krnl_vaddmul:pfm_top_i/dynamic_region/krnl_vaddmul_5/inst:krnl_vaddmul_5 krnl_vaddmul:pfm_top_i/dynamic_region/krnl_vaddmul_6/inst:krnl_vaddmul_6 krnl_vaddmul:pfm_top_i/dynamic_region/krnl_vaddmul_7/inst:krnl_vaddmul_7 krnl_vaddmul:pfm_top_i/dynamic_region/krnl_vaddmul_8/inst:krnl_vaddmul_8} -file kernel_util_placed.rpt -name kernel_util_placed -json
| Design       : pfm_top_wrapper
| Device       : xcu280
| Design State : Fully Placed
--------------------------------------------------------------------------------------------------------------------------------------------------------------------------------------------------------------------------------------------------------------------------------------------------------------------------------------------------------------------------------------------------------------------------------------------------------------------------------------------------------------------------------------------------------------------------------------------------------------------------------------------------------------------------------------------------------------------------------

Accelerator Utilization Design Information

Table of Contents
-----------------
1. System Utilization

1. System Utilization
---------------------

+---------------------+-------------------+------------------+-------------------+----------------+---------------+----------------+
| Name                | LUT               | LUTAsMem         | REG               | BRAM           | URAM          | DSP            |
+---------------------+-------------------+------------------+-------------------+----------------+---------------+----------------+
| Platform            |  182185 [ 13.98%] |  46835 [  7.80%] |  298215 [ 11.44%] |  204 [ 10.12%] |   0 [  0.00%] |    4 [  0.04%] |
| User Budget         | 1120535 [100.00%] | 553645 [100.00%] | 2309145 [100.00%] | 1812 [100.00%] | 960 [100.00%] | 9020 [100.00%] |
|    Used Resources   |  101316 [  9.04%] |  24680 [  4.46%] |  243950 [ 10.56%] |  720 [ 39.74%] |   0 [  0.00%] |  800 [  8.87%] |
|    Unused Resources | 1019219 [ 90.96%] | 528965 [ 95.54%] | 2065195 [ 89.44%] | 1092 [ 60.26%] | 960 [100.00%] | 8220 [ 91.13%] |
| krnl_vaddmul        |  101316 [  9.04%] |  24680 [  4.46%] |  243950 [ 10.56%] |  720 [ 39.74%] |   0 [  0.00%] |  800 [  8.87%] |
|    krnl_vaddmul_1   |   12668 [  1.13%] |   3085 [  0.56%] |   30528 [  1.32%] |   90 [  4.97%] |   0 [  0.00%] |  100 [  1.11%] |
|    krnl_vaddmul_2   |   12649 [  1.13%] |   3085 [  0.56%] |   30499 [  1.32%] |   90 [  4.97%] |   0 [  0.00%] |  100 [  1.11%] |
|    krnl_vaddmul_3   |   12639 [  1.13%] |   3085 [  0.56%] |   30506 [  1.32%] |   90 [  4.97%] |   0 [  0.00%] |  100 [  1.11%] |
|    krnl_vaddmul_4   |   12644 [  1.13%] |   3085 [  0.56%] |   30527 [  1.32%] |   90 [  4.97%] |   0 [  0.00%] |  100 [  1.11%] |
|    krnl_vaddmul_5   |   12657 [  1.13%] |   3085 [  0.56%] |   30504 [  1.32%] |   90 [  4.97%] |   0 [  0.00%] |  100 [  1.11%] |
|    krnl_vaddmul_6   |   12665 [  1.13%] |   3085 [  0.56%] |   30419 [  1.32%] |   90 [  4.97%] |   0 [  0.00%] |  100 [  1.11%] |
|    krnl_vaddmul_7   |   12685 [  1.13%] |   3085 [  0.56%] |   30467 [  1.32%] |   90 [  4.97%] |   0 [  0.00%] |  100 [  1.11%] |
|    krnl_vaddmul_8   |   12709 [  1.13%] |   3085 [  0.56%] |   30500 [  1.32%] |   90 [  4.97%] |   0 [  0.00%] |  100 [  1.11%] |
+---------------------+-------------------+------------------+-------------------+----------------+---------------+----------------+


