Copyright 1986-2021 Xilinx, Inc. All Rights Reserved.
----------------------------------------------------------------------------------------------------------------------------------------------------------------------------------------------------------------------------------------------------------------------------------------------------------------------------------------------------------------------------------------------------------------------------
| Tool Version : Vivado v.2021.2 (lin64) Build 3367213 Tue Oct 19 02:47:39 MDT 2021
| Date         : Tue Nov 12 07:49:51 2024
| Host         : hacc-gpu0 running 64-bit Ubuntu 20.04.6 LTS
| Command      : report_accelerator_utilization -kernels { krnl_vaddmul:pfm_top_i/dynamic_region/krnl_vaddmul_1/inst:krnl_vaddmul_1 krnl_vaddmul:pfm_top_i/dynamic_region/krnl_vaddmul_2/inst:krnl_vaddmul_2 krnl_vaddmul:pfm_top_i/dynamic_region/krnl_vaddmul_3/inst:krnl_vaddmul_3 krnl_vaddmul:pfm_top_i/dynamic_region/krnl_vaddmul_4/inst:krnl_vaddmul_4} -file kernel_util_routed.rpt -name kernel_util_routed -json
| Design       : pfm_top_wrapper
| Device       : xcu280
| Design State : Routed
----------------------------------------------------------------------------------------------------------------------------------------------------------------------------------------------------------------------------------------------------------------------------------------------------------------------------------------------------------------------------------------------------------------------------

Accelerator Utilization Design Information

Table of Contents
-----------------
1. System Utilization

1. System Utilization
---------------------

+---------------------+-------------------+------------------+-------------------+----------------+---------------+----------------+
| Name                | LUT               | LUTAsMem         | REG               | BRAM           | URAM          | DSP            |
+---------------------+-------------------+------------------+-------------------+----------------+---------------+----------------+
| Platform            |  128867 [  9.89%] |  18358 [  3.06%] |  192622 [  7.39%] |  204 [ 10.12%] |   0 [  0.00%] |    4 [  0.04%] |
| User Budget         | 1173853 [100.00%] | 582122 [100.00%] | 2414738 [100.00%] | 1812 [100.00%] | 960 [100.00%] | 9020 [100.00%] |
|    Used Resources   |   52964 [  4.51%] |   5912 [  1.02%] |   77618 [  3.21%] |  124 [  6.84%] |   0 [  0.00%] |  152 [  1.69%] |
|    Unused Resources | 1120889 [ 95.49%] | 576210 [ 98.98%] | 2337120 [ 96.79%] | 1688 [ 93.16%] | 960 [100.00%] | 8868 [ 98.31%] |
| krnl_vaddmul        |   52964 [  4.51%] |   5912 [  1.02%] |   77618 [  3.21%] |  124 [  6.84%] |   0 [  0.00%] |  152 [  1.69%] |
|    krnl_vaddmul_1   |   13388 [  1.14%] |   1478 [  0.25%] |   20056 [  0.83%] |   31 [  1.71%] |   0 [  0.00%] |   38 [  0.42%] |
|    krnl_vaddmul_2   |   13273 [  1.13%] |   1478 [  0.25%] |   19353 [  0.80%] |   31 [  1.71%] |   0 [  0.00%] |   38 [  0.42%] |
|    krnl_vaddmul_3   |   13129 [  1.12%] |   1478 [  0.25%] |   19060 [  0.79%] |   31 [  1.71%] |   0 [  0.00%] |   38 [  0.42%] |
|    krnl_vaddmul_4   |   13174 [  1.12%] |   1478 [  0.25%] |   19149 [  0.79%] |   31 [  1.71%] |   0 [  0.00%] |   38 [  0.42%] |
+---------------------+-------------------+------------------+-------------------+----------------+---------------+----------------+


